Archive member included to satisfy reference by file (symbol)

lcd/Pico_code/Pico_code/c/lib/LCD/libLCD.a(LCD_1in3.c.obj)
                              CMakeFiles/pico-invrerter.dir/main.c.obj (LCD_1IN3_Init)
lcd/Pico_code/Pico_code/c/lib/Infrared/libInfrared.a(Infrared.c.obj)
                              CMakeFiles/pico-invrerter.dir/main.c.obj (SET_Infrared_PIN)
lcd/Pico_code/Pico_code/c/lib/GUI/libGUI.a(GUI_Paint.c.obj)
                              CMakeFiles/pico-invrerter.dir/main.c.obj (Paint_NewImage)
lcd/Pico_code/Pico_code/c/lib/Fonts/libFonts.a(font20.c.obj)
                              CMakeFiles/pico-invrerter.dir/main.c.obj (Font20)
lcd/Pico_code/Pico_code/c/lib/Config/libConfig.a(DEV_Config.c.obj)
                              lcd/Pico_code/Pico_code/c/lib/LCD/libLCD.a(LCD_1in3.c.obj) (DEV_Digital_Write)
/usr/lib/gcc/arm-none-eabi/10.3.1/thumb/v6-m/nofp/libgcc.a(_dvmd_tls.o)
                              CMakeFiles/pico-invrerter.dir/_deps/pico_sdk-src/src/rp2_common/pico_divider/divider_hardware.S.obj (__aeabi_idiv0)
/usr/lib/gcc/arm-none-eabi/10.3.1/../../../arm-none-eabi/lib/thumb/v6-m/nofp/libg.a(lib_a-atexit.o)
                              /usr/lib/gcc/arm-none-eabi/10.3.1/../../../arm-none-eabi/lib/thumb/v6-m/nofp/crt0.o (atexit)
/usr/lib/gcc/arm-none-eabi/10.3.1/../../../arm-none-eabi/lib/thumb/v6-m/nofp/libg.a(lib_a-calloc.o)
                              CMakeFiles/pico-invrerter.dir/_deps/pico_sdk-src/src/rp2_common/pico_malloc/malloc.c.obj (calloc)
/usr/lib/gcc/arm-none-eabi/10.3.1/../../../arm-none-eabi/lib/thumb/v6-m/nofp/libg.a(lib_a-callocr.o)
                              /usr/lib/gcc/arm-none-eabi/10.3.1/../../../arm-none-eabi/lib/thumb/v6-m/nofp/libg.a(lib_a-calloc.o) (_calloc_r)
/usr/lib/gcc/arm-none-eabi/10.3.1/../../../arm-none-eabi/lib/thumb/v6-m/nofp/libg.a(lib_a-fini.o)
                              /usr/lib/gcc/arm-none-eabi/10.3.1/../../../arm-none-eabi/lib/thumb/v6-m/nofp/crt0.o (__libc_fini_array)
/usr/lib/gcc/arm-none-eabi/10.3.1/../../../arm-none-eabi/lib/thumb/v6-m/nofp/libg.a(lib_a-impure.o)
                              /usr/lib/gcc/arm-none-eabi/10.3.1/../../../arm-none-eabi/lib/thumb/v6-m/nofp/libg.a(lib_a-calloc.o) (_impure_ptr)
/usr/lib/gcc/arm-none-eabi/10.3.1/../../../arm-none-eabi/lib/thumb/v6-m/nofp/libg.a(lib_a-init.o)
                              /usr/lib/gcc/arm-none-eabi/10.3.1/../../../arm-none-eabi/lib/thumb/v6-m/nofp/crt0.o (__libc_init_array)
/usr/lib/gcc/arm-none-eabi/10.3.1/../../../arm-none-eabi/lib/thumb/v6-m/nofp/libg.a(lib_a-lcltime_r.o)
                              CMakeFiles/pico-invrerter.dir/_deps/pico_sdk-src/src/common/pico_util/datetime.c.obj (localtime_r)
/usr/lib/gcc/arm-none-eabi/10.3.1/../../../arm-none-eabi/lib/thumb/v6-m/nofp/libg.a(lib_a-malloc.o)
                              CMakeFiles/pico-invrerter.dir/_deps/pico_sdk-src/src/rp2_common/pico_malloc/malloc.c.obj (malloc)
/usr/lib/gcc/arm-none-eabi/10.3.1/../../../arm-none-eabi/lib/thumb/v6-m/nofp/libg.a(lib_a-mallocr.o)
                              /usr/lib/gcc/arm-none-eabi/10.3.1/../../../arm-none-eabi/lib/thumb/v6-m/nofp/libg.a(lib_a-callocr.o) (_malloc_r)
/usr/lib/gcc/arm-none-eabi/10.3.1/../../../arm-none-eabi/lib/thumb/v6-m/nofp/libg.a(lib_a-memcmp.o)
                              CMakeFiles/pico-invrerter.dir/_deps/pico_sdk-src/src/rp2_common/pico_atomic/atomic.c.obj (memcmp)
/usr/lib/gcc/arm-none-eabi/10.3.1/../../../arm-none-eabi/lib/thumb/v6-m/nofp/libg.a(lib_a-mktime.o)
                              CMakeFiles/pico-invrerter.dir/_deps/pico_sdk-src/src/common/pico_util/datetime.c.obj (mktime)
/usr/lib/gcc/arm-none-eabi/10.3.1/../../../arm-none-eabi/lib/thumb/v6-m/nofp/libg.a(lib_a-mlock.o)
                              /usr/lib/gcc/arm-none-eabi/10.3.1/../../../arm-none-eabi/lib/thumb/v6-m/nofp/libg.a(lib_a-mallocr.o) (__malloc_lock)
/usr/lib/gcc/arm-none-eabi/10.3.1/../../../arm-none-eabi/lib/thumb/v6-m/nofp/libg.a(lib_a-month_lengths.o)
                              /usr/lib/gcc/arm-none-eabi/10.3.1/../../../arm-none-eabi/lib/thumb/v6-m/nofp/libg.a(lib_a-lcltime_r.o) (__month_lengths)
/usr/lib/gcc/arm-none-eabi/10.3.1/../../../arm-none-eabi/lib/thumb/v6-m/nofp/libg.a(lib_a-realloc.o)
                              CMakeFiles/pico-invrerter.dir/_deps/pico_sdk-src/src/rp2_common/pico_malloc/malloc.c.obj (realloc)
/usr/lib/gcc/arm-none-eabi/10.3.1/../../../arm-none-eabi/lib/thumb/v6-m/nofp/libg.a(lib_a-reallocr.o)
                              /usr/lib/gcc/arm-none-eabi/10.3.1/../../../arm-none-eabi/lib/thumb/v6-m/nofp/libg.a(lib_a-realloc.o) (_realloc_r)
/usr/lib/gcc/arm-none-eabi/10.3.1/../../../arm-none-eabi/lib/thumb/v6-m/nofp/libg.a(lib_a-sbrkr.o)
                              /usr/lib/gcc/arm-none-eabi/10.3.1/../../../arm-none-eabi/lib/thumb/v6-m/nofp/libg.a(lib_a-mallocr.o) (_sbrk_r)
/usr/lib/gcc/arm-none-eabi/10.3.1/../../../arm-none-eabi/lib/thumb/v6-m/nofp/libg.a(lib_a-strlen-stub.o)
[...]
Memory Configuration

Name             Origin             Length             Attributes
FLASH            0x0000000010000000 0x0000000000200000 xr
RAM              0x0000000020000000 0x0000000000040000 xrw
SCRATCH_X        0x0000000020040000 0x0000000000001000 xrw
SCRATCH_Y        0x0000000020041000 0x0000000000001000 xrw
*default*        0x0000000000000000 0xffffffffffffffff

Linker script and memory map

LOAD /usr/lib/gcc/arm-none-eabi/10.3.1/thumb/v6-m/nofp/crti.o
LOAD /usr/lib/gcc/arm-none-eabi/10.3.1/thumb/v6-m/nofp/crtbegin.o
LOAD /usr/lib/gcc/arm-none-eabi/10.3.1/../../../arm-none-eabi/lib/thumb/v6-m/nofp/crt0.o

.flash_begin    0x0000000010000000        0x0
                0x0000000010000000                __flash_binary_start = .

.boot2          0x0000000010000000      0x100
                0x0000000010000000                __boot2_start__ = .
 *(.boot2)
 .boot2         0x0000000010000000      0x100 /tmp/ccBeINJ8.o
                0x0000000010000100                __boot2_end__ = .
                0x0000000000000001                ASSERT (((__boot2_end__ - __boot2_start__) == 0x100), ERROR: Pico second stage bootloader must be 256 bytes in size)

.text           0x0000000010000100     0x5b38
                0x0000000010000100                __logical_binary_start = .
 *(.vectors)
 .vectors       0x0000000010000100       0xd4 CMakeFiles/pico-invrerter.dir/_deps/pico_sdk-src/src/rp2_common/pico_crt0/crt0.S.obj
                0x0000000010000100                __vectors
                0x0000000010000100                __VECTOR_TABLE
                0x00000000100001c0                isr_invalid
                0x00000000100001c0                __default_isrs_start
                0x00000000100001c2                isr_nmi
                0x00000000100001c4                isr_hardfault
                0x00000000100001c6                isr_svcall
                0x00000000100001c8                isr_pendsv
                0x00000000100001ca                isr_systick
                0x00000000100001cc                isr_irq30
                0x00000000100001cc                __unhandled_user_irq
                0x00000000100001cc                isr_irq13
                0x00000000100001cc                isr_irq27
                0x00000000100001cc                isr_irq31
                0x00000000100001cc                isr_irq5
                0x00000000100001cc                isr_irq11
                0x00000000100001cc                isr_irq23
                0x00000000100001cc                isr_irq18
                0x00000000100001cc                isr_irq28
                0x00000000100001cc                isr_irq19
                0x00000000100001cc                isr_irq0
                0x00000000100001cc                isr_irq6
                0x00000000100001cc                isr_irq22
                0x00000000100001cc                isr_irq17
                0x00000000100001cc                isr_irq14
                0x00000000100001cc                isr_irq2
                0x00000000100001cc                isr_irq10
                0x00000000100001cc                isr_irq8
                0x00000000100001cc                isr_irq24
                0x00000000100001cc                isr_irq1
                0x00000000100001cc                isr_irq7
                0x00000000100001cc                isr_irq21
                0x00000000100001cc                isr_irq20
                0x00000000100001cc                isr_irq15
                0x00000000100001cc                isr_irq25
                0x00000000100001cc                isr_irq4
                0x00000000100001cc                isr_irq16
                0x00000000100001cc                isr_irq29
                0x00000000100001cc                isr_irq26
                0x00000000100001cc                __default_isrs_end
                0x00000000100001cc                isr_irq3
                0x00000000100001cc                isr_irq12
                0x00000000100001cc                isr_irq9
                0x00000000100001d2                unhandled_user_irq_num_in_r0
 *(.binary_info_header)
 .binary_info_header
                0x00000000100001d4       0x14 CMakeFiles/pico-invrerter.dir/_deps/pico_sdk-src/src/rp2_common/pico_crt0/crt0.S.obj
                0x00000000100001e8                __binary_info_header_end = .
 *(.embedded_block)
                0x00000000100001e8                __embedded_block_end = .
 *(.reset)
 .reset         0x00000000100001e8       0x9c CMakeFiles/pico-invrerter.dir/_deps/pico_sdk-src/src/rp2_common/pico_crt0/crt0.S.obj
                0x00000000100001e8                _entry_point
 *(.init)
 .init          0x0000000010000284        0x4 /usr/lib/gcc/arm-none-eabi/10.3.1/thumb/v6-m/nofp/crti.o
                0x0000000010000284                _init
 *(EXCLUDE_FILE(*libm.a: *libc.a:*lib_a-mem*.o *libgcc.a:) .text*)
 .text          0x0000000010000288       0x98 /usr/lib/gcc/arm-none-eabi/10.3.1/thumb/v6-m/nofp/crtbegin.o
 .text.cre1     0x0000000010000320      0x4b8 CMakeFiles/pico-invrerter.dir/main.c.obj
                0x0000000010000320                cre1
 .text.main     0x00000000100007d8       0x24 CMakeFiles/pico-invrerter.dir/main.c.obj
                0x00000000100007d8                main
 .text.gpio_set_function
                0x00000000100007fc       0x34 CMakeFiles/pico-invrerter.dir/_deps/pico_sdk-src/src/rp2_common/hardware_gpio/gpio.c.obj
                0x00000000100007fc                gpio_set_function
 .text.gpio_set_pulls
                0x0000000010000830       0x38 CMakeFiles/pico-invrerter.dir/_deps/pico_sdk-src/src/rp2_common/hardware_gpio/gpio.c.obj
                0x0000000010000830                gpio_set_pulls
 .text.gpio_init
                0x0000000010000868       0x16 CMakeFiles/pico-invrerter.dir/_deps/pico_sdk-src/src/rp2_common/hardware_gpio/gpio.c.obj
                0x0000000010000868                gpio_init
 *fill*         0x000000001000087e        0x2 
 .text.panic    0x0000000010000880       0x30 CMakeFiles/pico-invrerter.dir/_deps/pico_sdk-src/src/rp2_common/pico_platform_panic/panic.c.obj
                0x0000000010000880                panic
 .text.hw_claim_lock
                0x00000000100008b0       0x18 CMakeFiles/pico-invrerter.dir/_deps/pico_sdk-src/src/common/hardware_claim/claim.c.obj
                0x00000000100008b0                hw_claim_lock
 .text.hw_claim_unlock
                0x00000000100008c8       0x14 CMakeFiles/pico-invrerter.dir/_deps/pico_sdk-src/src/common/hardware_claim/claim.c.obj
                0x00000000100008c8                hw_claim_unlock
 .text.hw_claim_or_assert
                0x00000000100008dc       0x32 CMakeFiles/pico-invrerter.dir/_deps/pico_sdk-src/src/common/hardware_claim/claim.c.obj
                0x00000000100008dc                hw_claim_or_assert
 *fill*         0x000000001000090e        0x2 
 .text.next_striped_spin_lock_num
                0x0000000010000910       0x1c CMakeFiles/pico-invrerter.dir/_deps/pico_sdk-src/src/rp2_common/hardware_sync/sync.c.obj
                0x0000000010000910                next_striped_spin_lock_num
 .text.spin_locks_reset
                0x000000001000092c       0x20 CMakeFiles/pico-invrerter.dir/_deps/pico_sdk-src/src/rp2_common/hardware_sync_spin_lock/sync_spin_lock.c.obj
                0x000000001000092c                spin_locks_reset
 .text.set_raw_irq_handler_and_unlock
                0x000000001000094c       0x28 CMakeFiles/pico-invrerter.dir/_deps/pico_sdk-src/src/rp2_common/hardware_irq/irq.c.obj
 .text.nvic_ipr0
                0x0000000010000974        0x8 CMakeFiles/pico-invrerter.dir/_deps/pico_sdk-src/src/rp2_common/hardware_irq/irq.c.obj
 .text.runtime_init_per_core_irq_priorities
                0x000000001000097c       0x1c CMakeFiles/pico-invrerter.dir/_deps/pico_sdk-src/src/rp2_common/hardware_irq/irq.c.obj
                0x000000001000097c                runtime_init_per_core_irq_priorities
 .text.make_j_16
                0x0000000010000998       0x4c CMakeFiles/pico-invrerter.dir/_deps/pico_sdk-src/src/rp2_common/hardware_irq/irq.c.obj
 .text.insert_bl_32
                0x00000000100009e4       0x40 CMakeFiles/pico-invrerter.dir/_deps/pico_sdk-src/src/rp2_common/hardware_irq/irq.c.obj
 .text.irq_is_enabled
                0x0000000010000a24       0x18 CMakeFiles/pico-invrerter.dir/_deps/pico_sdk-src/src/rp2_common/hardware_irq/irq.c.obj
                0x0000000010000a24                irq_is_enabled
 .text.irq_set_mask_n_enabled
                0x0000000010000a3c       0x1c CMakeFiles/pico-invrerter.dir/_deps/pico_sdk-src/src/rp2_common/hardware_irq/irq.c.obj
                0x0000000010000a3c                irq_set_mask_n_enabled
 .text.irq_set_enabled
                0x0000000010000a58       0x14 CMakeFiles/pico-invrerter.dir/_deps/pico_sdk-src/src/rp2_common/hardware_irq/irq.c.obj
                0x0000000010000a58                irq_set_enabled
 .text.irq_get_vtable_handler
                0x0000000010000a6c       0x10 CMakeFiles/pico-invrerter.dir/_deps/pico_sdk-src/src/rp2_common/hardware_irq/irq.c.obj
                0x0000000010000a6c                irq_get_vtable_handler
 .text.irq_set_exclusive_handler
                0x0000000010000a7c       0x54 CMakeFiles/pico-invrerter.dir/_deps/pico_sdk-src/src/rp2_common/hardware_irq/irq.c.obj
                0x0000000010000a7c                irq_set_exclusive_handler
 .text.irq_remove_handler
                0x0000000010000ad0      0x1b0 CMakeFiles/pico-invrerter.dir/_deps/pico_sdk-src/src/rp2_common/hardware_irq/irq.c.obj
                0x0000000010000ad0                irq_remove_handler
 .text.irq_add_tail_to_free_list
                0x0000000010000c80       0xf4 CMakeFiles/pico-invrerter.dir/_deps/pico_sdk-src/src/rp2_common/hardware_irq/irq.c.obj
                0x0000000010000c80                irq_add_tail_to_free_list
 .text.lock_init
                0x0000000010000d74       0x10 CMakeFiles/pico-invrerter.dir/_deps/pico_sdk-src/src/common/pico_sync/lock_core.c.obj
                0x0000000010000d74                lock_init
 .text.mutex_init
                0x0000000010000d84       0x1a CMakeFiles/pico-invrerter.dir/_deps/pico_sdk-src/src/common/pico_sync/mutex.c.obj
                0x0000000010000d84                mutex_init
 .text.recursive_mutex_init
                0x0000000010000d9e       0x1e CMakeFiles/pico-invrerter.dir/_deps/pico_sdk-src/src/common/pico_sync/mutex.c.obj
                0x0000000010000d9e                recursive_mutex_init
 .text.runtime_init_mutex
                0x0000000010000dbc       0x4c CMakeFiles/pico-invrerter.dir/_deps/pico_sdk-src/src/common/pico_sync/mutex.c.obj
                0x0000000010000dbc                runtime_init_mutex
 .text.make_alarm_id
                0x0000000010000e08        0x6 CMakeFiles/pico-invrerter.dir/_deps/pico_sdk-src/src/common/pico_time/time.c.obj
 *fill*         0x0000000010000e0e        0x2 
 .text.sleep_until_callback
                0x0000000010000e10       0x30 CMakeFiles/pico-invrerter.dir/_deps/pico_sdk-src/src/common/pico_time/time.c.obj
 .text.alarm_pool_irq_handler
                0x0000000010000e40      0x2e4 CMakeFiles/pico-invrerter.dir/_deps/pico_sdk-src/src/common/pico_time/time.c.obj
 .text.alarm_pool_post_alloc_init
                0x0000000010001124       0x94 CMakeFiles/pico-invrerter.dir/_deps/pico_sdk-src/src/common/pico_time/time.c.obj
 .text.alarm_pool_get_default
                0x00000000100011b8       0x2c CMakeFiles/pico-invrerter.dir/_deps/pico_sdk-src/src/common/pico_time/time.c.obj
                0x00000000100011b8                alarm_pool_get_default
 .text.alarm_pool_add_alarm_at_force_in_context
                0x00000000100011e4       0xb0 CMakeFiles/pico-invrerter.dir/_deps/pico_sdk-src/src/common/pico_time/time.c.obj
                0x00000000100011e4                alarm_pool_add_alarm_at_force_in_context
 .text.alarm_pool_add_alarm_at
                0x0000000010001294       0x3c CMakeFiles/pico-invrerter.dir/_deps/pico_sdk-src/src/common/pico_time/time.c.obj
                0x0000000010001294                alarm_pool_add_alarm_at
 .text.alarm_pool_cancel_alarm
                0x00000000100012d0       0x78 CMakeFiles/pico-invrerter.dir/_deps/pico_sdk-src/src/common/pico_time/time.c.obj
                0x00000000100012d0                alarm_pool_cancel_alarm
 .text.sleep_until
                0x0000000010001348       0xc8 CMakeFiles/pico-invrerter.dir/_deps/pico_sdk-src/src/common/pico_time/time.c.obj
                0x0000000010001348                sleep_until
 .text.sleep_us
                0x0000000010001410       0x24 CMakeFiles/pico-invrerter.dir/_deps/pico_sdk-src/src/common/pico_time/time.c.obj
                0x0000000010001410                sleep_us
 .text.sleep_ms
                0x0000000010001434       0x14 CMakeFiles/pico-invrerter.dir/_deps/pico_sdk-src/src/common/pico_time/time.c.obj
                0x0000000010001434                sleep_ms
 .text.best_effort_wfe_or_timeout
                0x0000000010001448       0xd8 CMakeFiles/pico-invrerter.dir/_deps/pico_sdk-src/src/common/pico_time/time.c.obj
                0x0000000010001448                best_effort_wfe_or_timeout
 .text.alarm_pool_get_default_timer
                0x0000000010001520        0x8 CMakeFiles/pico-invrerter.dir/_deps/pico_sdk-src/src/common/pico_time/time.c.obj
                0x0000000010001520                alarm_pool_get_default_timer
 .text.runtime_init_default_alarm_pool
                0x0000000010001528       0x38 CMakeFiles/pico-invrerter.dir/_deps/pico_sdk-src/src/common/pico_time/time.c.obj
                0x0000000010001528                runtime_init_default_alarm_pool
 .text.timer_hardware_alarm_claim
                0x0000000010001560       0x14 CMakeFiles/pico-invrerter.dir/_deps/pico_sdk-src/src/rp2_common/hardware_timer/timer.c.obj
                0x0000000010001560                timer_hardware_alarm_claim
 .text.timer_time_us_64
                0x0000000010001574       0x10 CMakeFiles/pico-invrerter.dir/_deps/pico_sdk-src/src/rp2_common/hardware_timer/timer.c.obj
                0x0000000010001574                timer_time_us_64
 .text.timer_busy_wait_until
                0x0000000010001584       0x1a CMakeFiles/pico-invrerter.dir/_deps/pico_sdk-src/src/rp2_common/hardware_timer/timer.c.obj
                0x0000000010001584                timer_busy_wait_until
 .text.timer_busy_wait_us
                0x000000001000159e       0x38 CMakeFiles/pico-invrerter.dir/_deps/pico_sdk-src/src/rp2_common/hardware_timer/timer.c.obj
                0x000000001000159e                timer_busy_wait_us
 *fill*         0x00000000100015d6        0x2 
 .text.time_us_64
                0x00000000100015d8       0x10 CMakeFiles/pico-invrerter.dir/_deps/pico_sdk-src/src/rp2_common/hardware_timer/timer.c.obj
                0x00000000100015d8                time_us_64
 .text.busy_wait_us
                0x00000000100015e8       0x14 CMakeFiles/pico-invrerter.dir/_deps/pico_sdk-src/src/rp2_common/hardware_timer/timer.c.obj
                0x00000000100015e8                busy_wait_us
 .text.busy_wait_until
                0x00000000100015fc       0x14 CMakeFiles/pico-invrerter.dir/_deps/pico_sdk-src/src/rp2_common/hardware_timer/timer.c.obj
                0x00000000100015fc                busy_wait_until
 .text.uart_disable_before_lcr_write
                0x0000000010001610       0x48 CMakeFiles/pico-invrerter.dir/_deps/pico_sdk-src/src/rp2_common/hardware_uart/uart.c.obj
 .text.uart_write_lcr_bits_masked
                0x0000000010001658       0x20 CMakeFiles/pico-invrerter.dir/_deps/pico_sdk-src/src/rp2_common/hardware_uart/uart.c.obj
 .text.uart_set_baudrate
                0x0000000010001678       0x5c CMakeFiles/pico-invrerter.dir/_deps/pico_sdk-src/src/rp2_common/hardware_uart/uart.c.obj
                0x0000000010001678                uart_set_baudrate
 .text.uart_set_translate_crlf
                0x00000000100016d4       0x28 CMakeFiles/pico-invrerter.dir/_deps/pico_sdk-src/src/rp2_common/hardware_uart/uart.c.obj
                0x00000000100016d4                uart_set_translate_crlf
 .text.uart_init
                0x00000000100016fc       0x84 CMakeFiles/pico-invrerter.dir/_deps/pico_sdk-src/src/rp2_common/hardware_uart/uart.c.obj
                0x00000000100016fc                uart_init
 .text.clock_configure_internal
                0x0000000010001780       0xc4 CMakeFiles/pico-invrerter.dir/_deps/pico_sdk-src/src/rp2_common/hardware_clocks/clocks.c.obj
 .text.clock_configure_int_divider
                0x0000000010001844       0x28 CMakeFiles/pico-invrerter.dir/_deps/pico_sdk-src/src/rp2_common/hardware_clocks/clocks.c.obj
                0x0000000010001844                clock_configure_int_divider
 .text.clock_configure_undivided
                0x000000001000186c       0x12 CMakeFiles/pico-invrerter.dir/_deps/pico_sdk-src/src/rp2_common/hardware_clocks/clocks.c.obj
                0x000000001000186c                clock_configure_undivided
 *fill*         0x000000001000187e        0x2 
 .text.clock_get_hz
                0x0000000010001880        0xc CMakeFiles/pico-invrerter.dir/_deps/pico_sdk-src/src/rp2_common/hardware_clocks/clocks.c.obj
                0x0000000010001880                clock_get_hz
 .text.pll_init
                0x000000001000188c      0x120 CMakeFiles/pico-invrerter.dir/_deps/pico_sdk-src/src/rp2_common/hardware_pll/pll.c.obj
                0x000000001000188c                pll_init
 .text.tick_start
                0x00000000100019ac       0x10 CMakeFiles/pico-invrerter.dir/_deps/pico_sdk-src/src/rp2_common/hardware_ticks/ticks.c.obj
                0x00000000100019ac                tick_start
 .text.xosc_init
                0x00000000100019bc       0x28 CMakeFiles/pico-invrerter.dir/_deps/pico_sdk-src/src/rp2_common/hardware_xosc/xosc.c.obj
                0x00000000100019bc                xosc_init
 .text.runtime_run_initializers_from
                0x00000000100019e4       0x18 CMakeFiles/pico-invrerter.dir/_deps/pico_sdk-src/src/rp2_common/pico_runtime/runtime.c.obj
 .text.first_per_core_initializer
                0x00000000100019fc        0x2 CMakeFiles/pico-invrerter.dir/_deps/pico_sdk-src/src/rp2_common/pico_runtime/runtime.c.obj
 *fill*         0x00000000100019fe        0x2 
 .text.runtime_run_initializers
                0x0000000010001a00       0x10 CMakeFiles/pico-invrerter.dir/_deps/pico_sdk-src/src/rp2_common/pico_runtime/runtime.c.obj
                0x0000000010001a00                runtime_run_initializers
 .text.runtime_run_per_core_initializers
                0x0000000010001a10       0x10 CMakeFiles/pico-invrerter.dir/_deps/pico_sdk-src/src/rp2_common/pico_runtime/runtime.c.obj
                0x0000000010001a10                runtime_run_per_core_initializers
 .text.runtime_init_early_resets
                0x0000000010001a20       0x2c CMakeFiles/pico-invrerter.dir/_deps/pico_sdk-src/src/rp2_common/pico_runtime_init/runtime_init.c.obj
                0x0000000010001a20                runtime_init_early_resets
 .text.runtime_init_usb_power_down
                0x0000000010001a4c       0x1c CMakeFiles/pico-invrerter.dir/_deps/pico_sdk-src/src/rp2_common/pico_runtime_init/runtime_init.c.obj
                0x0000000010001a4c                runtime_init_usb_power_down
 .text.runtime_init_post_clock_resets
                0x0000000010001a68       0x20 CMakeFiles/pico-invrerter.dir/_deps/pico_sdk-src/src/rp2_common/pico_runtime_init/runtime_init.c.obj
                0x0000000010001a68                runtime_init_post_clock_resets
 .text.runtime_init_rp2040_gpio_ie_disable
                0x0000000010001a88       0x14 CMakeFiles/pico-invrerter.dir/_deps/pico_sdk-src/src/rp2_common/pico_runtime_init/runtime_init.c.obj
                0x0000000010001a88                runtime_init_rp2040_gpio_ie_disable
 .text.runtime_init_spin_locks_reset
                0x0000000010001a9c        0x8 CMakeFiles/pico-invrerter.dir/_deps/pico_sdk-src/src/rp2_common/pico_runtime_init/runtime_init.c.obj
                0x0000000010001a9c                runtime_init_spin_locks_reset
 .text.runtime_init_install_ram_vector_table
                0x0000000010001aa4       0x1c CMakeFiles/pico-invrerter.dir/_deps/pico_sdk-src/src/rp2_common/pico_runtime_init/runtime_init.c.obj
                0x0000000010001aa4                runtime_init_install_ram_vector_table
 .text.start_all_ticks
                0x0000000010001ac0       0x28 CMakeFiles/pico-invrerter.dir/_deps/pico_sdk-src/src/rp2_common/pico_runtime_init/runtime_init_clocks.c.obj
 .text.runtime_init_clocks
                0x0000000010001ae8       0xcc CMakeFiles/pico-invrerter.dir/_deps/pico_sdk-src/src/rp2_common/pico_runtime_init/runtime_init_clocks.c.obj
                0x0000000010001ae8                runtime_init_clocks
 .text          0x0000000010001bb4       0x10 CMakeFiles/pico-invrerter.dir/_deps/pico_sdk-src/src/rp2_common/pico_bit_ops/bit_ops_aeabi.S.obj
 .text.rom_func_lookup
                0x0000000010001bc4       0x10 CMakeFiles/pico-invrerter.dir/_deps/pico_sdk-src/src/rp2_common/pico_bootrom/bootrom.c.obj
                0x0000000010001bc4                rom_func_lookup
 .text.rom_data_lookup
                0x0000000010001bd4       0x10 CMakeFiles/pico-invrerter.dir/_deps/pico_sdk-src/src/rp2_common/pico_bootrom/bootrom.c.obj
                0x0000000010001bd4                rom_data_lookup
 .text.rom_funcs_lookup
                0x0000000010001be4       0x36 CMakeFiles/pico-invrerter.dir/_deps/pico_sdk-src/src/rp2_common/pico_bootrom/bootrom.c.obj
                0x0000000010001be4                rom_funcs_lookup
 *fill*         0x0000000010001c1a        0x2 
 .text.__wrap___aeabi_idiv
                0x0000000010001c1c       0x50 CMakeFiles/pico-invrerter.dir/_deps/pico_sdk-src/src/rp2_common/pico_divider/divider_hardware.S.obj
                0x0000000010001c1c                __wrap___aeabi_idivmod
                0x0000000010001c1c                divmod_s32s32
                0x0000000010001c1c                div_s32s32
                0x0000000010001c1c                __wrap___aeabi_idiv
                0x0000000010001c24                divmod_s32s32_unsafe
                0x0000000010001c50                divmod_s32s32_savestate
 .text.__wrap___aeabi_uidiv
                0x0000000010001c6c       0x4c CMakeFiles/pico-invrerter.dir/_deps/pico_sdk-src/src/rp2_common/pico_divider/divider_hardware.S.obj
                0x0000000010001c6c                __wrap___aeabi_uidiv
                0x0000000010001c6c                __wrap___aeabi_uidivmod
                0x0000000010001c6c                div_u32u32
                0x0000000010001c6c                divmod_u32u32
                0x0000000010001c74                divmod_u32u32_unsafe
                0x0000000010001c9c                divmod_u32u32_savestate
 .text.__wrap___aeabi_ldiv
                0x0000000010001cb8      0x424 CMakeFiles/pico-invrerter.dir/_deps/pico_sdk-src/src/rp2_common/pico_divider/divider_hardware.S.obj
                0x0000000010001cb8                div_s64s64
                0x0000000010001cb8                divmod_s64s64
                0x0000000010001cb8                __wrap___aeabi_ldivmod
                0x0000000010001ce8                div_u64u64
                0x0000000010001ce8                divmod_u64u64
                0x0000000010001ce8                __wrap___aeabi_uldivmod
                0x0000000010001cf8                divmod_u64u64_savestate
                0x0000000010001d18                divmod_s64s64_unsafe
                0x0000000010001da0                divmod_u64u64_unsafe
 .text.__wrap___aeabi_darithmetic
                0x00000000100020dc       0x80 CMakeFiles/pico-invrerter.dir/_deps/pico_sdk-src/src/rp2_common/pico_double/double_aeabi_rp2040.S.obj
                0x00000000100020dc                __wrap___aeabi_drsub
                0x00000000100020e2                __wrap___aeabi_dsub
                0x00000000100020f4                __wrap___aeabi_dadd
                0x0000000010002106                __wrap___aeabi_ddiv
                0x0000000010002142                __wrap___aeabi_dmul
 .text.__wrap___aeabi_cdcmple
                0x000000001000215c       0x6c CMakeFiles/pico-invrerter.dir/_deps/pico_sdk-src/src/rp2_common/pico_double/double_aeabi_rp2040.S.obj
                0x000000001000215c                __wrap___aeabi_cdrcmple
                0x000000001000216c                __wrap___aeabi_cdcmple
                0x000000001000216c                __wrap___aeabi_cdcmpeq
 .text.__wrap___aeabi_dcmplt
                0x00000000100021c8        0xc CMakeFiles/pico-invrerter.dir/_deps/pico_sdk-src/src/rp2_common/pico_double/double_aeabi_rp2040.S.obj
                0x00000000100021c8                __wrap___aeabi_dcmplt
 .text.__wrap___aeabi_dcmple
                0x00000000100021d4       0x10 CMakeFiles/pico-invrerter.dir/_deps/pico_sdk-src/src/rp2_common/pico_double/double_aeabi_rp2040.S.obj
                0x00000000100021d4                __wrap___aeabi_dcmple
 .text.__wrap___aeabi_dcmpge
                0x00000000100021e4       0x10 CMakeFiles/pico-invrerter.dir/_deps/pico_sdk-src/src/rp2_common/pico_double/double_aeabi_rp2040.S.obj
                0x00000000100021e4                __wrap___aeabi_dcmpge
 .text.__wrap___aeabi_dcmpgt
                0x00000000100021f4        0xa CMakeFiles/pico-invrerter.dir/_deps/pico_sdk-src/src/rp2_common/pico_double/double_aeabi_rp2040.S.obj
                0x00000000100021f4                __wrap___aeabi_dcmpgt
 .text.__wrap___aeabi_dcmpun
                0x00000000100021fe       0x18 CMakeFiles/pico-invrerter.dir/_deps/pico_sdk-src/src/rp2_common/pico_double/double_aeabi_rp2040.S.obj
                0x00000000100021fe                __wrap___aeabi_dcmpun
 *fill*         0x0000000010002216        0x2 
 .text.__wrap___aeabi_i2d
                0x0000000010002218       0x38 CMakeFiles/pico-invrerter.dir/_deps/pico_sdk-src/src/rp2_common/pico_double/double_aeabi_rp2040.S.obj
                0x0000000010002218                __wrap___aeabi_ui2d
                0x0000000010002220                __wrap___aeabi_i2d
 .text.__wrap___aeabi_d2iz
                0x0000000010002250       0x48 CMakeFiles/pico-invrerter.dir/_deps/pico_sdk-src/src/rp2_common/pico_double/double_aeabi_rp2040.S.obj
                0x0000000010002250                __wrap___aeabi_d2iz
                0x0000000010002250                double2int_z
 .text.__wrap___aeabi_d2uiz
                0x0000000010002298       0x18 CMakeFiles/pico-invrerter.dir/_deps/pico_sdk-src/src/rp2_common/pico_double/double_aeabi_rp2040.S.obj
                0x0000000010002298                double2uint
                0x0000000010002298                __wrap___aeabi_d2uiz
 .text.__aeabi_double_init
                0x00000000100022b0       0xc8 CMakeFiles/pico-invrerter.dir/_deps/pico_sdk-src/src/rp2_common/pico_double/double_init_rom_rp2040.c.obj
                0x00000000100022b0                __aeabi_double_init
 .text.double_table_shim_on_use_helper
                0x0000000010002378       0x34 CMakeFiles/pico-invrerter.dir/_deps/pico_sdk-src/src/rp2_common/pico_double/double_v1_rom_shim_rp2040.S.obj
                0x0000000010002378                double_table_shim_on_use_helper
 .text.__wrap___aeabi_dsub
                0x00000000100023ac       0x10 CMakeFiles/pico-invrerter.dir/_deps/pico_sdk-src/src/rp2_common/pico_double/double_v1_rom_shim_rp2040.S.obj
                0x00000000100023ac                drsub_shim
                0x00000000100023b2                dsub_shim
 .text.dadd_shim
                0x00000000100023bc      0x15c CMakeFiles/pico-invrerter.dir/_deps/pico_sdk-src/src/rp2_common/pico_double/double_v1_rom_shim_rp2040.S.obj
                0x00000000100023bc                dadd_shim
 .text.dmul_shim
                0x0000000010002518      0x15c CMakeFiles/pico-invrerter.dir/_deps/pico_sdk-src/src/rp2_common/pico_double/double_v1_rom_shim_rp2040.S.obj
                0x0000000010002518                dmul_shim
 .text.ddiv_shim
                0x0000000010002674      0x1b0 CMakeFiles/pico-invrerter.dir/_deps/pico_sdk-src/src/rp2_common/pico_double/double_v1_rom_shim_rp2040.S.obj
                0x0000000010002674                ddiv_shim
 .text.double2uint_shim
                0x0000000010002824        0xe CMakeFiles/pico-invrerter.dir/_deps/pico_sdk-src/src/rp2_common/pico_double/double_v1_rom_shim_rp2040.S.obj
                0x0000000010002824                double2uint_shim
                0x0000000010002826                double2ufix_shim
 *fill*         0x0000000010002832        0x2 
 .text.double2uint64_shim
                0x0000000010002834       0x70 CMakeFiles/pico-invrerter.dir/_deps/pico_sdk-src/src/rp2_common/pico_double/double_v1_rom_shim_rp2040.S.obj
                0x0000000010002834                double2uint64_shim
                0x0000000010002836                double2ufix64_shim
                0x0000000010002856                d2fix_a
 .text.dunpacks
                0x00000000100028a4       0x3c CMakeFiles/pico-invrerter.dir/_deps/pico_sdk-src/src/rp2_common/pico_double/double_v1_rom_shim_rp2040.S.obj
                0x00000000100028a4                dunpacks
 .text.__aeabi_lmul
                0x00000000100028e0       0x32 CMakeFiles/pico-invrerter.dir/_deps/pico_sdk-src/src/rp2_common/pico_int64_ops/pico_int64_ops_aeabi.S.obj
                0x00000000100028e0                __wrap___aeabi_lmul
 *fill*         0x0000000010002912        0x2 
 .text.__aeabi_float_init
                0x0000000010002914       0xfc CMakeFiles/pico-invrerter.dir/_deps/pico_sdk-src/src/rp2_common/pico_float/float_init_rom_rp2040.c.obj
                0x0000000010002914                __aeabi_float_init
 .text.float_table_shim_on_use_helper
                0x0000000010002a10       0x34 CMakeFiles/pico-invrerter.dir/_deps/pico_sdk-src/src/rp2_common/pico_float/float_v1_rom_shim_rp2040.S.obj
                0x0000000010002a10                float_table_shim_on_use_helper
 .text.__wrap_malloc
                0x0000000010002a44       0x3c CMakeFiles/pico-invrerter.dir/_deps/pico_sdk-src/src/rp2_common/pico_malloc/malloc.c.obj
                0x0000000010002a44                __wrap_malloc
 .text.__wrap_free
                0x0000000010002a80       0x20 CMakeFiles/pico-invrerter.dir/_deps/pico_sdk-src/src/rp2_common/pico_malloc/malloc.c.obj
                0x0000000010002a80                __wrap_free
 .text          0x0000000010002aa0       0x10 CMakeFiles/pico-invrerter.dir/_deps/pico_sdk-src/src/rp2_common/pico_mem_ops/mem_ops_aeabi.S.obj
                0x0000000010002aa0                __aeabi_mem_init
 .text.memcpy   0x0000000010002ab0        0xc CMakeFiles/pico-invrerter.dir/_deps/pico_sdk-src/src/rp2_common/pico_mem_ops/mem_ops_aeabi.S.obj
                0x0000000010002ab0                __wrap___aeabi_memcpy
                0x0000000010002ab0                __wrap_memcpy
 .text._out_buffer
                0x0000000010002abc        0x8 CMakeFiles/pico-invrerter.dir/_deps/pico_sdk-src/src/rp2_common/pico_printf/printf.c.obj
 .text._out_null
                0x0000000010002ac4        0x2 CMakeFiles/pico-invrerter.dir/_deps/pico_sdk-src/src/rp2_common/pico_printf/printf.c.obj
 .text._out_fct
                0x0000000010002ac6        0xe CMakeFiles/pico-invrerter.dir/_deps/pico_sdk-src/src/rp2_common/pico_printf/printf.c.obj
 .text._atoi    0x0000000010002ad4       0x24 CMakeFiles/pico-invrerter.dir/_deps/pico_sdk-src/src/rp2_common/pico_printf/printf.c.obj
 .text._out_rev
                0x0000000010002af8       0xae CMakeFiles/pico-invrerter.dir/_deps/pico_sdk-src/src/rp2_common/pico_printf/printf.c.obj
 .text._ntoa_format
                0x0000000010002ba6      0x112 CMakeFiles/pico-invrerter.dir/_deps/pico_sdk-src/src/rp2_common/pico_printf/printf.c.obj
 .text._ntoa_long
                0x0000000010002cb8       0xbc CMakeFiles/pico-invrerter.dir/_deps/pico_sdk-src/src/rp2_common/pico_printf/printf.c.obj
 .text._ntoa_long_long
                0x0000000010002d74       0xe2 CMakeFiles/pico-invrerter.dir/_deps/pico_sdk-src/src/rp2_common/pico_printf/printf.c.obj
 *fill*         0x0000000010002e56        0x2 
 .text._etoa    0x0000000010002e58      0x414 CMakeFiles/pico-invrerter.dir/_deps/pico_sdk-src/src/rp2_common/pico_printf/printf.c.obj
 .text._ftoa    0x000000001000326c      0x354 CMakeFiles/pico-invrerter.dir/_deps/pico_sdk-src/src/rp2_common/pico_printf/printf.c.obj
 .text._vsnprintf
                0x00000000100035c0      0x624 CMakeFiles/pico-invrerter.dir/_deps/pico_sdk-src/src/rp2_common/pico_printf/printf.c.obj
 .text.__wrap_sprintf
                0x0000000010003be4       0x28 CMakeFiles/pico-invrerter.dir/_deps/pico_sdk-src/src/rp2_common/pico_printf/printf.c.obj
                0x0000000010003be4                __wrap_sprintf
 .text.vfctprintf
                0x0000000010003c0c       0x20 CMakeFiles/pico-invrerter.dir/_deps/pico_sdk-src/src/rp2_common/pico_printf/printf.c.obj
                0x0000000010003c0c                vfctprintf
 .text._exit    0x0000000010003c2c        0x4 CMakeFiles/pico-invrerter.dir/_deps/pico_sdk-src/src/rp2_common/pico_clib_interface/newlib_interface.c.obj
                0x0000000010003c2c                _exit
 .text._sbrk    0x0000000010003c30       0x38 CMakeFiles/pico-invrerter.dir/_deps/pico_sdk-src/src/rp2_common/pico_clib_interface/newlib_interface.c.obj
                0x0000000010003c30                _sbrk
 .text.exit     0x0000000010003c68        0x6 CMakeFiles/pico-invrerter.dir/_deps/pico_sdk-src/src/rp2_common/pico_clib_interface/newlib_interface.c.obj
                0x0000000010003c68                exit
 *fill*         0x0000000010003c6e        0x2 
 .text.__assert_func
                0x0000000010003c70       0x3c CMakeFiles/pico-invrerter.dir/_deps/pico_sdk-src/src/rp2_common/pico_clib_interface/newlib_interface.c.obj
                0x0000000010003c70                __assert_func
 .text.runtime_init
                0x0000000010003cac       0x28 CMakeFiles/pico-invrerter.dir/_deps/pico_sdk-src/src/rp2_common/pico_clib_interface/newlib_interface.c.obj
                0x0000000010003cac                runtime_init
 .text.stdio_out_chars_no_crlf
                0x0000000010003cd4        0xe CMakeFiles/pico-invrerter.dir/_deps/pico_sdk-src/src/rp2_common/pico_stdio/stdio.c.obj
 *fill*         0x0000000010003ce2        0x2 
 .text.stdio_out_chars_crlf
                0x0000000010003ce4       0x80 CMakeFiles/pico-invrerter.dir/_deps/pico_sdk-src/src/rp2_common/pico_stdio/stdio.c.obj
 .text.stdio_stack_buffer_flush
                0x0000000010003d64       0x44 CMakeFiles/pico-invrerter.dir/_deps/pico_sdk-src/src/rp2_common/pico_stdio/stdio.c.obj
 .text.stdio_buffered_printer
                0x0000000010003da8       0x20 CMakeFiles/pico-invrerter.dir/_deps/pico_sdk-src/src/rp2_common/pico_stdio/stdio.c.obj
 .text.stdout_serialize_begin
                0x0000000010003dc8       0x30 CMakeFiles/pico-invrerter.dir/_deps/pico_sdk-src/src/rp2_common/pico_stdio/stdio.c.obj
                0x0000000010003dc8                stdout_serialize_begin
 .text.stdout_serialize_end
                0x0000000010003df8       0x10 CMakeFiles/pico-invrerter.dir/_deps/pico_sdk-src/src/rp2_common/pico_stdio/stdio.c.obj
                0x0000000010003df8                stdout_serialize_end
 .text.stdio_put_string
                0x0000000010003e08       0x94 CMakeFiles/pico-invrerter.dir/_deps/pico_sdk-src/src/rp2_common/pico_stdio/stdio.c.obj
                0x0000000010003e08                stdio_put_string
 .text.stdio_set_driver_enabled
                0x0000000010003e9c       0x2c CMakeFiles/pico-invrerter.dir/_deps/pico_sdk-src/src/rp2_common/pico_stdio/stdio.c.obj
                0x0000000010003e9c                stdio_set_driver_enabled
 .text.stdio_flush
                0x0000000010003ec8       0x20 CMakeFiles/pico-invrerter.dir/_deps/pico_sdk-src/src/rp2_common/pico_stdio/stdio.c.obj
                0x0000000010003ec8                stdio_flush
 .text.stdio_init_all
                0x0000000010003ee8        0xa CMakeFiles/pico-invrerter.dir/_deps/pico_sdk-src/src/rp2_common/pico_stdio/stdio.c.obj
                0x0000000010003ee8                stdio_init_all
 .text.__wrap_puts
                0x0000000010003ef2       0x1e CMakeFiles/pico-invrerter.dir/_deps/pico_sdk-src/src/rp2_common/pico_stdio/stdio.c.obj
                0x0000000010003ef2                __wrap_puts
                0x0000000010003ef2                stdio_puts
 .text.__wrap_vprintf
                0x0000000010003f10       0x40 CMakeFiles/pico-invrerter.dir/_deps/pico_sdk-src/src/rp2_common/pico_stdio/stdio.c.obj
                0x0000000010003f10                __wrap_vprintf
                0x0000000010003f10                stdio_vprintf
 .text.__wrap_printf
                0x0000000010003f50       0x18 CMakeFiles/pico-invrerter.dir/_deps/pico_sdk-src/src/rp2_common/pico_stdio/stdio.c.obj
                0x0000000010003f50                stdio_printf
                0x0000000010003f50                __wrap_printf
 .text.stdio_uart_out_chars
                0x0000000010003f68       0x74 CMakeFiles/pico-invrerter.dir/_deps/pico_sdk-src/src/rp2_common/pico_stdio_uart/stdio_uart.c.obj
 .text.stdio_uart_in_chars
                0x0000000010003fdc       0x80 CMakeFiles/pico-invrerter.dir/_deps/pico_sdk-src/src/rp2_common/pico_stdio_uart/stdio_uart.c.obj
                0x0000000010003fdc                stdio_uart_in_chars
 .text.on_uart_rx
                0x000000001000405c       0x28 CMakeFiles/pico-invrerter.dir/_deps/pico_sdk-src/src/rp2_common/pico_stdio_uart/stdio_uart.c.obj
 .text.stdio_uart_out_flush
                0x0000000010004084       0x10 CMakeFiles/pico-invrerter.dir/_deps/pico_sdk-src/src/rp2_common/pico_stdio_uart/stdio_uart.c.obj
 .text.stdio_uart_set_chars_available_callback
                0x0000000010004094       0x90 CMakeFiles/pico-invrerter.dir/_deps/pico_sdk-src/src/rp2_common/pico_stdio_uart/stdio_uart.c.obj
 .text.stdio_uart_init_full
                0x0000000010004124       0x44 CMakeFiles/pico-invrerter.dir/_deps/pico_sdk-src/src/rp2_common/pico_stdio_uart/stdio_uart.c.obj
                0x0000000010004124                stdio_uart_init_full
 .text.stdio_uart_init
                0x0000000010004168       0x30 CMakeFiles/pico-invrerter.dir/_deps/pico_sdk-src/src/rp2_common/pico_stdio_uart/stdio_uart.c.obj
                0x0000000010004168                stdio_uart_init
 .text.core1_trampoline
                0x0000000010004198        0x2 CMakeFiles/pico-invrerter.dir/_deps/pico_sdk-src/src/rp2_common/pico_multicore/multicore.c.obj
 .text.core1_wrapper
                0x000000001000419a        0xc CMakeFiles/pico-invrerter.dir/_deps/pico_sdk-src/src/rp2_common/pico_multicore/multicore.c.obj
                0x000000001000419a                core1_wrapper
 .text.multicore_fifo_push_blocking
                0x00000000100041a6       0x14 CMakeFiles/pico-invrerter.dir/_deps/pico_sdk-src/src/rp2_common/pico_multicore/multicore.c.obj
                0x00000000100041a6                multicore_fifo_push_blocking
 .text.multicore_fifo_pop_blocking
                0x00000000100041ba       0x16 CMakeFiles/pico-invrerter.dir/_deps/pico_sdk-src/src/rp2_common/pico_multicore/multicore.c.obj
                0x00000000100041ba                multicore_fifo_pop_blocking
 .text.multicore_launch_core1_raw
                0x00000000100041d0       0x6e CMakeFiles/pico-invrerter.dir/_deps/pico_sdk-src/src/rp2_common/pico_multicore/multicore.c.obj
                0x00000000100041d0                multicore_launch_core1_raw
 *fill*         0x000000001000423e        0x2 
 .text.multicore_launch_core1_with_stack
                0x0000000010004240       0x50 CMakeFiles/pico-invrerter.dir/_deps/pico_sdk-src/src/rp2_common/pico_multicore/multicore.c.obj
                0x0000000010004240                multicore_launch_core1_with_stack
 .text.multicore_launch_core1
                0x0000000010004290       0x24 CMakeFiles/pico-invrerter.dir/_deps/pico_sdk-src/src/rp2_common/pico_multicore/multicore.c.obj
                0x0000000010004290                multicore_launch_core1
 .text.spi_set_baudrate
                0x00000000100042b4       0xb4 CMakeFiles/pico-invrerter.dir/_deps/pico_sdk-src/src/rp2_common/hardware_spi/spi.c.obj
                0x00000000100042b4                spi_set_baudrate
 .text.spi_init
                0x0000000010004368       0x8c CMakeFiles/pico-invrerter.dir/_deps/pico_sdk-src/src/rp2_common/hardware_spi/spi.c.obj
                0x0000000010004368                spi_init
 .text.i2c_set_baudrate
                0x00000000100043f4       0xf0 CMakeFiles/pico-invrerter.dir/_deps/pico_sdk-src/src/rp2_common/hardware_i2c/i2c.c.obj
                0x00000000100043f4                i2c_set_baudrate
 .text.i2c_init
                0x00000000100044e4       0x6c CMakeFiles/pico-invrerter.dir/_deps/pico_sdk-src/src/rp2_common/hardware_i2c/i2c.c.obj
                0x00000000100044e4                i2c_init
 .text.LCD_1IN3_Reset
                0x0000000010004550       0x2e lcd/Pico_code/Pico_code/c/lib/LCD/libLCD.a(LCD_1in3.c.obj)
 .text.LCD_1IN3_SendCommand
                0x000000001000457e       0x24 lcd/Pico_code/Pico_code/c/lib/LCD/libLCD.a(LCD_1in3.c.obj)
 .text.LCD_1IN3_SendData_8Bit
                0x00000000100045a2       0x24 lcd/Pico_code/Pico_code/c/lib/LCD/libLCD.a(LCD_1in3.c.obj)
 *fill*         0x00000000100045c6        0x2 
 .text.LCD_1IN3_SetAttributes
                0x00000000100045c8       0x30 lcd/Pico_code/Pico_code/c/lib/LCD/libLCD.a(LCD_1in3.c.obj)
 .text.LCD_1IN3_InitReg
                0x00000000100045f8      0x160 lcd/Pico_code/Pico_code/c/lib/LCD/libLCD.a(LCD_1in3.c.obj)
 .text.LCD_1IN3_Init
                0x0000000010004758       0x1a lcd/Pico_code/Pico_code/c/lib/LCD/libLCD.a(LCD_1in3.c.obj)
                0x0000000010004758                LCD_1IN3_Init
 .text.LCD_1IN3_SetWindows
                0x0000000010004772       0x52 lcd/Pico_code/Pico_code/c/lib/LCD/libLCD.a(LCD_1in3.c.obj)
                0x0000000010004772                LCD_1IN3_SetWindows
 .text.LCD_1IN3_Clear
                0x00000000100047c4       0x88 lcd/Pico_code/Pico_code/c/lib/LCD/libLCD.a(LCD_1in3.c.obj)
                0x00000000100047c4                LCD_1IN3_Clear
 .text.LCD_1IN3_Display
                0x000000001000484c       0x58 lcd/Pico_code/Pico_code/c/lib/LCD/libLCD.a(LCD_1in3.c.obj)
                0x000000001000484c                LCD_1IN3_Display
 .text.LCD_1IN3_DisplayWindows
                0x00000000100048a4       0x5c lcd/Pico_code/Pico_code/c/lib/LCD/libLCD.a(LCD_1in3.c.obj)
                0x00000000100048a4                LCD_1IN3_DisplayWindows
 .text.SET_Infrared_PIN
                0x0000000010004900       0x20 lcd/Pico_code/Pico_code/c/lib/Infrared/libInfrared.a(Infrared.c.obj)
                0x0000000010004900                SET_Infrared_PIN
 .text.Paint_NewImage
                0x0000000010004920       0x4c lcd/Pico_code/Pico_code/c/lib/GUI/libGUI.a(GUI_Paint.c.obj)
                0x0000000010004920                Paint_NewImage
 .text.Paint_SetRotate
                0x000000001000496c       0x20 lcd/Pico_code/Pico_code/c/lib/GUI/libGUI.a(GUI_Paint.c.obj)
                0x000000001000496c                Paint_SetRotate
 .text.Paint_SetScale
                0x000000001000498c       0x68 lcd/Pico_code/Pico_code/c/lib/GUI/libGUI.a(GUI_Paint.c.obj)
                0x000000001000498c                Paint_SetScale
 .text.Paint_SetPixel
                0x00000000100049f4      0x180 lcd/Pico_code/Pico_code/c/lib/GUI/libGUI.a(GUI_Paint.c.obj)
                0x00000000100049f4                Paint_SetPixel
 .text.Paint_Clear
                0x0000000010004b74       0xb0 lcd/Pico_code/Pico_code/c/lib/GUI/libGUI.a(GUI_Paint.c.obj)
                0x0000000010004b74                Paint_Clear
 .text.Paint_DrawPoint
                0x0000000010004c24       0xe0 lcd/Pico_code/Pico_code/c/lib/GUI/libGUI.a(GUI_Paint.c.obj)
                0x0000000010004c24                Paint_DrawPoint
 .text.Paint_DrawLine
                0x0000000010004d04      0x12c lcd/Pico_code/Pico_code/c/lib/GUI/libGUI.a(GUI_Paint.c.obj)
                0x0000000010004d04                Paint_DrawLine
 .text.Paint_DrawRectangle
                0x0000000010004e30       0xd0 lcd/Pico_code/Pico_code/c/lib/GUI/libGUI.a(GUI_Paint.c.obj)
                0x0000000010004e30                Paint_DrawRectangle
 .text.Paint_DrawChar
                0x0000000010004f00       0xc4 lcd/Pico_code/Pico_code/c/lib/GUI/libGUI.a(GUI_Paint.c.obj)
                0x0000000010004f00                Paint_DrawChar
 .text.Paint_DrawString_EN
                0x0000000010004fc4       0x88 lcd/Pico_code/Pico_code/c/lib/GUI/libGUI.a(GUI_Paint.c.obj)
                0x0000000010004fc4                Paint_DrawString_EN
 .text.Paint_DrawNum
                0x000000001000504c       0x94 lcd/Pico_code/Pico_code/c/lib/GUI/libGUI.a(GUI_Paint.c.obj)
                0x000000001000504c                Paint_DrawNum
 .text.DEV_Digital_Write
                0x00000000100050e0       0x18 lcd/Pico_code/Pico_code/c/lib/Config/libConfig.a(DEV_Config.c.obj)
                0x00000000100050e0                DEV_Digital_Write
 .text.DEV_Digital_Read
                0x00000000100050f8       0x16 lcd/Pico_code/Pico_code/c/lib/Config/libConfig.a(DEV_Config.c.obj)
                0x00000000100050f8                DEV_Digital_Read
 *fill*         0x000000001000510e        0x2 
 .text.DEV_SPI_WriteByte
                0x0000000010005110       0x1c lcd/Pico_code/Pico_code/c/lib/Config/libConfig.a(DEV_Config.c.obj)
                0x0000000010005110                DEV_SPI_WriteByte
 .text.DEV_SPI_Write_nByte
                0x000000001000512c       0x14 lcd/Pico_code/Pico_code/c/lib/Config/libConfig.a(DEV_Config.c.obj)
                0x000000001000512c                DEV_SPI_Write_nByte
 .text.DEV_GPIO_Mode
                0x0000000010005140       0x26 lcd/Pico_code/Pico_code/c/lib/Config/libConfig.a(DEV_Config.c.obj)
                0x0000000010005140                DEV_GPIO_Mode
 .text.DEV_Delay_ms
                0x0000000010005166       0x4a lcd/Pico_code/Pico_code/c/lib/Config/libConfig.a(DEV_Config.c.obj)
                0x0000000010005166                DEV_Delay_ms
 .text.DEV_GPIO_Init
                0x00000000100051b0       0x4c lcd/Pico_code/Pico_code/c/lib/Config/libConfig.a(DEV_Config.c.obj)
                0x00000000100051b0                DEV_GPIO_Init
 .text.DEV_Module_Init
                0x00000000100051fc       0xd4 lcd/Pico_code/Pico_code/c/lib/Config/libConfig.a(DEV_Config.c.obj)
                0x00000000100051fc                DEV_Module_Init
 .text.DEV_SET_PWM
                0x00000000100052d0       0x40 lcd/Pico_code/Pico_code/c/lib/Config/libConfig.a(DEV_Config.c.obj)
                0x00000000100052d0                DEV_SET_PWM
 .text          0x0000000010005310       0x28 /usr/lib/gcc/arm-none-eabi/10.3.1/../../../arm-none-eabi/lib/thumb/v6-m/nofp/libg.a(lib_a-malloc.o)
                0x0000000010005310                malloc
                0x0000000010005324                free
 .text          0x0000000010005338      0x574 /usr/lib/gcc/arm-none-eabi/10.3.1/../../../arm-none-eabi/lib/thumb/v6-m/nofp/libg.a(lib_a-mallocr.o)
                0x0000000010005338                _malloc_r
 .text          0x00000000100058ac        0x8 /usr/lib/gcc/arm-none-eabi/10.3.1/../../../arm-none-eabi/lib/thumb/v6-m/nofp/libg.a(lib_a-mlock.o)
                0x00000000100058ac                __malloc_lock
                0x00000000100058b0                __malloc_unlock
 .text          0x00000000100058b4       0x24 /usr/lib/gcc/arm-none-eabi/10.3.1/../../../arm-none-eabi/lib/thumb/v6-m/nofp/libg.a(lib_a-sbrkr.o)
                0x00000000100058b4                _sbrk_r
 .text          0x00000000100058d8       0x5c /usr/lib/gcc/arm-none-eabi/10.3.1/../../../arm-none-eabi/lib/thumb/v6-m/nofp/libg.a(lib_a-strlen-stub.o)
                0x00000000100058d8                strlen
 .text          0x0000000010005934      0x260 /usr/lib/gcc/arm-none-eabi/10.3.1/../../../arm-none-eabi/lib/thumb/v6-m/nofp/libg.a(lib_a-freer.o)
                0x0000000010005934                _malloc_trim_r
                0x00000000100059d0                _free_r
 *(.fini)
 .fini          0x0000000010005b94        0x4 /usr/lib/gcc/arm-none-eabi/10.3.1/thumb/v6-m/nofp/crti.o
                0x0000000010005b94                _fini
 .fini.__stub   0x0000000010005b98       0x60 linker stubs
 *crtbegin.o(.ctors)
 *crtbegin?.o(.ctors)
 *(EXCLUDE_FILE(*crtend.o *crtend?.o) .ctors)
 *(SORT_BY_NAME(.ctors.*))
 *(.ctors)
 *crtbegin.o(.dtors)
 *crtbegin?.o(.dtors)
 *(EXCLUDE_FILE(*crtend.o *crtend?.o) .dtors)
 *(SORT_BY_NAME(.dtors.*))
 *(.dtors)
                0x0000000010005bf8                . = ALIGN (0x4)
                0x0000000010005bf8                PROVIDE (__preinit_array_start = .)
 *(SORT_BY_NAME(.preinit_array.*))
 .preinit_array.00100
                0x0000000010005bf8        0x4 CMakeFiles/pico-invrerter.dir/_deps/pico_sdk-src/src/rp2_common/pico_runtime_init/runtime_init.c.obj
                0x0000000010005bf8                __pre_init_runtime_init_early_resets
 .preinit_array.00101
                0x0000000010005bfc        0x4 CMakeFiles/pico-invrerter.dir/_deps/pico_sdk-src/src/rp2_common/pico_runtime_init/runtime_init.c.obj
                0x0000000010005bfc                __pre_init_runtime_init_usb_power_down
 .preinit_array.00275
                0x0000000010005c00        0x4 CMakeFiles/pico-invrerter.dir/_deps/pico_sdk-src/src/rp2_common/pico_bit_ops/bit_ops_aeabi.S.obj
 .preinit_array.00300
                0x0000000010005c04        0x4 CMakeFiles/pico-invrerter.dir/_deps/pico_sdk-src/src/rp2_common/pico_mem_ops/mem_ops_aeabi.S.obj
 .preinit_array.00350
                0x0000000010005c08        0x4 CMakeFiles/pico-invrerter.dir/_deps/pico_sdk-src/src/rp2_common/pico_double/double_aeabi_rp2040.S.obj
 .preinit_array.00350
                0x0000000010005c0c        0x4 CMakeFiles/pico-invrerter.dir/_deps/pico_sdk-src/src/rp2_common/pico_float/float_aeabi_rp2040.S.obj
 .preinit_array.00500
                0x0000000010005c10        0x4 CMakeFiles/pico-invrerter.dir/_deps/pico_sdk-src/src/rp2_common/pico_runtime_init/runtime_init.c.obj
                0x0000000010005c10                __pre_init_runtime_init_clocks
 .preinit_array.00600
                0x0000000010005c14        0x4 CMakeFiles/pico-invrerter.dir/_deps/pico_sdk-src/src/rp2_common/pico_runtime_init/runtime_init.c.obj
                0x0000000010005c14                __pre_init_runtime_init_post_clock_resets
 .preinit_array.00700
                0x0000000010005c18        0x4 CMakeFiles/pico-invrerter.dir/_deps/pico_sdk-src/src/rp2_common/pico_runtime_init/runtime_init.c.obj
                0x0000000010005c18                __pre_init_runtime_init_rp2040_gpio_ie_disable
 .preinit_array.01000
                0x0000000010005c1c        0x4 CMakeFiles/pico-invrerter.dir/_deps/pico_sdk-src/src/rp2_common/pico_runtime_init/runtime_init.c.obj
                0x0000000010005c1c                __pre_init_runtime_init_spin_locks_reset
 .preinit_array.01100
                0x0000000010005c20        0x4 CMakeFiles/pico-invrerter.dir/_deps/pico_sdk-src/src/common/pico_sync/mutex.c.obj
                0x0000000010005c20                __pre_init_runtime_init_mutex
 .preinit_array.10080
                0x0000000010005c24        0x4 CMakeFiles/pico-invrerter.dir/_deps/pico_sdk-src/src/rp2_common/pico_runtime_init/runtime_init.c.obj
                0x0000000010005c24                __pre_init_runtime_init_install_ram_vector_table
 .preinit_array.11000
                0x0000000010005c28        0x4 CMakeFiles/pico-invrerter.dir/_deps/pico_sdk-src/src/common/pico_time/time.c.obj
                0x0000000010005c28                __pre_init_runtime_init_default_alarm_pool
 .preinit_array.YYYYY
                0x0000000010005c2c        0x4 CMakeFiles/pico-invrerter.dir/_deps/pico_sdk-src/src/rp2_common/pico_runtime/runtime.c.obj
                0x0000000010005c2c                __pre_init_first_per_core_initializer
 .preinit_array.ZZZZZ.01200
                0x0000000010005c30        0x4 CMakeFiles/pico-invrerter.dir/_deps/pico_sdk-src/src/rp2_common/hardware_irq/irq.c.obj
                0x0000000010005c30                __pre_init_runtime_init_per_core_irq_priorities
 *(.preinit_array)
                0x0000000010005c34                PROVIDE (__preinit_array_end = .)
                0x0000000010005c34                . = ALIGN (0x4)
                0x0000000010005c34                PROVIDE (__init_array_start = .)
 *(SORT_BY_NAME(.init_array.*))
 *(.init_array)
 .init_array    0x0000000010005c34        0x4 /usr/lib/gcc/arm-none-eabi/10.3.1/thumb/v6-m/nofp/crtbegin.o
                0x0000000010005c38                PROVIDE (__init_array_end = .)
                0x0000000010005c38                . = ALIGN (0x4)
                0x0000000010005c38                PROVIDE (__fini_array_start = .)
 *(SORT_BY_NAME(.fini_array.*))
 *(.fini_array)
                0x0000000010005c38                PROVIDE (__fini_array_end = .)
 *(.eh_frame*)
 .eh_frame      0x0000000010005c38        0x0 /usr/lib/gcc/arm-none-eabi/10.3.1/thumb/v6-m/nofp/crtbegin.o
                0x0000000010005c38                . = ALIGN (0x4)

.glue_7         0x0000000010005c38        0x0
 .glue_7        0x0000000010005c38        0x0 linker stubs

.glue_7t        0x0000000010005c38        0x0
 .glue_7t       0x0000000010005c38        0x0 linker stubs

.vfp11_veneer   0x0000000010005c38        0x0
 .vfp11_veneer  0x0000000010005c38        0x0 linker stubs

.v4_bx          0x0000000010005c38        0x0
 .v4_bx         0x0000000010005c38        0x0 linker stubs

.iplt           0x0000000010005c38        0x0
 .iplt          0x0000000010005c38        0x0 /usr/lib/gcc/arm-none-eabi/10.3.1/thumb/v6-m/nofp/crtbegin.o

.rodata         0x0000000010005c38     0x1bf0
 *(EXCLUDE_FILE(*libm.a: *libc.a:*lib_a-mem*.o *libgcc.a:) .rodata*)
 .rodata.cre1.str1.4
                0x0000000010005c38       0x5f CMakeFiles/pico-invrerter.dir/main.c.obj
 *fill*         0x0000000010005c97        0x1 
 .rodata.panic.str1.4
                0x0000000010005c98       0x12 CMakeFiles/pico-invrerter.dir/_deps/pico_sdk-src/src/rp2_common/pico_platform_panic/panic.c.obj
 *fill*         0x0000000010005caa        0x2 
 .rodata.make_j_16.str1.4
                0x0000000010005cac       0x84 CMakeFiles/pico-invrerter.dir/_deps/pico_sdk-src/src/rp2_common/hardware_irq/irq.c.obj
 .rodata.insert_bl_32.str1.4
                0x0000000010005d30       0x10 CMakeFiles/pico-invrerter.dir/_deps/pico_sdk-src/src/rp2_common/hardware_irq/irq.c.obj
 .rodata.irq_set_exclusive_handler.str1.4
                0x0000000010005d40       0x36 CMakeFiles/pico-invrerter.dir/_deps/pico_sdk-src/src/rp2_common/hardware_irq/irq.c.obj
 *fill*         0x0000000010005d76        0x2 
 .rodata.irq_add_shared_handler.str1.4
                0x0000000010005d78       0xe9 CMakeFiles/pico-invrerter.dir/_deps/pico_sdk-src/src/rp2_common/hardware_irq/irq.c.obj
 *fill*         0x0000000010005e61        0x3 
 .rodata.irq_remove_handler.str1.4
                0x0000000010005e64       0x3a CMakeFiles/pico-invrerter.dir/_deps/pico_sdk-src/src/rp2_common/hardware_irq/irq.c.obj
 *fill*         0x0000000010005e9e        0x2 
 .rodata.irq_add_tail_to_free_list.str1.4
                0x0000000010005ea0       0x3a CMakeFiles/pico-invrerter.dir/_deps/pico_sdk-src/src/rp2_common/hardware_irq/irq.c.obj
 *fill*         0x0000000010005eda        0x2 
 .rodata.__func__.0
                0x0000000010005edc       0x1a CMakeFiles/pico-invrerter.dir/_deps/pico_sdk-src/src/rp2_common/hardware_irq/irq.c.obj
 *fill*         0x0000000010005ef6        0x2 
 .rodata.__func__.1
                0x0000000010005ef8        0xd CMakeFiles/pico-invrerter.dir/_deps/pico_sdk-src/src/rp2_common/hardware_irq/irq.c.obj
 *fill*         0x0000000010005f05        0x3 
 .rodata.__func__.2
                0x0000000010005f08       0x13 CMakeFiles/pico-invrerter.dir/_deps/pico_sdk-src/src/rp2_common/hardware_irq/irq.c.obj
 *fill*         0x0000000010005f1b        0x1 
 .rodata.__func__.3
                0x0000000010005f1c        0xa CMakeFiles/pico-invrerter.dir/_deps/pico_sdk-src/src/rp2_common/hardware_irq/irq.c.obj
 *fill*         0x0000000010005f26        0x2 
 .rodata.__func__.4
                0x0000000010005f28        0xd CMakeFiles/pico-invrerter.dir/_deps/pico_sdk-src/src/rp2_common/hardware_irq/irq.c.obj
 *fill*         0x0000000010005f35        0x3 
 .rodata.__func__.6
                0x0000000010005f38       0x1a CMakeFiles/pico-invrerter.dir/_deps/pico_sdk-src/src/rp2_common/hardware_irq/irq.c.obj
 *fill*         0x0000000010005f52        0x2 
 .rodata.runtime_init_mutex.str1.4
                0x0000000010005f54       0x6f CMakeFiles/pico-invrerter.dir/_deps/pico_sdk-src/src/common/pico_sync/mutex.c.obj
 *fill*         0x0000000010005fc3        0x1 
 .rodata.str1.4
                0x0000000010005fc4       0x51 CMakeFiles/pico-invrerter.dir/_deps/pico_sdk-src/src/common/pico_sync/mutex.c.obj
 *fill*         0x0000000010006015        0x3 
 .rodata.__func__.1
                0x0000000010006018        0xb CMakeFiles/pico-invrerter.dir/_deps/pico_sdk-src/src/common/pico_sync/mutex.c.obj
 *fill*         0x0000000010006023        0x1 
 .rodata.__func__.3
                0x0000000010006024       0x18 CMakeFiles/pico-invrerter.dir/_deps/pico_sdk-src/src/common/pico_sync/mutex.c.obj
 .rodata.__func__.6
                0x000000001000603c       0x13 CMakeFiles/pico-invrerter.dir/_deps/pico_sdk-src/src/common/pico_sync/mutex.c.obj
 *fill*         0x000000001000604f        0x1 
 .rodata.alarm_pool_irq_handler.str1.4
                0x0000000010006050       0x7a CMakeFiles/pico-invrerter.dir/_deps/pico_sdk-src/src/common/pico_time/time.c.obj
 *fill*         0x00000000100060ca        0x2 
 .rodata.alarm_pool_get_default.str1.4
                0x00000000100060cc       0x21 CMakeFiles/pico-invrerter.dir/_deps/pico_sdk-src/src/common/pico_time/time.c.obj
 *fill*         0x00000000100060ed        0x3 
 .rodata.sleep_until.str1.4
                0x00000000100060f0       0x4d CMakeFiles/pico-invrerter.dir/_deps/pico_sdk-src/src/common/pico_time/time.c.obj
 *fill*         0x000000001000613d        0x3 
 .rodata.__func__.1
                0x0000000010006140       0x17 CMakeFiles/pico-invrerter.dir/_deps/pico_sdk-src/src/common/pico_time/time.c.obj
 *fill*         0x0000000010006157        0x1 
 .rodata.__func__.2
                0x0000000010006158       0x17 CMakeFiles/pico-invrerter.dir/_deps/pico_sdk-src/src/common/pico_time/time.c.obj
 *fill*         0x000000001000616f        0x1 
 .rodata.timer_hardware_alarm_claim.str1.4
                0x0000000010006170       0x22 CMakeFiles/pico-invrerter.dir/_deps/pico_sdk-src/src/rp2_common/hardware_timer/timer.c.obj
 *fill*         0x0000000010006192        0x2 
 .rodata.pll_init.str1.4
                0x0000000010006194      0x128 CMakeFiles/pico-invrerter.dir/_deps/pico_sdk-src/src/rp2_common/hardware_pll/pll.c.obj
 .rodata.__func__.0
                0x00000000100062bc        0x9 CMakeFiles/pico-invrerter.dir/_deps/pico_sdk-src/src/rp2_common/hardware_pll/pll.c.obj
 *fill*         0x00000000100062c5        0x3 
 .rodata.__aeabi_double_init.str1.4
                0x00000000100062c8       0xaa CMakeFiles/pico-invrerter.dir/_deps/pico_sdk-src/src/rp2_common/pico_double/double_init_rom_rp2040.c.obj
 *fill*         0x0000000010006372        0x2 
 .rodata.__func__.0
                0x0000000010006374       0x14 CMakeFiles/pico-invrerter.dir/_deps/pico_sdk-src/src/rp2_common/pico_double/double_init_rom_rp2040.c.obj
 .rodata.__aeabi_float_init.str1.4
                0x0000000010006388       0x98 CMakeFiles/pico-invrerter.dir/_deps/pico_sdk-src/src/rp2_common/pico_float/float_init_rom_rp2040.c.obj
                                         0x9c (size before relaxing)
 .rodata.__func__.0
                0x0000000010006420       0x13 CMakeFiles/pico-invrerter.dir/_deps/pico_sdk-src/src/rp2_common/pico_float/float_init_rom_rp2040.c.obj
 *fill*         0x0000000010006433        0x1 
 .rodata.__wrap_malloc.str1.4
                0x0000000010006434        0xe CMakeFiles/pico-invrerter.dir/_deps/pico_sdk-src/src/rp2_common/pico_malloc/malloc.c.obj
 *fill*         0x0000000010006442        0x2 
 .rodata.str1.4
                0x0000000010006444       0x34 CMakeFiles/pico-invrerter.dir/_deps/pico_sdk-src/src/rp2_common/pico_standard_binary_info/standard_binary_info.c.obj
 .rodata.__bi_26
                0x0000000010006478        0xc CMakeFiles/pico-invrerter.dir/_deps/pico_sdk-src/src/rp2_common/pico_standard_binary_info/standard_binary_info.c.obj
 .rodata.__bi_34
                0x0000000010006484        0xc CMakeFiles/pico-invrerter.dir/_deps/pico_sdk-src/src/rp2_common/pico_standard_binary_info/standard_binary_info.c.obj
 .rodata.__bi_42
                0x0000000010006490        0xc CMakeFiles/pico-invrerter.dir/_deps/pico_sdk-src/src/rp2_common/pico_standard_binary_info/standard_binary_info.c.obj
 .rodata.__bi_48
                0x000000001000649c        0xc CMakeFiles/pico-invrerter.dir/_deps/pico_sdk-src/src/rp2_common/pico_standard_binary_info/standard_binary_info.c.obj
 .rodata.__bi_54
                0x00000000100064a8        0xc CMakeFiles/pico-invrerter.dir/_deps/pico_sdk-src/src/rp2_common/pico_standard_binary_info/standard_binary_info.c.obj
 .rodata.__bi_84
                0x00000000100064b4        0xc CMakeFiles/pico-invrerter.dir/_deps/pico_sdk-src/src/rp2_common/pico_standard_binary_info/standard_binary_info.c.obj
 .rodata._ftoa.str1.4
                0x00000000100064c0       0x15 CMakeFiles/pico-invrerter.dir/_deps/pico_sdk-src/src/rp2_common/pico_printf/printf.c.obj
 *fill*         0x00000000100064d5        0x3 
 .rodata._vsnprintf
                0x00000000100064d8      0x1e0 CMakeFiles/pico-invrerter.dir/_deps/pico_sdk-src/src/rp2_common/pico_printf/printf.c.obj
 .rodata.pow10.0
                0x00000000100066b8       0x50 CMakeFiles/pico-invrerter.dir/_deps/pico_sdk-src/src/rp2_common/pico_printf/printf.c.obj
 .rodata.__assert_func.str1.4
                0x0000000010006708       0x3f CMakeFiles/pico-invrerter.dir/_deps/pico_sdk-src/src/rp2_common/pico_clib_interface/newlib_interface.c.obj
                                         0x43 (size before relaxing)
 *fill*         0x0000000010006747        0x1 
 .rodata.crlf_str.0
                0x0000000010006748        0x2 CMakeFiles/pico-invrerter.dir/_deps/pico_sdk-src/src/rp2_common/pico_stdio/stdio.c.obj
 *fill*         0x000000001000674a        0x2 
 .rodata.str1.4
                0x000000001000674c       0x2c CMakeFiles/pico-invrerter.dir/_deps/pico_sdk-src/src/rp2_common/pico_stdio_uart/stdio_uart.c.obj
 .rodata.__bi_45.4
                0x0000000010006778        0xc CMakeFiles/pico-invrerter.dir/_deps/pico_sdk-src/src/rp2_common/pico_stdio_uart/stdio_uart.c.obj
 .rodata.__bi_49.5
                0x0000000010006784        0x8 CMakeFiles/pico-invrerter.dir/_deps/pico_sdk-src/src/rp2_common/pico_stdio_uart/stdio_uart.c.obj
 .rodata.__bi_50.6
                0x000000001000678c        0x8 CMakeFiles/pico-invrerter.dir/_deps/pico_sdk-src/src/rp2_common/pico_stdio_uart/stdio_uart.c.obj
 .rodata.multicore_lockout_start_block_until.str1.4
                0x0000000010006794       0x74 CMakeFiles/pico-invrerter.dir/_deps/pico_sdk-src/src/rp2_common/pico_multicore/multicore.c.obj
 .rodata.multicore_launch_core1_with_stack.str1.4
                0x0000000010006808       0x19 CMakeFiles/pico-invrerter.dir/_deps/pico_sdk-src/src/rp2_common/pico_multicore/multicore.c.obj
 *fill*         0x0000000010006821        0x3 
 .rodata.__func__.2
                0x0000000010006824       0x22 CMakeFiles/pico-invrerter.dir/_deps/pico_sdk-src/src/rp2_common/pico_multicore/multicore.c.obj
 *fill*         0x0000000010006846        0x2 
 .rodata.i2c_set_baudrate.str1.4
                0x0000000010006848       0x74 CMakeFiles/pico-invrerter.dir/_deps/pico_sdk-src/src/rp2_common/hardware_i2c/i2c.c.obj
 .rodata.__func__.0
                0x00000000100068bc       0x11 CMakeFiles/pico-invrerter.dir/_deps/pico_sdk-src/src/rp2_common/hardware_i2c/i2c.c.obj
 *fill*         0x00000000100068cd        0x3 
 .rodata.Paint_DrawPoint.str1.4
                0x00000000100068d0       0x49 lcd/Pico_code/Pico_code/c/lib/GUI/libGUI.a(GUI_Paint.c.obj)
 *fill*         0x0000000010006919        0x3 
 .rodata.Paint_DrawNum.str1.4
                0x000000001000691c        0x6 lcd/Pico_code/Pico_code/c/lib/GUI/libGUI.a(GUI_Paint.c.obj)
 *fill*         0x0000000010006922        0x2 
 .rodata        0x0000000010006924      0xed8 lcd/Pico_code/Pico_code/c/lib/Fonts/libFonts.a(font20.c.obj)
                0x0000000010006924                Font20_Table
 .rodata.DEV_Module_Init.str1.4
                0x00000000100077fc       0x15 lcd/Pico_code/Pico_code/c/lib/Config/libConfig.a(DEV_Config.c.obj)
 *fill*         0x0000000010007811        0x3 
 .rodata.DEV_SET_PWM.str1.4
                0x0000000010007814       0x14 lcd/Pico_code/Pico_code/c/lib/Config/libConfig.a(DEV_Config.c.obj)
                0x0000000010007828                . = ALIGN (0x4)
 *(SORT_BY_ALIGNMENT(SORT_BY_NAME(.flashdata*)))
                0x0000000010007828                . = ALIGN (0x4)

.ARM.extab
 *(.ARM.extab* .gnu.linkonce.armextab.*)
                0x0000000010007828                __exidx_start = .

.ARM.exidx
 *(.ARM.exidx* .gnu.linkonce.armexidx.*)
                0x0000000010007828                __exidx_end = .
                0x0000000010007828                . = ALIGN (0x4)
                0x0000000010007828                __binary_info_start = .

.binary_info    0x0000000010007828       0x24
 *(.binary_info.keep.*)
 .binary_info.keep.__bi_ptr26
                0x0000000010007828        0x4 CMakeFiles/pico-invrerter.dir/_deps/pico_sdk-src/src/rp2_common/pico_standard_binary_info/standard_binary_info.c.obj
 .binary_info.keep.__bi_ptr34
                0x000000001000782c        0x4 CMakeFiles/pico-invrerter.dir/_deps/pico_sdk-src/src/rp2_common/pico_standard_binary_info/standard_binary_info.c.obj
 .binary_info.keep.__bi_ptr42
                0x0000000010007830        0x4 CMakeFiles/pico-invrerter.dir/_deps/pico_sdk-src/src/rp2_common/pico_standard_binary_info/standard_binary_info.c.obj
 .binary_info.keep.__bi_ptr48
                0x0000000010007834        0x4 CMakeFiles/pico-invrerter.dir/_deps/pico_sdk-src/src/rp2_common/pico_standard_binary_info/standard_binary_info.c.obj
 .binary_info.keep.__bi_ptr54
                0x0000000010007838        0x4 CMakeFiles/pico-invrerter.dir/_deps/pico_sdk-src/src/rp2_common/pico_standard_binary_info/standard_binary_info.c.obj
 .binary_info.keep.__bi_ptr84
                0x000000001000783c        0x4 CMakeFiles/pico-invrerter.dir/_deps/pico_sdk-src/src/rp2_common/pico_standard_binary_info/standard_binary_info.c.obj
 *(.binary_info.*)
 .binary_info.__bi_ptr45
                0x0000000010007840        0x4 CMakeFiles/pico-invrerter.dir/_deps/pico_sdk-src/src/rp2_common/pico_stdio_uart/stdio_uart.c.obj
 .binary_info.__bi_ptr49
                0x0000000010007844        0x4 CMakeFiles/pico-invrerter.dir/_deps/pico_sdk-src/src/rp2_common/pico_stdio_uart/stdio_uart.c.obj
 .binary_info.__bi_ptr50
                0x0000000010007848        0x4 CMakeFiles/pico-invrerter.dir/_deps/pico_sdk-src/src/rp2_common/pico_stdio_uart/stdio_uart.c.obj
                0x000000001000784c                __binary_info_end = .

.rel.dyn        0x000000001000784c        0x0
 .rel.iplt      0x000000001000784c        0x0 /usr/lib/gcc/arm-none-eabi/10.3.1/thumb/v6-m/nofp/crtbegin.o
                0x000000001000784c                . = ALIGN (0x4)

.ram_vector_table
                0x0000000020000000       0xc0
 *(.ram_vector_table)
 .ram_vector_table
                0x0000000020000000       0xc0 CMakeFiles/pico-invrerter.dir/_deps/pico_sdk-src/src/rp2_common/pico_runtime_init/runtime_init.c.obj
                0x0000000020000000                ram_vector_table

.uninitialized_data
                0x00000000200000c0        0x0
                0x00000000200000c0                . = ALIGN (0x4)
 *(.uninitialized_data*)

.data           0x00000000200000c0      0xb10 load address 0x000000001000784c
                0x00000000200000c0                __data_start__ = .
 *(vtable)
 *(.time_critical*)
 .time_critical.mutex_enter_blocking
                0x00000000200000c0       0x48 CMakeFiles/pico-invrerter.dir/_deps/pico_sdk-src/src/common/pico_sync/mutex.c.obj
                0x00000000200000c0                mutex_enter_blocking
 .time_critical.mutex_try_enter
                0x0000000020000108       0x46 CMakeFiles/pico-invrerter.dir/_deps/pico_sdk-src/src/common/pico_sync/mutex.c.obj
                0x0000000020000108                mutex_try_enter
 *fill*         0x000000002000014e        0x2 
 .time_critical.mutex_enter_block_until
                0x0000000020000150       0x8c CMakeFiles/pico-invrerter.dir/_deps/pico_sdk-src/src/common/pico_sync/mutex.c.obj
                0x0000000020000150                mutex_enter_block_until
 .time_critical.mutex_try_enter_block_until
                0x00000000200001dc       0x34 CMakeFiles/pico-invrerter.dir/_deps/pico_sdk-src/src/common/pico_sync/mutex.c.obj
                0x00000000200001dc                mutex_try_enter_block_until
 .time_critical.mutex_exit
                0x0000000020000210       0x4c CMakeFiles/pico-invrerter.dir/_deps/pico_sdk-src/src/common/pico_sync/mutex.c.obj
                0x0000000020000210                mutex_exit
 .time_critical.spi_write_blocking
                0x000000002000025c       0x3a CMakeFiles/pico-invrerter.dir/_deps/pico_sdk-src/src/rp2_common/hardware_spi/spi.c.obj
                0x000000002000025c                spi_write_blocking
 *(.text*)
 *fill*         0x0000000020000296        0x2 
 .text          0x0000000020000298        0x4 /usr/lib/gcc/arm-none-eabi/10.3.1/thumb/v6-m/nofp/libgcc.a(_dvmd_tls.o)
                0x0000000020000298                __aeabi_ldiv0
                0x0000000020000298                __aeabi_idiv0
 *fill*         0x000000002000029c        0x4 
 .text.__stub   0x00000000200002a0       0x20 linker stubs
                0x00000000200002c0                . = ALIGN (0x4)
 *(.rodata*)
                0x00000000200002c0                . = ALIGN (0x4)
 *(.data*)
 .data.sinfeq   0x00000000200002c0        0x4 CMakeFiles/pico-invrerter.dir/main.c.obj
                0x00000000200002c0                sinfeq
 .data.step     0x00000000200002c4        0x4 CMakeFiles/pico-invrerter.dir/main.c.obj
                0x00000000200002c4                step
 .data.striped_spin_lock_num
                0x00000000200002c8        0x1 CMakeFiles/pico-invrerter.dir/_deps/pico_sdk-src/src/rp2_common/hardware_sync/sync.c.obj
 *fill*         0x00000000200002c9        0x3 
 .data          0x00000000200002cc       0x48 CMakeFiles/pico-invrerter.dir/_deps/pico_sdk-src/src/rp2_common/hardware_irq/irq_handler_chain.S.obj
                0x00000000200002cc                irq_handler_chain_slots
                0x00000000200002fc                irq_handler_chain_first_slot
                0x0000000020000306                irq_handler_chain_remove_tail
 .data.default_alarm_pool
                0x0000000020000314       0x18 CMakeFiles/pico-invrerter.dir/_deps/pico_sdk-src/src/common/pico_time/time.c.obj
 *fill*         0x000000002000032c        0x4 
 .data.aeabi_bits_funcs
                0x0000000020000330       0x10 CMakeFiles/pico-invrerter.dir/_deps/pico_sdk-src/src/rp2_common/pico_bit_ops/bit_ops_aeabi.S.obj
                0x0000000020000330                aeabi_bits_funcs
                0x0000000020000340                aeabi_bits_funcs_end
 .data.aeabi_mem_funcs
                0x0000000020000340       0x10 CMakeFiles/pico-invrerter.dir/_deps/pico_sdk-src/src/rp2_common/pico_mem_ops/mem_ops_aeabi.S.obj
                0x0000000020000340                aeabi_mem_funcs
                0x0000000020000350                aeabi_mem_funcs_end
 .data.stdio_uart
                0x0000000020000350       0x18 CMakeFiles/pico-invrerter.dir/_deps/pico_sdk-src/src/rp2_common/pico_stdio_uart/stdio_uart.c.obj
                0x0000000020000350                stdio_uart
 .data.i2c0_inst
                0x0000000020000368        0x8 CMakeFiles/pico-invrerter.dir/_deps/pico_sdk-src/src/rp2_common/hardware_i2c/i2c.c.obj
                0x0000000020000368                i2c0_inst
 .data.i2c1_inst
                0x0000000020000370        0x8 CMakeFiles/pico-invrerter.dir/_deps/pico_sdk-src/src/rp2_common/hardware_i2c/i2c.c.obj
                0x0000000020000370                i2c1_inst
 .data          0x0000000020000378        0x8 lcd/Pico_code/Pico_code/c/lib/Fonts/libFonts.a(font20.c.obj)
                0x0000000020000378                Font20
 .data          0x0000000020000380      0x430 /usr/lib/gcc/arm-none-eabi/10.3.1/../../../arm-none-eabi/lib/thumb/v6-m/nofp/libg.a(lib_a-impure.o)
                0x0000000020000380                _impure_ptr
 .data          0x00000000200007b0      0x410 /usr/lib/gcc/arm-none-eabi/10.3.1/../../../arm-none-eabi/lib/thumb/v6-m/nofp/libg.a(lib_a-mallocr.o)
                0x00000000200007b0                __malloc_sbrk_base
                0x00000000200007b4                __malloc_trim_threshold
                0x00000000200007b8                __malloc_av_
                0x0000000020000bc0                . = ALIGN (0x4)
 *(.after_data.*)
                0x0000000020000bc0                . = ALIGN (0x4)
                0x0000000020000bc0                PROVIDE (__mutex_array_start = .)
 *(SORT_BY_NAME(.mutex_array.*))
 *(.mutex_array)
 .mutex_array   0x0000000020000bc0        0x8 CMakeFiles/pico-invrerter.dir/_deps/pico_sdk-src/src/rp2_common/pico_malloc/malloc.c.obj
 .mutex_array   0x0000000020000bc8        0x8 CMakeFiles/pico-invrerter.dir/_deps/pico_sdk-src/src/rp2_common/pico_stdio/stdio.c.obj
                0x0000000020000bd0                PROVIDE (__mutex_array_end = .)
                0x0000000020000bd0                . = ALIGN (0x4)
 *(.jcr)
                0x0000000020000bd0                . = ALIGN (0x4)

.tm_clone_table
                0x0000000020000bd0        0x0 load address 0x000000001000835c
 .tm_clone_table
                0x0000000020000bd0        0x0 /usr/lib/gcc/arm-none-eabi/10.3.1/thumb/v6-m/nofp/crtbegin.o
 .tm_clone_table
                0x0000000020000bd0        0x0 /usr/lib/gcc/arm-none-eabi/10.3.1/thumb/v6-m/nofp/crtend.o

.igot.plt       0x0000000020000bd0        0x0 load address 0x000000001000835c
 .igot.plt      0x0000000020000bd0        0x0 /usr/lib/gcc/arm-none-eabi/10.3.1/thumb/v6-m/nofp/crtbegin.o

.tdata          0x0000000020000bd0        0x0 load address 0x000000001000835c
                0x0000000020000bd0                . = ALIGN (0x4)
 *(.tdata .tdata.* .gnu.linkonce.td.*)
                0x0000000020000bd0                __tdata_end = .
                0x0000000020000bd0                PROVIDE (__data_end__ = .)
                0x000000001000784c                __etext = LOADADDR (.data)

.tbss           0x0000000020000bd0        0x0 load address 0x000000001000835c
                0x0000000020000bd0                . = ALIGN (0x4)
                0x0000000020000bd0                __bss_start__ = .
                0x0000000020000bd0                __tls_base = .
 *(.tbss .tbss.* .gnu.linkonce.tb.*)
 *(.tcommon)
                0x0000000020000bd0                __tls_end = .

.bss            0x0000000020000bd0      0x464 load address 0x000000001000835c
                0x0000000020000bd0                . = ALIGN (0x4)
                0x0000000020000bd0                __tbss_end = .
 *(SORT_BY_ALIGNMENT(SORT_BY_NAME(.bss*)))
 .bss.default_alarm_pool_entries
                0x0000000020000bd0      0x180 CMakeFiles/pico-invrerter.dir/_deps/pico_sdk-src/src/common/pico_time/time.c.obj
 .bss           0x0000000020000d50       0x1c /usr/lib/gcc/arm-none-eabi/10.3.1/thumb/v6-m/nofp/crtbegin.o
 .bss           0x0000000020000d6c       0x34 /usr/lib/gcc/arm-none-eabi/10.3.1/../../../arm-none-eabi/lib/thumb/v6-m/nofp/libg.a(lib_a-mallocr.o)
                0x0000000020000d6c                __malloc_top_pad
                0x0000000020000d70                __malloc_current_mallinfo
                0x0000000020000d98                __malloc_max_sbrked_mem
                0x0000000020000d9c                __malloc_max_total_mem
 .bss           0x0000000020000da0        0x4 /usr/lib/gcc/arm-none-eabi/10.3.1/../../../arm-none-eabi/lib/thumb/v6-m/nofp/libg.a(lib_a-reent.o)
                0x0000000020000da0                errno
 .bss.Infrared_PIN
                0x0000000020000da4        0x4 lcd/Pico_code/Pico_code/c/lib/Infrared/libInfrared.a(Infrared.c.obj)
                0x0000000020000da4                Infrared_PIN
 .bss.LCD_1IN3  0x0000000020000da8        0x6 lcd/Pico_code/Pico_code/c/lib/LCD/libLCD.a(LCD_1in3.c.obj)
                0x0000000020000da8                LCD_1IN3
 *fill*         0x0000000020000dae        0x2 
 .bss.Paint     0x0000000020000db0       0x18 lcd/Pico_code/Pico_code/c/lib/GUI/libGUI.a(GUI_Paint.c.obj)
                0x0000000020000db0                Paint
 .bss.chars_available_callback
                0x0000000020000dc8        0x4 CMakeFiles/pico-invrerter.dir/_deps/pico_sdk-src/src/rp2_common/pico_stdio_uart/stdio_uart.c.obj
 .bss.chars_available_param
                0x0000000020000dcc        0x4 CMakeFiles/pico-invrerter.dir/_deps/pico_sdk-src/src/rp2_common/pico_stdio_uart/stdio_uart.c.obj
 .bss.claimed   0x0000000020000dd0        0x1 CMakeFiles/pico-invrerter.dir/_deps/pico_sdk-src/src/rp2_common/hardware_timer/timer.c.obj
 *fill*         0x0000000020000dd1        0x3 
 .bss.configured_freq
                0x0000000020000dd4       0x28 CMakeFiles/pico-invrerter.dir/_deps/pico_sdk-src/src/rp2_common/hardware_clocks/clocks.c.obj
 .bss.drivers   0x0000000020000dfc        0x4 CMakeFiles/pico-invrerter.dir/_deps/pico_sdk-src/src/rp2_common/pico_stdio/stdio.c.obj
 .bss.filter    0x0000000020000e00        0x4 CMakeFiles/pico-invrerter.dir/_deps/pico_sdk-src/src/rp2_common/pico_stdio/stdio.c.obj
 .bss.heap_end.0
                0x0000000020000e04        0x4 CMakeFiles/pico-invrerter.dir/_deps/pico_sdk-src/src/rp2_common/pico_clib_interface/newlib_interface.c.obj
 .bss.pools     0x0000000020000e08       0x10 CMakeFiles/pico-invrerter.dir/_deps/pico_sdk-src/src/common/pico_time/time.c.obj
 .bss.sd_table  0x0000000020000e18      0x100 CMakeFiles/pico-invrerter.dir/_deps/pico_sdk-src/src/rp2_common/pico_double/double_init_rom_rp2040.c.obj
                0x0000000020000e18                sd_table
 .bss.sf_clz_func
                0x0000000020000f18        0x4 CMakeFiles/pico-invrerter.dir/_deps/pico_sdk-src/src/rp2_common/pico_double/double_init_rom_rp2040.c.obj
                0x0000000020000f18                sf_clz_func
 .bss.sf_table  0x0000000020000f1c      0x100 CMakeFiles/pico-invrerter.dir/_deps/pico_sdk-src/src/rp2_common/pico_float/float_init_rom_rp2040.c.obj
                0x0000000020000f1c                sf_table
 .bss.sleep_notifier
                0x000000002000101c        0x4 CMakeFiles/pico-invrerter.dir/_deps/pico_sdk-src/src/common/pico_time/time.c.obj
 .bss.slice_num
                0x0000000020001020        0x4 lcd/Pico_code/Pico_code/c/lib/Config/libConfig.a(DEV_Config.c.obj)
                0x0000000020001020                slice_num
 .bss.uart_char_to_line_feed
                0x0000000020001024        0x4 CMakeFiles/pico-invrerter.dir/_deps/pico_sdk-src/src/rp2_common/hardware_uart/uart.c.obj
                0x0000000020001024                uart_char_to_line_feed
 .bss.uart_instance
                0x0000000020001028        0x4 CMakeFiles/pico-invrerter.dir/_deps/pico_sdk-src/src/rp2_common/pico_stdio_uart/stdio_uart.c.obj
 .bss.bouncec   0x000000002000102c        0x1 CMakeFiles/pico-invrerter.dir/main.c.obj
                0x000000002000102c                bouncec
 .bss.bouncel   0x000000002000102d        0x1 CMakeFiles/pico-invrerter.dir/main.c.obj
                0x000000002000102d                bouncel
 .bss.bouncer   0x000000002000102e        0x1 CMakeFiles/pico-invrerter.dir/main.c.obj
                0x000000002000102e                bouncer
 .bss.enable    0x000000002000102f        0x1 CMakeFiles/pico-invrerter.dir/main.c.obj
                0x000000002000102f                enable
 .bss.irq_handler_chain_free_slot_head
                0x0000000020001030        0x1 CMakeFiles/pico-invrerter.dir/_deps/pico_sdk-src/src/rp2_common/hardware_irq/irq.c.obj
 *(COMMON)
                0x0000000020001034                . = ALIGN (0x4)
 *fill*         0x0000000020001031        0x3 
                0x0000000020001034                __bss_end__ = .

.heap           0x0000000020001034    0x3efcc load address 0x000000001000835c
                0x0000000020001034                __end__ = .
                0x0000000020001034                end = __end__
 *(.heap*)
 .heap          0x0000000020001034      0x800 CMakeFiles/pico-invrerter.dir/_deps/pico_sdk-src/src/rp2_common/pico_crt0/crt0.S.obj
                0x0000000020040000                . = (ORIGIN (RAM) + LENGTH (RAM))
 *fill*         0x0000000020001834    0x3e7cc 
                0x0000000020040000                __HeapLimit = .

.scratch_x      0x0000000020040000        0x0 load address 0x000000001000835c
                0x0000000020040000                __scratch_x_start__ = .
 *(.scratch_x.*)
                0x0000000020040000                . = ALIGN (0x4)
                0x0000000020040000                __scratch_x_end__ = .
                0x000000001000835c                __scratch_x_source__ = LOADADDR (.scratch_x)

.scratch_y      0x0000000020041000        0x0 load address 0x000000001000835c
                0x0000000020041000                __scratch_y_start__ = .
 *(.scratch_y.*)
                0x0000000020041000                . = ALIGN (0x4)
                0x0000000020041000                __scratch_y_end__ = .
                0x000000001000835c                __scratch_y_source__ = LOADADDR (.scratch_y)

.stack1_dummy   0x0000000020040000      0x800
 *(.stack1*)
 .stack1        0x0000000020040000      0x800 CMakeFiles/pico-invrerter.dir/_deps/pico_sdk-src/src/rp2_common/pico_multicore/multicore.c.obj

.stack_dummy    0x0000000020041000      0x800
 *(.stack*)
 .stack         0x0000000020041000      0x800 CMakeFiles/pico-invrerter.dir/_deps/pico_sdk-src/src/rp2_common/pico_crt0/crt0.S.obj

.flash_end      0x000000001000835c        0x0
 *(.embedded_end_block*)
                0x000000001000835c                PROVIDE (__flash_binary_end = .)
                0x0000000020040000                __StackLimit = (ORIGIN (RAM) + LENGTH (RAM))
                0x0000000020041000                __StackOneTop = (ORIGIN (SCRATCH_X) + LENGTH (SCRATCH_X))
                0x0000000020042000                __StackTop = (ORIGIN (SCRATCH_Y) + LENGTH (SCRATCH_Y))
                0x0000000020040800                __StackOneBottom = (__StackOneTop - SIZEOF (.stack1_dummy))
                0x0000000020041800                __StackBottom = (__StackTop - SIZEOF (.stack_dummy))
                0x0000000020042000                PROVIDE (__stack = __StackTop)
                [!provide]                        PROVIDE (__heap_start = __end__)
                [!provide]                        PROVIDE (__heap_end = __HeapLimit)
                [!provide]                        PROVIDE (__tls_align = MAX (ALIGNOF (.tdata), ALIGNOF (.tbss)))
                [!provide]                        PROVIDE (__tls_size_align = (((__tls_size + __tls_align) - 0x1) & ~ ((__tls_align - 0x1))))
                [!provide]                        PROVIDE (__arm32_tls_tcb_offset = MAX (0x8, __tls_align))
                [!provide]                        PROVIDE (_end = __end__)
                [!provide]                        PROVIDE (__llvm_libc_heap_limit = __HeapLimit)
                0x0000000000000001                ASSERT ((__StackLimit >= __HeapLimit), region RAM overflowed)
                0x0000000000000001                ASSERT (((__binary_info_header_end - __logical_binary_start) <= 0x100), Binary info must be in first 256 bytes of the binary)
LOAD CMakeFiles/pico-invrerter.dir/src/pico_servo.c.obj
LOAD CMakeFiles/pico-invrerter.dir/main.c.obj
LOAD CMakeFiles/pico-invrerter.dir/_deps/pico_sdk-src/src/rp2_common/pico_stdlib/stdlib.c.obj
LOAD CMakeFiles/pico-invrerter.dir/_deps/pico_sdk-src/src/rp2_common/hardware_gpio/gpio.c.obj
LOAD CMakeFiles/pico-invrerter.dir/_deps/pico_sdk-src/src/rp2040/pico_platform/platform.c.obj
LOAD CMakeFiles/pico-invrerter.dir/_deps/pico_sdk-src/src/rp2_common/pico_platform_panic/panic.c.obj
LOAD CMakeFiles/pico-invrerter.dir/_deps/pico_sdk-src/src/common/hardware_claim/claim.c.obj
LOAD CMakeFiles/pico-invrerter.dir/_deps/pico_sdk-src/src/rp2_common/hardware_sync/sync.c.obj
LOAD CMakeFiles/pico-invrerter.dir/_deps/pico_sdk-src/src/rp2_common/hardware_sync_spin_lock/sync_spin_lock.c.obj
LOAD CMakeFiles/pico-invrerter.dir/_deps/pico_sdk-src/src/rp2_common/hardware_irq/irq.c.obj
LOAD CMakeFiles/pico-invrerter.dir/_deps/pico_sdk-src/src/rp2_common/hardware_irq/irq_handler_chain.S.obj
LOAD CMakeFiles/pico-invrerter.dir/_deps/pico_sdk-src/src/common/pico_sync/sem.c.obj
LOAD CMakeFiles/pico-invrerter.dir/_deps/pico_sdk-src/src/common/pico_sync/lock_core.c.obj
LOAD CMakeFiles/pico-invrerter.dir/_deps/pico_sdk-src/src/common/pico_sync/mutex.c.obj
LOAD CMakeFiles/pico-invrerter.dir/_deps/pico_sdk-src/src/common/pico_sync/critical_section.c.obj
LOAD CMakeFiles/pico-invrerter.dir/_deps/pico_sdk-src/src/common/pico_time/time.c.obj
LOAD CMakeFiles/pico-invrerter.dir/_deps/pico_sdk-src/src/common/pico_time/timeout_helper.c.obj
LOAD CMakeFiles/pico-invrerter.dir/_deps/pico_sdk-src/src/rp2_common/hardware_timer/timer.c.obj
LOAD CMakeFiles/pico-invrerter.dir/_deps/pico_sdk-src/src/common/pico_util/datetime.c.obj
LOAD CMakeFiles/pico-invrerter.dir/_deps/pico_sdk-src/src/common/pico_util/pheap.c.obj
LOAD CMakeFiles/pico-invrerter.dir/_deps/pico_sdk-src/src/common/pico_util/queue.c.obj
LOAD CMakeFiles/pico-invrerter.dir/_deps/pico_sdk-src/src/rp2_common/hardware_uart/uart.c.obj
LOAD CMakeFiles/pico-invrerter.dir/_deps/pico_sdk-src/src/rp2_common/hardware_clocks/clocks.c.obj
LOAD CMakeFiles/pico-invrerter.dir/_deps/pico_sdk-src/src/rp2_common/hardware_pll/pll.c.obj
LOAD CMakeFiles/pico-invrerter.dir/_deps/pico_sdk-src/src/rp2_common/hardware_vreg/vreg.c.obj
LOAD CMakeFiles/pico-invrerter.dir/_deps/pico_sdk-src/src/rp2_common/hardware_watchdog/watchdog.c.obj
LOAD CMakeFiles/pico-invrerter.dir/_deps/pico_sdk-src/src/rp2_common/hardware_ticks/ticks.c.obj
LOAD CMakeFiles/pico-invrerter.dir/_deps/pico_sdk-src/src/rp2_common/hardware_xosc/xosc.c.obj
LOAD CMakeFiles/pico-invrerter.dir/_deps/pico_sdk-src/src/rp2_common/hardware_divider/divider.S.obj
LOAD CMakeFiles/pico-invrerter.dir/_deps/pico_sdk-src/src/rp2_common/pico_runtime/runtime.c.obj
LOAD CMakeFiles/pico-invrerter.dir/_deps/pico_sdk-src/src/rp2_common/pico_runtime_init/runtime_init.c.obj
LOAD CMakeFiles/pico-invrerter.dir/_deps/pico_sdk-src/src/rp2_common/pico_runtime_init/runtime_init_clocks.c.obj
LOAD CMakeFiles/pico-invrerter.dir/_deps/pico_sdk-src/src/rp2_common/pico_runtime_init/runtime_init_stack_guard.c.obj
LOAD CMakeFiles/pico-invrerter.dir/_deps/pico_sdk-src/src/rp2_common/pico_bit_ops/bit_ops_aeabi.S.obj
LOAD CMakeFiles/pico-invrerter.dir/_deps/pico_sdk-src/src/rp2_common/pico_bootrom/bootrom.c.obj
LOAD CMakeFiles/pico-invrerter.dir/_deps/pico_sdk-src/src/rp2_common/pico_bootrom/bootrom_lock.c.obj
LOAD CMakeFiles/pico-invrerter.dir/_deps/pico_sdk-src/src/rp2_common/hardware_boot_lock/boot_lock.c.obj
LOAD CMakeFiles/pico-invrerter.dir/_deps/pico_sdk-src/src/rp2_common/pico_divider/divider_hardware.S.obj
LOAD CMakeFiles/pico-invrerter.dir/_deps/pico_sdk-src/src/rp2_common/pico_double/double_aeabi_rp2040.S.obj
LOAD CMakeFiles/pico-invrerter.dir/_deps/pico_sdk-src/src/rp2_common/pico_double/double_init_rom_rp2040.c.obj
LOAD CMakeFiles/pico-invrerter.dir/_deps/pico_sdk-src/src/rp2_common/pico_double/double_math.c.obj
LOAD CMakeFiles/pico-invrerter.dir/_deps/pico_sdk-src/src/rp2_common/pico_double/double_v1_rom_shim_rp2040.S.obj
LOAD CMakeFiles/pico-invrerter.dir/_deps/pico_sdk-src/src/rp2_common/pico_int64_ops/pico_int64_ops_aeabi.S.obj
LOAD CMakeFiles/pico-invrerter.dir/_deps/pico_sdk-src/src/rp2_common/pico_float/float_aeabi_rp2040.S.obj
LOAD CMakeFiles/pico-invrerter.dir/_deps/pico_sdk-src/src/rp2_common/pico_float/float_init_rom_rp2040.c.obj
LOAD CMakeFiles/pico-invrerter.dir/_deps/pico_sdk-src/src/rp2_common/pico_float/float_math.c.obj
LOAD CMakeFiles/pico-invrerter.dir/_deps/pico_sdk-src/src/rp2_common/pico_float/float_v1_rom_shim_rp2040.S.obj
LOAD CMakeFiles/pico-invrerter.dir/_deps/pico_sdk-src/src/rp2_common/pico_malloc/malloc.c.obj
LOAD CMakeFiles/pico-invrerter.dir/_deps/pico_sdk-src/src/rp2_common/pico_mem_ops/mem_ops_aeabi.S.obj
LOAD CMakeFiles/pico-invrerter.dir/_deps/pico_sdk-src/src/rp2_common/pico_atomic/atomic.c.obj
LOAD CMakeFiles/pico-invrerter.dir/_deps/pico_sdk-src/src/rp2_common/pico_cxx_options/new_delete.cpp.obj
LOAD CMakeFiles/pico-invrerter.dir/_deps/pico_sdk-src/src/rp2_common/pico_standard_binary_info/standard_binary_info.c.obj
LOAD CMakeFiles/pico-invrerter.dir/_deps/pico_sdk-src/src/rp2_common/pico_printf/printf.c.obj
LOAD CMakeFiles/pico-invrerter.dir/_deps/pico_sdk-src/src/rp2_common/pico_crt0/crt0.S.obj
LOAD CMakeFiles/pico-invrerter.dir/_deps/pico_sdk-src/src/rp2_common/pico_clib_interface/newlib_interface.c.obj
LOAD CMakeFiles/pico-invrerter.dir/_deps/pico_sdk-src/src/rp2_common/pico_stdio/stdio.c.obj
LOAD CMakeFiles/pico-invrerter.dir/_deps/pico_sdk-src/src/rp2_common/pico_stdio_uart/stdio_uart.c.obj
LOAD CMakeFiles/pico-invrerter.dir/_deps/pico_sdk-src/src/rp2_common/hardware_adc/adc.c.obj
LOAD CMakeFiles/pico-invrerter.dir/_deps/pico_sdk-src/src/rp2_common/hardware_flash/flash.c.obj
LOAD CMakeFiles/pico-invrerter.dir/_deps/pico_sdk-src/src/rp2_common/hardware_dma/dma.c.obj
LOAD CMakeFiles/pico-invrerter.dir/_deps/pico_sdk-src/src/rp2_common/pico_multicore/multicore.c.obj
LOAD CMakeFiles/pico-invrerter.dir/_deps/pico_sdk-src/src/rp2_common/hardware_pio/pio.c.obj
LOAD CMakeFiles/pico-invrerter.dir/_deps/pico_sdk-src/src/rp2_common/hardware_spi/spi.c.obj
LOAD CMakeFiles/pico-invrerter.dir/_deps/pico_sdk-src/src/rp2_common/hardware_i2c/i2c.c.obj
LOAD lcd/Pico_code/Pico_code/c/lib/LCD/libLCD.a
LOAD lcd/Pico_code/Pico_code/c/lib/OLED/libOLED.a
LOAD lcd/Pico_code/Pico_code/c/lib/Infrared/libInfrared.a
LOAD lcd/Pico_code/Pico_code/c/lib/Icm20948/libIcm20948.a
LOAD lcd/Pico_code/Pico_code/c/lib/GUI/libGUI.a
LOAD lcd/Pico_code/Pico_code/c/lib/Fonts/libFonts.a
LOAD lcd/Pico_code/Pico_code/c/lib/Config/libConfig.a
LOAD /tmp/ccBeINJ8.o
LOAD /usr/lib/gcc/arm-none-eabi/10.3.1/../../../arm-none-eabi/lib/thumb/v6-m/nofp/libstdc++.a
LOAD /usr/lib/gcc/arm-none-eabi/10.3.1/../../../arm-none-eabi/lib/thumb/v6-m/nofp/libm.a
START GROUP
LOAD /usr/lib/gcc/arm-none-eabi/10.3.1/thumb/v6-m/nofp/libgcc.a
LOAD /usr/lib/gcc/arm-none-eabi/10.3.1/../../../arm-none-eabi/lib/thumb/v6-m/nofp/libg.a
LOAD /usr/lib/gcc/arm-none-eabi/10.3.1/../../../arm-none-eabi/lib/thumb/v6-m/nofp/libc.a
END GROUP
START GROUP
LOAD /usr/lib/gcc/arm-none-eabi/10.3.1/thumb/v6-m/nofp/libgcc.a
LOAD /usr/lib/gcc/arm-none-eabi/10.3.1/../../../arm-none-eabi/lib/thumb/v6-m/nofp/libc.a
LOAD /usr/lib/gcc/arm-none-eabi/10.3.1/../../../arm-none-eabi/lib/thumb/v6-m/nofp/libnosys.a
END GROUP
LOAD /usr/lib/gcc/arm-none-eabi/10.3.1/thumb/v6-m/nofp/crtend.o
LOAD /usr/lib/gcc/arm-none-eabi/10.3.1/thumb/v6-m/nofp/crtn.o
OUTPUT(pico-invrerter.elf elf32-littlearm)
LOAD linker stubs

.ARM.attributes
                0x0000000000000000       0x28
 .ARM.attributes
                0x0000000000000000       0x1e /usr/lib/gcc/arm-none-eabi/10.3.1/thumb/v6-m/nofp/crti.o
 .ARM.attributes
                0x000000000000001e       0x2c /usr/lib/gcc/arm-none-eabi/10.3.1/thumb/v6-m/nofp/crtbegin.o
 .ARM.attributes
                0x000000000000004a       0x2c CMakeFiles/pico-invrerter.dir/main.c.obj
 .ARM.attributes
                0x0000000000000076       0x2c CMakeFiles/pico-invrerter.dir/_deps/pico_sdk-src/src/rp2_common/hardware_gpio/gpio.c.obj
 .ARM.attributes
                0x00000000000000a2       0x2c CMakeFiles/pico-invrerter.dir/_deps/pico_sdk-src/src/rp2_common/pico_platform_panic/panic.c.obj
 .ARM.attributes
                0x00000000000000ce       0x2c CMakeFiles/pico-invrerter.dir/_deps/pico_sdk-src/src/common/hardware_claim/claim.c.obj
 .ARM.attributes
                0x00000000000000fa       0x2c CMakeFiles/pico-invrerter.dir/_deps/pico_sdk-src/src/rp2_common/hardware_sync/sync.c.obj
 .ARM.attributes
                0x0000000000000126       0x2c CMakeFiles/pico-invrerter.dir/_deps/pico_sdk-src/src/rp2_common/hardware_sync_spin_lock/sync_spin_lock.c.obj
 .ARM.attributes
                0x0000000000000152       0x2c CMakeFiles/pico-invrerter.dir/_deps/pico_sdk-src/src/rp2_common/hardware_irq/irq.c.obj
 .ARM.attributes
                0x000000000000017e       0x22 CMakeFiles/pico-invrerter.dir/_deps/pico_sdk-src/src/rp2_common/hardware_irq/irq_handler_chain.S.obj
 .ARM.attributes
                0x00000000000001a0       0x2c CMakeFiles/pico-invrerter.dir/_deps/pico_sdk-src/src/common/pico_sync/lock_core.c.obj
 .ARM.attributes
                0x00000000000001cc       0x2c CMakeFiles/pico-invrerter.dir/_deps/pico_sdk-src/src/common/pico_sync/mutex.c.obj
 .ARM.attributes
                0x00000000000001f8       0x2c CMakeFiles/pico-invrerter.dir/_deps/pico_sdk-src/src/common/pico_time/time.c.obj
 .ARM.attributes
                0x0000000000000224       0x2c CMakeFiles/pico-invrerter.dir/_deps/pico_sdk-src/src/rp2_common/hardware_timer/timer.c.obj
 .ARM.attributes
                0x0000000000000250       0x2c CMakeFiles/pico-invrerter.dir/_deps/pico_sdk-src/src/rp2_common/hardware_uart/uart.c.obj
 .ARM.attributes
                0x000000000000027c       0x2c CMakeFiles/pico-invrerter.dir/_deps/pico_sdk-src/src/rp2_common/hardware_clocks/clocks.c.obj
 .ARM.attributes
                0x00000000000002a8       0x2c CMakeFiles/pico-invrerter.dir/_deps/pico_sdk-src/src/rp2_common/hardware_pll/pll.c.obj
 .ARM.attributes