Archive member included to satisfy reference by file (symbol)

lcd/Pico_code/Pico_code/c/lib/LCD/libLCD.a(LCD_1in3.c.obj)
                              CMakeFiles/pico-invrerter.dir/main.c.obj (LCD_1IN3_Init)
lcd/Pico_code/Pico_code/c/lib/GUI/libGUI.a(GUI_Paint.c.obj)
                              CMakeFiles/pico-invrerter.dir/main.c.obj (Paint_NewImage)
lcd/Pico_code/Pico_code/c/lib/Fonts/libFonts.a(font20.c.obj)
                              CMakeFiles/pico-invrerter.dir/main.c.obj (Font20)
lcd/Pico_code/Pico_code/c/lib/Config/libConfig.a(DEV_Config.c.obj)
                              lcd/Pico_code/Pico_code/c/lib/LCD/libLCD.a(LCD_1in3.c.obj) (DEV_Digital_Write)
/usr/lib/gcc/arm-none-eabi/10.3.1/thumb/v6-m/nofp/libgcc.a(_dvmd_tls.o)
                              CMakeFiles/pico-invrerter.dir/_deps/pico_sdk-src/src/rp2_common/pico_divider/divider_hardware.S.obj (__aeabi_idiv0)
/usr/lib/gcc/arm-none-eabi/10.3.1/../../../arm-none-eabi/lib/thumb/v6-m/nofp/libg.a(lib_a-atexit.o)
                              /usr/lib/gcc/arm-none-eabi/10.3.1/../../../arm-none-eabi/lib/thumb/v6-m/nofp/crt0.o (atexit)
/usr/lib/gcc/arm-none-eabi/10.3.1/../../../arm-none-eabi/lib/thumb/v6-m/nofp/libg.a(lib_a-calloc.o)
                              CMakeFiles/pico-invrerter.dir/_deps/pico_sdk-src/src/rp2_common/pico_malloc/malloc.c.obj (calloc)
/usr/lib/gcc/arm-none-eabi/10.3.1/../../../arm-none-eabi/lib/thumb/v6-m/nofp/libg.a(lib_a-callocr.o)
                              /usr/lib/gcc/arm-none-eabi/10.3.1/../../../arm-none-eabi/lib/thumb/v6-m/nofp/libg.a(lib_a-calloc.o) (_calloc_r)
/usr/lib/gcc/arm-none-eabi/10.3.1/../../../arm-none-eabi/lib/thumb/v6-m/nofp/libg.a(lib_a-fini.o)
                              /usr/lib/gcc/arm-none-eabi/10.3.1/../../../arm-none-eabi/lib/thumb/v6-m/nofp/crt0.o (__libc_fini_array)
/usr/lib/gcc/arm-none-eabi/10.3.1/../../../arm-none-eabi/lib/thumb/v6-m/nofp/libg.a(lib_a-impure.o)
                              /usr/lib/gcc/arm-none-eabi/10.3.1/../../../arm-none-eabi/lib/thumb/v6-m/nofp/libg.a(lib_a-calloc.o) (_impure_ptr)
/usr/lib/gcc/arm-none-eabi/10.3.1/../../../arm-none-eabi/lib/thumb/v6-m/nofp/libg.a(lib_a-init.o)
                              /usr/lib/gcc/arm-none-eabi/10.3.1/../../../arm-none-eabi/lib/thumb/v6-m/nofp/crt0.o (__libc_init_array)
/usr/lib/gcc/arm-none-eabi/10.3.1/../../../arm-none-eabi/lib/thumb/v6-m/nofp/libg.a(lib_a-lcltime_r.o)
                              CMakeFiles/pico-invrerter.dir/_deps/pico_sdk-src/src/common/pico_util/datetime.c.obj (localtime_r)
/usr/lib/gcc/arm-none-eabi/10.3.1/../../../arm-none-eabi/lib/thumb/v6-m/nofp/libg.a(lib_a-malloc.o)
                              CMakeFiles/pico-invrerter.dir/_deps/pico_sdk-src/src/rp2_common/pico_malloc/malloc.c.obj (malloc)
/usr/lib/gcc/arm-none-eabi/10.3.1/../../../arm-none-eabi/lib/thumb/v6-m/nofp/libg.a(lib_a-mallocr.o)
                              /usr/lib/gcc/arm-none-eabi/10.3.1/../../../arm-none-eabi/lib/thumb/v6-m/nofp/libg.a(lib_a-callocr.o) (_malloc_r)
/usr/lib/gcc/arm-none-eabi/10.3.1/../../../arm-none-eabi/lib/thumb/v6-m/nofp/libg.a(lib_a-memcmp.o)
                              CMakeFiles/pico-invrerter.dir/_deps/pico_sdk-src/src/rp2_common/pico_atomic/atomic.c.obj (memcmp)
/usr/lib/gcc/arm-none-eabi/10.3.1/../../../arm-none-eabi/lib/thumb/v6-m/nofp/libg.a(lib_a-mktime.o)
                              CMakeFiles/pico-invrerter.dir/_deps/pico_sdk-src/src/common/pico_util/datetime.c.obj (mktime)
/usr/lib/gcc/arm-none-eabi/10.3.1/../../../arm-none-eabi/lib/thumb/v6-m/nofp/libg.a(lib_a-mlock.o)
                              /usr/lib/gcc/arm-none-eabi/10.3.1/../../../arm-none-eabi/lib/thumb/v6-m/nofp/libg.a(lib_a-mallocr.o) (__malloc_lock)
/usr/lib/gcc/arm-none-eabi/10.3.1/../../../arm-none-eabi/lib/thumb/v6-m/nofp/libg.a(lib_a-month_lengths.o)
                              /usr/lib/gcc/arm-none-eabi/10.3.1/../../../arm-none-eabi/lib/thumb/v6-m/nofp/libg.a(lib_a-lcltime_r.o) (__month_lengths)
/usr/lib/gcc/arm-none-eabi/10.3.1/../../../arm-none-eabi/lib/thumb/v6-m/nofp/libg.a(lib_a-realloc.o)
                              CMakeFiles/pico-invrerter.dir/_deps/pico_sdk-src/src/rp2_common/pico_malloc/malloc.c.obj (realloc)
/usr/lib/gcc/arm-none-eabi/10.3.1/../../../arm-none-eabi/lib/thumb/v6-m/nofp/libg.a(lib_a-reallocr.o)
                              /usr/lib/gcc/arm-none-eabi/10.3.1/../../../arm-none-eabi/lib/thumb/v6-m/nofp/libg.a(lib_a-realloc.o) (_realloc_r)
/usr/lib/gcc/arm-none-eabi/10.3.1/../../../arm-none-eabi/lib/thumb/v6-m/nofp/libg.a(lib_a-sbrkr.o)
                              /usr/lib/gcc/arm-none-eabi/10.3.1/../../../arm-none-eabi/lib/thumb/v6-m/nofp/libg.a(lib_a-mallocr.o) (_sbrk_r)
/usr/lib/gcc/arm-none-eabi/10.3.1/../../../arm-none-eabi/lib/thumb/v6-m/nofp/libg.a(lib_a-strlen-stub.o)
                              CMakeFiles/pico-invrerter.dir/_deps/pico_sdk-src/src/rp2_common/pico_stdio/stdio.c.obj (strlen)
[...]
Memory Configuration

Name             Origin             Length             Attributes
FLASH            0x0000000010000000 0x0000000000200000 xr
RAM              0x0000000020000000 0x0000000000040000 xrw
SCRATCH_X        0x0000000020040000 0x0000000000001000 xrw
SCRATCH_Y        0x0000000020041000 0x0000000000001000 xrw
*default*        0x0000000000000000 0xffffffffffffffff

Linker script and memory map

LOAD /usr/lib/gcc/arm-none-eabi/10.3.1/thumb/v6-m/nofp/crti.o
LOAD /usr/lib/gcc/arm-none-eabi/10.3.1/thumb/v6-m/nofp/crtbegin.o
LOAD /usr/lib/gcc/arm-none-eabi/10.3.1/../../../arm-none-eabi/lib/thumb/v6-m/nofp/crt0.o

.flash_begin    0x0000000010000000        0x0
                0x0000000010000000                __flash_binary_start = .

.boot2          0x0000000010000000      0x100
                0x0000000010000000                __boot2_start__ = .
 *(.boot2)
 .boot2         0x0000000010000000      0x100 /tmp/ccY1Q1wx.o
                0x0000000010000100                __boot2_end__ = .
                0x0000000000000001                ASSERT (((__boot2_end__ - __boot2_start__) == 0x100), ERROR: Pico second stage bootloader must be 256 bytes in size)

.text           0x0000000010000100     0x53c8
                0x0000000010000100                __logical_binary_start = .
 *(.vectors)
 .vectors       0x0000000010000100       0xd4 CMakeFiles/pico-invrerter.dir/_deps/pico_sdk-src/src/rp2_common/pico_crt0/crt0.S.obj
                0x0000000010000100                __vectors
                0x0000000010000100                __VECTOR_TABLE
                0x00000000100001c0                isr_invalid
                0x00000000100001c0                __default_isrs_start
                0x00000000100001c2                isr_nmi
                0x00000000100001c4                isr_hardfault
                0x00000000100001c6                isr_svcall
                0x00000000100001c8                isr_pendsv
                0x00000000100001ca                isr_systick
                0x00000000100001cc                isr_irq30
                0x00000000100001cc                __unhandled_user_irq
                0x00000000100001cc                isr_irq13
                0x00000000100001cc                isr_irq27
                0x00000000100001cc                isr_irq31
                0x00000000100001cc                isr_irq5
                0x00000000100001cc                isr_irq11
                0x00000000100001cc                isr_irq23
                0x00000000100001cc                isr_irq18
                0x00000000100001cc                isr_irq28
                0x00000000100001cc                isr_irq19
                0x00000000100001cc                isr_irq0
                0x00000000100001cc                isr_irq6
                0x00000000100001cc                isr_irq22
                0x00000000100001cc                isr_irq17
                0x00000000100001cc                isr_irq14
                0x00000000100001cc                isr_irq2
                0x00000000100001cc                isr_irq10
                0x00000000100001cc                isr_irq8
                0x00000000100001cc                isr_irq24
                0x00000000100001cc                isr_irq1
                0x00000000100001cc                isr_irq7
                0x00000000100001cc                isr_irq21
                0x00000000100001cc                isr_irq20
                0x00000000100001cc                isr_irq15
                0x00000000100001cc                isr_irq25
                0x00000000100001cc                isr_irq4
                0x00000000100001cc                isr_irq16
                0x00000000100001cc                isr_irq29
                0x00000000100001cc                isr_irq26
                0x00000000100001cc                __default_isrs_end
                0x00000000100001cc                isr_irq3
                0x00000000100001cc                isr_irq12
                0x00000000100001cc                isr_irq9
                0x00000000100001d2                unhandled_user_irq_num_in_r0
 *(.binary_info_header)
 .binary_info_header
                0x00000000100001d4       0x14 CMakeFiles/pico-invrerter.dir/_deps/pico_sdk-src/src/rp2_common/pico_crt0/crt0.S.obj
                0x00000000100001e8                __binary_info_header_end = .
 *(.embedded_block)
                0x00000000100001e8                __embedded_block_end = .
 *(.reset)
 .reset         0x00000000100001e8       0x9c CMakeFiles/pico-invrerter.dir/_deps/pico_sdk-src/src/rp2_common/pico_crt0/crt0.S.obj
                0x00000000100001e8                _entry_point
 *(.init)
 .init          0x0000000010000284        0x4 /usr/lib/gcc/arm-none-eabi/10.3.1/thumb/v6-m/nofp/crti.o
                0x0000000010000284                _init
 *(EXCLUDE_FILE(*libm.a: *libc.a:*lib_a-mem*.o *libgcc.a:) .text*)
 .text          0x0000000010000288       0x98 /usr/lib/gcc/arm-none-eabi/10.3.1/thumb/v6-m/nofp/crtbegin.o
 .text.cre1     0x0000000010000320      0x310 CMakeFiles/pico-invrerter.dir/main.c.obj
                0x0000000010000320                cre1
 .text.buffprepsy
                0x0000000010000630       0x10 CMakeFiles/pico-invrerter.dir/main.c.obj
                0x0000000010000630                buffprepsy
 .text.buffprestp
                0x0000000010000640       0x10 CMakeFiles/pico-invrerter.dir/main.c.obj
                0x0000000010000640                buffprestp
 .text.buffprepsi
                0x0000000010000650       0x78 CMakeFiles/pico-invrerter.dir/main.c.obj
                0x0000000010000650                buffprepsi
 .text.wrtodds  0x00000000100006c8       0x80 CMakeFiles/pico-invrerter.dir/main.c.obj
                0x00000000100006c8                wrtodds
 .text.main     0x0000000010000748      0x15c CMakeFiles/pico-invrerter.dir/main.c.obj
                0x0000000010000748                main
 .text.gpio_set_function
                0x00000000100008a4       0x34 CMakeFiles/pico-invrerter.dir/_deps/pico_sdk-src/src/rp2_common/hardware_gpio/gpio.c.obj
                0x00000000100008a4                gpio_set_function
 .text.gpio_set_pulls
                0x00000000100008d8       0x38 CMakeFiles/pico-invrerter.dir/_deps/pico_sdk-src/src/rp2_common/hardware_gpio/gpio.c.obj
                0x00000000100008d8                gpio_set_pulls
 .text.gpio_init
                0x0000000010000910       0x16 CMakeFiles/pico-invrerter.dir/_deps/pico_sdk-src/src/rp2_common/hardware_gpio/gpio.c.obj
                0x0000000010000910                gpio_init
 *fill*         0x0000000010000926        0x2 
 .text.panic    0x0000000010000928       0x30 CMakeFiles/pico-invrerter.dir/_deps/pico_sdk-src/src/rp2_common/pico_platform_panic/panic.c.obj
                0x0000000010000928                panic
 .text.hw_claim_lock
                0x0000000010000958       0x18 CMakeFiles/pico-invrerter.dir/_deps/pico_sdk-src/src/common/hardware_claim/claim.c.obj
                0x0000000010000958                hw_claim_lock
 .text.hw_claim_unlock
                0x0000000010000970       0x14 CMakeFiles/pico-invrerter.dir/_deps/pico_sdk-src/src/common/hardware_claim/claim.c.obj
                0x0000000010000970                hw_claim_unlock
 .text.hw_claim_or_assert
                0x0000000010000984       0x32 CMakeFiles/pico-invrerter.dir/_deps/pico_sdk-src/src/common/hardware_claim/claim.c.obj
                0x0000000010000984                hw_claim_or_assert
 *fill*         0x00000000100009b6        0x2 
 .text.next_striped_spin_lock_num
                0x00000000100009b8       0x1c CMakeFiles/pico-invrerter.dir/_deps/pico_sdk-src/src/rp2_common/hardware_sync/sync.c.obj
                0x00000000100009b8                next_striped_spin_lock_num
 .text.spin_locks_reset
                0x00000000100009d4       0x20 CMakeFiles/pico-invrerter.dir/_deps/pico_sdk-src/src/rp2_common/hardware_sync_spin_lock/sync_spin_lock.c.obj
                0x00000000100009d4                spin_locks_reset
 .text.set_raw_irq_handler_and_unlock
                0x00000000100009f4       0x28 CMakeFiles/pico-invrerter.dir/_deps/pico_sdk-src/src/rp2_common/hardware_irq/irq.c.obj
 .text.nvic_ipr0
                0x0000000010000a1c        0x8 CMakeFiles/pico-invrerter.dir/_deps/pico_sdk-src/src/rp2_common/hardware_irq/irq.c.obj
 .text.runtime_init_per_core_irq_priorities
                0x0000000010000a24       0x1c CMakeFiles/pico-invrerter.dir/_deps/pico_sdk-src/src/rp2_common/hardware_irq/irq.c.obj
                0x0000000010000a24                runtime_init_per_core_irq_priorities
 .text.irq_is_enabled
                0x0000000010000a40       0x18 CMakeFiles/pico-invrerter.dir/_deps/pico_sdk-src/src/rp2_common/hardware_irq/irq.c.obj
                0x0000000010000a40                irq_is_enabled
 .text.irq_set_mask_n_enabled
                0x0000000010000a58       0x1c CMakeFiles/pico-invrerter.dir/_deps/pico_sdk-src/src/rp2_common/hardware_irq/irq.c.obj
                0x0000000010000a58                irq_set_mask_n_enabled
 .text.irq_set_enabled
                0x0000000010000a74       0x14 CMakeFiles/pico-invrerter.dir/_deps/pico_sdk-src/src/rp2_common/hardware_irq/irq.c.obj
                0x0000000010000a74                irq_set_enabled
 .text.irq_get_vtable_handler
                0x0000000010000a88       0x10 CMakeFiles/pico-invrerter.dir/_deps/pico_sdk-src/src/rp2_common/hardware_irq/irq.c.obj
                0x0000000010000a88                irq_get_vtable_handler
 .text.irq_set_exclusive_handler
                0x0000000010000a98       0x54 CMakeFiles/pico-invrerter.dir/_deps/pico_sdk-src/src/rp2_common/hardware_irq/irq.c.obj
                0x0000000010000a98                irq_set_exclusive_handler
 .text.lock_init
                0x0000000010000aec       0x10 CMakeFiles/pico-invrerter.dir/_deps/pico_sdk-src/src/common/pico_sync/lock_core.c.obj
                0x0000000010000aec                lock_init
 .text.mutex_init
                0x0000000010000afc       0x1a CMakeFiles/pico-invrerter.dir/_deps/pico_sdk-src/src/common/pico_sync/mutex.c.obj
                0x0000000010000afc                mutex_init
 .text.recursive_mutex_init
                0x0000000010000b16       0x1e CMakeFiles/pico-invrerter.dir/_deps/pico_sdk-src/src/common/pico_sync/mutex.c.obj
                0x0000000010000b16                recursive_mutex_init
 .text.runtime_init_mutex
                0x0000000010000b34       0x4c CMakeFiles/pico-invrerter.dir/_deps/pico_sdk-src/src/common/pico_sync/mutex.c.obj
                0x0000000010000b34                runtime_init_mutex
 .text.make_alarm_id
                0x0000000010000b80        0x6 CMakeFiles/pico-invrerter.dir/_deps/pico_sdk-src/src/common/pico_time/time.c.obj
 *fill*         0x0000000010000b86        0x2 
 .text.sleep_until_callback
                0x0000000010000b88       0x30 CMakeFiles/pico-invrerter.dir/_deps/pico_sdk-src/src/common/pico_time/time.c.obj
 .text.alarm_pool_irq_handler
                0x0000000010000bb8      0x2e4 CMakeFiles/pico-invrerter.dir/_deps/pico_sdk-src/src/common/pico_time/time.c.obj
 .text.alarm_pool_post_alloc_init
                0x0000000010000e9c       0x94 CMakeFiles/pico-invrerter.dir/_deps/pico_sdk-src/src/common/pico_time/time.c.obj
 .text.alarm_pool_get_default
                0x0000000010000f30       0x2c CMakeFiles/pico-invrerter.dir/_deps/pico_sdk-src/src/common/pico_time/time.c.obj
                0x0000000010000f30                alarm_pool_get_default
 .text.alarm_pool_add_alarm_at_force_in_context
                0x0000000010000f5c       0xb0 CMakeFiles/pico-invrerter.dir/_deps/pico_sdk-src/src/common/pico_time/time.c.obj
                0x0000000010000f5c                alarm_pool_add_alarm_at_force_in_context
 .text.alarm_pool_add_alarm_at
                0x000000001000100c       0x3c CMakeFiles/pico-invrerter.dir/_deps/pico_sdk-src/src/common/pico_time/time.c.obj
                0x000000001000100c                alarm_pool_add_alarm_at
 .text.alarm_pool_cancel_alarm
                0x0000000010001048       0x78 CMakeFiles/pico-invrerter.dir/_deps/pico_sdk-src/src/common/pico_time/time.c.obj
                0x0000000010001048                alarm_pool_cancel_alarm
 .text.sleep_until
                0x00000000100010c0       0xc8 CMakeFiles/pico-invrerter.dir/_deps/pico_sdk-src/src/common/pico_time/time.c.obj
                0x00000000100010c0                sleep_until
 .text.sleep_us
                0x0000000010001188       0x24 CMakeFiles/pico-invrerter.dir/_deps/pico_sdk-src/src/common/pico_time/time.c.obj
                0x0000000010001188                sleep_us
 .text.sleep_ms
                0x00000000100011ac       0x14 CMakeFiles/pico-invrerter.dir/_deps/pico_sdk-src/src/common/pico_time/time.c.obj
                0x00000000100011ac                sleep_ms
 .text.best_effort_wfe_or_timeout
                0x00000000100011c0       0xd8 CMakeFiles/pico-invrerter.dir/_deps/pico_sdk-src/src/common/pico_time/time.c.obj
                0x00000000100011c0                best_effort_wfe_or_timeout
 .text.alarm_pool_get_default_timer
                0x0000000010001298        0x8 CMakeFiles/pico-invrerter.dir/_deps/pico_sdk-src/src/common/pico_time/time.c.obj
                0x0000000010001298                alarm_pool_get_default_timer
 .text.runtime_init_default_alarm_pool
                0x00000000100012a0       0x38 CMakeFiles/pico-invrerter.dir/_deps/pico_sdk-src/src/common/pico_time/time.c.obj
                0x00000000100012a0                runtime_init_default_alarm_pool
 .text.timer_hardware_alarm_claim
                0x00000000100012d8       0x14 CMakeFiles/pico-invrerter.dir/_deps/pico_sdk-src/src/rp2_common/hardware_timer/timer.c.obj
                0x00000000100012d8                timer_hardware_alarm_claim
 .text.timer_time_us_64
                0x00000000100012ec       0x10 CMakeFiles/pico-invrerter.dir/_deps/pico_sdk-src/src/rp2_common/hardware_timer/timer.c.obj
                0x00000000100012ec                timer_time_us_64
 .text.timer_busy_wait_until
                0x00000000100012fc       0x1a CMakeFiles/pico-invrerter.dir/_deps/pico_sdk-src/src/rp2_common/hardware_timer/timer.c.obj
                0x00000000100012fc                timer_busy_wait_until
 *fill*         0x0000000010001316        0x2 
 .text.time_us_64
                0x0000000010001318       0x10 CMakeFiles/pico-invrerter.dir/_deps/pico_sdk-src/src/rp2_common/hardware_timer/timer.c.obj
                0x0000000010001318                time_us_64
 .text.busy_wait_until
                0x0000000010001328       0x14 CMakeFiles/pico-invrerter.dir/_deps/pico_sdk-src/src/rp2_common/hardware_timer/timer.c.obj
                0x0000000010001328                busy_wait_until
 .text.clock_configure_internal
                0x000000001000133c       0xc4 CMakeFiles/pico-invrerter.dir/_deps/pico_sdk-src/src/rp2_common/hardware_clocks/clocks.c.obj
 .text.clock_configure_int_divider
                0x0000000010001400       0x28 CMakeFiles/pico-invrerter.dir/_deps/pico_sdk-src/src/rp2_common/hardware_clocks/clocks.c.obj
                0x0000000010001400                clock_configure_int_divider
 .text.clock_configure_undivided
                0x0000000010001428       0x12 CMakeFiles/pico-invrerter.dir/_deps/pico_sdk-src/src/rp2_common/hardware_clocks/clocks.c.obj
                0x0000000010001428                clock_configure_undivided
 *fill*         0x000000001000143a        0x2 
 .text.clock_get_hz
                0x000000001000143c        0xc CMakeFiles/pico-invrerter.dir/_deps/pico_sdk-src/src/rp2_common/hardware_clocks/clocks.c.obj
                0x000000001000143c                clock_get_hz
 .text.pll_init
                0x0000000010001448      0x120 CMakeFiles/pico-invrerter.dir/_deps/pico_sdk-src/src/rp2_common/hardware_pll/pll.c.obj
                0x0000000010001448                pll_init
 .text.tick_start
                0x0000000010001568       0x10 CMakeFiles/pico-invrerter.dir/_deps/pico_sdk-src/src/rp2_common/hardware_ticks/ticks.c.obj
                0x0000000010001568                tick_start
 .text.xosc_init
                0x0000000010001578       0x28 CMakeFiles/pico-invrerter.dir/_deps/pico_sdk-src/src/rp2_common/hardware_xosc/xosc.c.obj
                0x0000000010001578                xosc_init
 .text.runtime_run_initializers_from
                0x00000000100015a0       0x18 CMakeFiles/pico-invrerter.dir/_deps/pico_sdk-src/src/rp2_common/pico_runtime/runtime.c.obj
 .text.first_per_core_initializer
                0x00000000100015b8        0x2 CMakeFiles/pico-invrerter.dir/_deps/pico_sdk-src/src/rp2_common/pico_runtime/runtime.c.obj
 *fill*         0x00000000100015ba        0x2 
 .text.runtime_run_initializers
                0x00000000100015bc       0x10 CMakeFiles/pico-invrerter.dir/_deps/pico_sdk-src/src/rp2_common/pico_runtime/runtime.c.obj
                0x00000000100015bc                runtime_run_initializers
 .text.runtime_run_per_core_initializers
                0x00000000100015cc       0x10 CMakeFiles/pico-invrerter.dir/_deps/pico_sdk-src/src/rp2_common/pico_runtime/runtime.c.obj
                0x00000000100015cc                runtime_run_per_core_initializers
 .text.runtime_init_early_resets
                0x00000000100015dc       0x2c CMakeFiles/pico-invrerter.dir/_deps/pico_sdk-src/src/rp2_common/pico_runtime_init/runtime_init.c.obj
                0x00000000100015dc                runtime_init_early_resets
 .text.runtime_init_usb_power_down
                0x0000000010001608       0x1c CMakeFiles/pico-invrerter.dir/_deps/pico_sdk-src/src/rp2_common/pico_runtime_init/runtime_init.c.obj
                0x0000000010001608                runtime_init_usb_power_down
 .text.runtime_init_post_clock_resets
                0x0000000010001624       0x20 CMakeFiles/pico-invrerter.dir/_deps/pico_sdk-src/src/rp2_common/pico_runtime_init/runtime_init.c.obj
                0x0000000010001624                runtime_init_post_clock_resets
 .text.runtime_init_rp2040_gpio_ie_disable
                0x0000000010001644       0x14 CMakeFiles/pico-invrerter.dir/_deps/pico_sdk-src/src/rp2_common/pico_runtime_init/runtime_init.c.obj
                0x0000000010001644                runtime_init_rp2040_gpio_ie_disable
 .text.runtime_init_spin_locks_reset
                0x0000000010001658        0x8 CMakeFiles/pico-invrerter.dir/_deps/pico_sdk-src/src/rp2_common/pico_runtime_init/runtime_init.c.obj
                0x0000000010001658                runtime_init_spin_locks_reset
 .text.runtime_init_install_ram_vector_table
                0x0000000010001660       0x1c CMakeFiles/pico-invrerter.dir/_deps/pico_sdk-src/src/rp2_common/pico_runtime_init/runtime_init.c.obj
                0x0000000010001660                runtime_init_install_ram_vector_table
 .text.start_all_ticks
                0x000000001000167c       0x28 CMakeFiles/pico-invrerter.dir/_deps/pico_sdk-src/src/rp2_common/pico_runtime_init/runtime_init_clocks.c.obj
 .text.runtime_init_clocks
                0x00000000100016a4       0xcc CMakeFiles/pico-invrerter.dir/_deps/pico_sdk-src/src/rp2_common/pico_runtime_init/runtime_init_clocks.c.obj
                0x00000000100016a4                runtime_init_clocks
 .text          0x0000000010001770       0x10 CMakeFiles/pico-invrerter.dir/_deps/pico_sdk-src/src/rp2_common/pico_bit_ops/bit_ops_aeabi.S.obj
 .text.rom_func_lookup
                0x0000000010001780       0x10 CMakeFiles/pico-invrerter.dir/_deps/pico_sdk-src/src/rp2_common/pico_bootrom/bootrom.c.obj
                0x0000000010001780                rom_func_lookup
 .text.rom_data_lookup
                0x0000000010001790       0x10 CMakeFiles/pico-invrerter.dir/_deps/pico_sdk-src/src/rp2_common/pico_bootrom/bootrom.c.obj
                0x0000000010001790                rom_data_lookup
 .text.rom_funcs_lookup
                0x00000000100017a0       0x36 CMakeFiles/pico-invrerter.dir/_deps/pico_sdk-src/src/rp2_common/pico_bootrom/bootrom.c.obj
                0x00000000100017a0                rom_funcs_lookup
 *fill*         0x00000000100017d6        0x2 
 .text.__wrap___aeabi_idiv
                0x00000000100017d8       0x50 CMakeFiles/pico-invrerter.dir/_deps/pico_sdk-src/src/rp2_common/pico_divider/divider_hardware.S.obj
                0x00000000100017d8                __wrap___aeabi_idivmod
                0x00000000100017d8                divmod_s32s32
                0x00000000100017d8                div_s32s32
                0x00000000100017d8                __wrap___aeabi_idiv
                0x00000000100017e0                divmod_s32s32_unsafe
                0x000000001000180c                divmod_s32s32_savestate
 .text.__wrap___aeabi_uidiv
                0x0000000010001828       0x4c CMakeFiles/pico-invrerter.dir/_deps/pico_sdk-src/src/rp2_common/pico_divider/divider_hardware.S.obj
                0x0000000010001828                __wrap___aeabi_uidiv
                0x0000000010001828                __wrap___aeabi_uidivmod
                0x0000000010001828                div_u32u32
                0x0000000010001828                divmod_u32u32
                0x0000000010001830                divmod_u32u32_unsafe
                0x0000000010001858                divmod_u32u32_savestate
 .text.__wrap___aeabi_ldiv
                0x0000000010001874      0x424 CMakeFiles/pico-invrerter.dir/_deps/pico_sdk-src/src/rp2_common/pico_divider/divider_hardware.S.obj
                0x0000000010001874                div_s64s64
                0x0000000010001874                divmod_s64s64
                0x0000000010001874                __wrap___aeabi_ldivmod
                0x00000000100018a4                div_u64u64
                0x00000000100018a4                divmod_u64u64
                0x00000000100018a4                __wrap___aeabi_uldivmod
                0x00000000100018b4                divmod_u64u64_savestate
                0x00000000100018d4                divmod_s64s64_unsafe
                0x000000001000195c                divmod_u64u64_unsafe
 .text.__wrap___aeabi_darithmetic
                0x0000000010001c98       0x80 CMakeFiles/pico-invrerter.dir/_deps/pico_sdk-src/src/rp2_common/pico_double/double_aeabi_rp2040.S.obj
                0x0000000010001c98                __wrap___aeabi_drsub
                0x0000000010001c9e                __wrap___aeabi_dsub
                0x0000000010001cb0                __wrap___aeabi_dadd
                0x0000000010001cc2                __wrap___aeabi_ddiv
                0x0000000010001cfe                __wrap___aeabi_dmul
 .text.__wrap___aeabi_cdcmple
                0x0000000010001d18       0x6c CMakeFiles/pico-invrerter.dir/_deps/pico_sdk-src/src/rp2_common/pico_double/double_aeabi_rp2040.S.obj
                0x0000000010001d18                __wrap___aeabi_cdrcmple
                0x0000000010001d28                __wrap___aeabi_cdcmple
                0x0000000010001d28                __wrap___aeabi_cdcmpeq
 .text.__wrap___aeabi_dcmplt
                0x0000000010001d84        0xc CMakeFiles/pico-invrerter.dir/_deps/pico_sdk-src/src/rp2_common/pico_double/double_aeabi_rp2040.S.obj
                0x0000000010001d84                __wrap___aeabi_dcmplt
 .text.__wrap___aeabi_dcmple
                0x0000000010001d90       0x10 CMakeFiles/pico-invrerter.dir/_deps/pico_sdk-src/src/rp2_common/pico_double/double_aeabi_rp2040.S.obj
                0x0000000010001d90                __wrap___aeabi_dcmple
 .text.__wrap___aeabi_dcmpge
                0x0000000010001da0       0x10 CMakeFiles/pico-invrerter.dir/_deps/pico_sdk-src/src/rp2_common/pico_double/double_aeabi_rp2040.S.obj
                0x0000000010001da0                __wrap___aeabi_dcmpge
 .text.__wrap___aeabi_dcmpgt
                0x0000000010001db0        0xa CMakeFiles/pico-invrerter.dir/_deps/pico_sdk-src/src/rp2_common/pico_double/double_aeabi_rp2040.S.obj
                0x0000000010001db0                __wrap___aeabi_dcmpgt
 .text.__wrap___aeabi_dcmpun
                0x0000000010001dba       0x18 CMakeFiles/pico-invrerter.dir/_deps/pico_sdk-src/src/rp2_common/pico_double/double_aeabi_rp2040.S.obj
                0x0000000010001dba                __wrap___aeabi_dcmpun
 *fill*         0x0000000010001dd2        0x2 
 .text.__wrap___aeabi_i2d
                0x0000000010001dd4       0x38 CMakeFiles/pico-invrerter.dir/_deps/pico_sdk-src/src/rp2_common/pico_double/double_aeabi_rp2040.S.obj
                0x0000000010001dd4                __wrap___aeabi_ui2d
                0x0000000010001ddc                __wrap___aeabi_i2d
 .text.__wrap___aeabi_d2iz
                0x0000000010001e0c       0x48 CMakeFiles/pico-invrerter.dir/_deps/pico_sdk-src/src/rp2_common/pico_double/double_aeabi_rp2040.S.obj
                0x0000000010001e0c                __wrap___aeabi_d2iz
                0x0000000010001e0c                double2int_z
 .text.__wrap___aeabi_d2uiz
                0x0000000010001e54       0x18 CMakeFiles/pico-invrerter.dir/_deps/pico_sdk-src/src/rp2_common/pico_double/double_aeabi_rp2040.S.obj
                0x0000000010001e54                double2uint
                0x0000000010001e54                __wrap___aeabi_d2uiz
 .text.__aeabi_double_init
                0x0000000010001e6c       0xc8 CMakeFiles/pico-invrerter.dir/_deps/pico_sdk-src/src/rp2_common/pico_double/double_init_rom_rp2040.c.obj
                0x0000000010001e6c                __aeabi_double_init
 .text.__wrap_round
                0x0000000010001f34       0x9c CMakeFiles/pico-invrerter.dir/_deps/pico_sdk-src/src/rp2_common/pico_double/double_math.c.obj
                0x0000000010001f34                __wrap_round
 .text.double_table_shim_on_use_helper
                0x0000000010001fd0       0x34 CMakeFiles/pico-invrerter.dir/_deps/pico_sdk-src/src/rp2_common/pico_double/double_v1_rom_shim_rp2040.S.obj
                0x0000000010001fd0                double_table_shim_on_use_helper
 .text.__wrap___aeabi_dsub
                0x0000000010002004       0x10 CMakeFiles/pico-invrerter.dir/_deps/pico_sdk-src/src/rp2_common/pico_double/double_v1_rom_shim_rp2040.S.obj
                0x0000000010002004                drsub_shim
                0x000000001000200a                dsub_shim
 .text.dadd_shim
                0x0000000010002014      0x15c CMakeFiles/pico-invrerter.dir/_deps/pico_sdk-src/src/rp2_common/pico_double/double_v1_rom_shim_rp2040.S.obj
                0x0000000010002014                dadd_shim
 .text.dmul_shim
                0x0000000010002170      0x15c CMakeFiles/pico-invrerter.dir/_deps/pico_sdk-src/src/rp2_common/pico_double/double_v1_rom_shim_rp2040.S.obj
                0x0000000010002170                dmul_shim
 .text.ddiv_shim
                0x00000000100022cc      0x1b0 CMakeFiles/pico-invrerter.dir/_deps/pico_sdk-src/src/rp2_common/pico_double/double_v1_rom_shim_rp2040.S.obj
                0x00000000100022cc                ddiv_shim
 .text.double2uint_shim
                0x000000001000247c        0xe CMakeFiles/pico-invrerter.dir/_deps/pico_sdk-src/src/rp2_common/pico_double/double_v1_rom_shim_rp2040.S.obj
                0x000000001000247c                double2uint_shim
                0x000000001000247e                double2ufix_shim
 *fill*         0x000000001000248a        0x2 
 .text.double2uint64_shim
                0x000000001000248c       0x70 CMakeFiles/pico-invrerter.dir/_deps/pico_sdk-src/src/rp2_common/pico_double/double_v1_rom_shim_rp2040.S.obj
                0x000000001000248c                double2uint64_shim
                0x000000001000248e                double2ufix64_shim
                0x00000000100024ae                d2fix_a
 .text.dunpacks
                0x00000000100024fc       0x3c CMakeFiles/pico-invrerter.dir/_deps/pico_sdk-src/src/rp2_common/pico_double/double_v1_rom_shim_rp2040.S.obj
                0x00000000100024fc                dunpacks
 .text.__aeabi_lmul
                0x0000000010002538       0x32 CMakeFiles/pico-invrerter.dir/_deps/pico_sdk-src/src/rp2_common/pico_int64_ops/pico_int64_ops_aeabi.S.obj
                0x0000000010002538                __wrap___aeabi_lmul
 *fill*         0x000000001000256a        0x2 
 .text.__aeabi_float_init
                0x000000001000256c       0xfc CMakeFiles/pico-invrerter.dir/_deps/pico_sdk-src/src/rp2_common/pico_float/float_init_rom_rp2040.c.obj
                0x000000001000256c                __aeabi_float_init
 .text.float_table_shim_on_use_helper
                0x0000000010002668       0x34 CMakeFiles/pico-invrerter.dir/_deps/pico_sdk-src/src/rp2_common/pico_float/float_v1_rom_shim_rp2040.S.obj
                0x0000000010002668                float_table_shim_on_use_helper
 .text.__wrap_malloc
                0x000000001000269c       0x3c CMakeFiles/pico-invrerter.dir/_deps/pico_sdk-src/src/rp2_common/pico_malloc/malloc.c.obj
                0x000000001000269c                __wrap_malloc
 .text.__wrap_free
                0x00000000100026d8       0x20 CMakeFiles/pico-invrerter.dir/_deps/pico_sdk-src/src/rp2_common/pico_malloc/malloc.c.obj
                0x00000000100026d8                __wrap_free
 .text          0x00000000100026f8       0x10 CMakeFiles/pico-invrerter.dir/_deps/pico_sdk-src/src/rp2_common/pico_mem_ops/mem_ops_aeabi.S.obj
                0x00000000100026f8                __aeabi_mem_init
 .text.memcpy   0x0000000010002708        0xc CMakeFiles/pico-invrerter.dir/_deps/pico_sdk-src/src/rp2_common/pico_mem_ops/mem_ops_aeabi.S.obj
                0x0000000010002708                __wrap___aeabi_memcpy
                0x0000000010002708                __wrap_memcpy
 .text._out_buffer
                0x0000000010002714        0x8 CMakeFiles/pico-invrerter.dir/_deps/pico_sdk-src/src/rp2_common/pico_printf/printf.c.obj
 .text._out_null
                0x000000001000271c        0x2 CMakeFiles/pico-invrerter.dir/_deps/pico_sdk-src/src/rp2_common/pico_printf/printf.c.obj
 .text._out_fct
                0x000000001000271e        0xe CMakeFiles/pico-invrerter.dir/_deps/pico_sdk-src/src/rp2_common/pico_printf/printf.c.obj
 .text._atoi    0x000000001000272c       0x24 CMakeFiles/pico-invrerter.dir/_deps/pico_sdk-src/src/rp2_common/pico_printf/printf.c.obj
 .text._out_rev
                0x0000000010002750       0xae CMakeFiles/pico-invrerter.dir/_deps/pico_sdk-src/src/rp2_common/pico_printf/printf.c.obj
 .text._ntoa_format
                0x00000000100027fe      0x112 CMakeFiles/pico-invrerter.dir/_deps/pico_sdk-src/src/rp2_common/pico_printf/printf.c.obj
 .text._ntoa_long
                0x0000000010002910       0xbc CMakeFiles/pico-invrerter.dir/_deps/pico_sdk-src/src/rp2_common/pico_printf/printf.c.obj
 .text._ntoa_long_long
                0x00000000100029cc       0xe2 CMakeFiles/pico-invrerter.dir/_deps/pico_sdk-src/src/rp2_common/pico_printf/printf.c.obj
 *fill*         0x0000000010002aae        0x2 
 .text._etoa    0x0000000010002ab0      0x414 CMakeFiles/pico-invrerter.dir/_deps/pico_sdk-src/src/rp2_common/pico_printf/printf.c.obj
 .text._ftoa    0x0000000010002ec4      0x354 CMakeFiles/pico-invrerter.dir/_deps/pico_sdk-src/src/rp2_common/pico_printf/printf.c.obj
 .text._vsnprintf
                0x0000000010003218      0x624 CMakeFiles/pico-invrerter.dir/_deps/pico_sdk-src/src/rp2_common/pico_printf/printf.c.obj
 .text.__wrap_sprintf
                0x000000001000383c       0x28 CMakeFiles/pico-invrerter.dir/_deps/pico_sdk-src/src/rp2_common/pico_printf/printf.c.obj
                0x000000001000383c                __wrap_sprintf
 .text.vfctprintf
                0x0000000010003864       0x20 CMakeFiles/pico-invrerter.dir/_deps/pico_sdk-src/src/rp2_common/pico_printf/printf.c.obj
                0x0000000010003864                vfctprintf
 .text._exit    0x0000000010003884        0x4 CMakeFiles/pico-invrerter.dir/_deps/pico_sdk-src/src/rp2_common/pico_clib_interface/newlib_interface.c.obj
                0x0000000010003884                _exit
 .text._sbrk    0x0000000010003888       0x38 CMakeFiles/pico-invrerter.dir/_deps/pico_sdk-src/src/rp2_common/pico_clib_interface/newlib_interface.c.obj
                0x0000000010003888                _sbrk
 .text.exit     0x00000000100038c0        0x6 CMakeFiles/pico-invrerter.dir/_deps/pico_sdk-src/src/rp2_common/pico_clib_interface/newlib_interface.c.obj
                0x00000000100038c0                exit
 *fill*         0x00000000100038c6        0x2 
 .text.__assert_func
                0x00000000100038c8       0x3c CMakeFiles/pico-invrerter.dir/_deps/pico_sdk-src/src/rp2_common/pico_clib_interface/newlib_interface.c.obj
                0x00000000100038c8                __assert_func
 .text.runtime_init
                0x0000000010003904       0x28 CMakeFiles/pico-invrerter.dir/_deps/pico_sdk-src/src/rp2_common/pico_clib_interface/newlib_interface.c.obj
                0x0000000010003904                runtime_init
 .text.stdio_out_chars_no_crlf
                0x000000001000392c        0xe CMakeFiles/pico-invrerter.dir/_deps/pico_sdk-src/src/rp2_common/pico_stdio/stdio.c.obj
 *fill*         0x000000001000393a        0x2 
 .text.stdio_out_chars_crlf
                0x000000001000393c       0x80 CMakeFiles/pico-invrerter.dir/_deps/pico_sdk-src/src/rp2_common/pico_stdio/stdio.c.obj
 .text.stdio_stack_buffer_flush
                0x00000000100039bc       0x44 CMakeFiles/pico-invrerter.dir/_deps/pico_sdk-src/src/rp2_common/pico_stdio/stdio.c.obj
 .text.stdio_buffered_printer
                0x0000000010003a00       0x20 CMakeFiles/pico-invrerter.dir/_deps/pico_sdk-src/src/rp2_common/pico_stdio/stdio.c.obj
 .text.stdout_serialize_begin
                0x0000000010003a20       0x30 CMakeFiles/pico-invrerter.dir/_deps/pico_sdk-src/src/rp2_common/pico_stdio/stdio.c.obj
                0x0000000010003a20                stdout_serialize_begin
 .text.stdout_serialize_end
                0x0000000010003a50       0x10 CMakeFiles/pico-invrerter.dir/_deps/pico_sdk-src/src/rp2_common/pico_stdio/stdio.c.obj
                0x0000000010003a50                stdout_serialize_end
 .text.stdio_put_string
                0x0000000010003a60       0x94 CMakeFiles/pico-invrerter.dir/_deps/pico_sdk-src/src/rp2_common/pico_stdio/stdio.c.obj
                0x0000000010003a60                stdio_put_string
 .text.stdio_flush
                0x0000000010003af4       0x20 CMakeFiles/pico-invrerter.dir/_deps/pico_sdk-src/src/rp2_common/pico_stdio/stdio.c.obj
                0x0000000010003af4                stdio_flush
 .text.__wrap_puts
                0x0000000010003b14       0x1e CMakeFiles/pico-invrerter.dir/_deps/pico_sdk-src/src/rp2_common/pico_stdio/stdio.c.obj
                0x0000000010003b14                __wrap_puts
                0x0000000010003b14                stdio_puts
 *fill*         0x0000000010003b32        0x2 
 .text.__wrap_vprintf
                0x0000000010003b34       0x40 CMakeFiles/pico-invrerter.dir/_deps/pico_sdk-src/src/rp2_common/pico_stdio/stdio.c.obj
                0x0000000010003b34                __wrap_vprintf
                0x0000000010003b34                stdio_vprintf
 .text.__wrap_printf
                0x0000000010003b74       0x18 CMakeFiles/pico-invrerter.dir/_deps/pico_sdk-src/src/rp2_common/pico_stdio/stdio.c.obj
                0x0000000010003b74                stdio_printf
                0x0000000010003b74                __wrap_printf
 .text.core1_trampoline
                0x0000000010003b8c        0x2 CMakeFiles/pico-invrerter.dir/_deps/pico_sdk-src/src/rp2_common/pico_multicore/multicore.c.obj
 .text.core1_wrapper
                0x0000000010003b8e        0xc CMakeFiles/pico-invrerter.dir/_deps/pico_sdk-src/src/rp2_common/pico_multicore/multicore.c.obj
                0x0000000010003b8e                core1_wrapper
 .text.multicore_fifo_push_blocking
                0x0000000010003b9a       0x14 CMakeFiles/pico-invrerter.dir/_deps/pico_sdk-src/src/rp2_common/pico_multicore/multicore.c.obj
                0x0000000010003b9a                multicore_fifo_push_blocking
 .text.multicore_fifo_pop_blocking
                0x0000000010003bae       0x16 CMakeFiles/pico-invrerter.dir/_deps/pico_sdk-src/src/rp2_common/pico_multicore/multicore.c.obj
                0x0000000010003bae                multicore_fifo_pop_blocking
 .text.multicore_launch_core1_raw
                0x0000000010003bc4       0x6e CMakeFiles/pico-invrerter.dir/_deps/pico_sdk-src/src/rp2_common/pico_multicore/multicore.c.obj
                0x0000000010003bc4                multicore_launch_core1_raw
 *fill*         0x0000000010003c32        0x2 
 .text.multicore_launch_core1_with_stack
                0x0000000010003c34       0x50 CMakeFiles/pico-invrerter.dir/_deps/pico_sdk-src/src/rp2_common/pico_multicore/multicore.c.obj
                0x0000000010003c34                multicore_launch_core1_with_stack
 .text.multicore_launch_core1
                0x0000000010003c84       0x24 CMakeFiles/pico-invrerter.dir/_deps/pico_sdk-src/src/rp2_common/pico_multicore/multicore.c.obj
                0x0000000010003c84                multicore_launch_core1
 .text.spi_set_baudrate
                0x0000000010003ca8       0xb4 CMakeFiles/pico-invrerter.dir/_deps/pico_sdk-src/src/rp2_common/hardware_spi/spi.c.obj
                0x0000000010003ca8                spi_set_baudrate
 .text.spi_init
                0x0000000010003d5c       0x8c CMakeFiles/pico-invrerter.dir/_deps/pico_sdk-src/src/rp2_common/hardware_spi/spi.c.obj
                0x0000000010003d5c                spi_init
 .text.LCD_1IN3_Reset
                0x0000000010003de8       0x2e lcd/Pico_code/Pico_code/c/lib/LCD/libLCD.a(LCD_1in3.c.obj)
 .text.LCD_1IN3_SendCommand
                0x0000000010003e16       0x24 lcd/Pico_code/Pico_code/c/lib/LCD/libLCD.a(LCD_1in3.c.obj)
 .text.LCD_1IN3_SendData_8Bit
                0x0000000010003e3a       0x24 lcd/Pico_code/Pico_code/c/lib/LCD/libLCD.a(LCD_1in3.c.obj)
 *fill*         0x0000000010003e5e        0x2 
 .text.LCD_1IN3_SetAttributes
                0x0000000010003e60       0x30 lcd/Pico_code/Pico_code/c/lib/LCD/libLCD.a(LCD_1in3.c.obj)
 .text.LCD_1IN3_InitReg
                0x0000000010003e90      0x160 lcd/Pico_code/Pico_code/c/lib/LCD/libLCD.a(LCD_1in3.c.obj)
 .text.LCD_1IN3_Init
                0x0000000010003ff0       0x1a lcd/Pico_code/Pico_code/c/lib/LCD/libLCD.a(LCD_1in3.c.obj)
                0x0000000010003ff0                LCD_1IN3_Init
 .text.LCD_1IN3_SetWindows
                0x000000001000400a       0x52 lcd/Pico_code/Pico_code/c/lib/LCD/libLCD.a(LCD_1in3.c.obj)
                0x000000001000400a                LCD_1IN3_SetWindows
 .text.LCD_1IN3_Clear
                0x000000001000405c       0x88 lcd/Pico_code/Pico_code/c/lib/LCD/libLCD.a(LCD_1in3.c.obj)
                0x000000001000405c                LCD_1IN3_Clear
 .text.LCD_1IN3_Display
                0x00000000100040e4       0x58 lcd/Pico_code/Pico_code/c/lib/LCD/libLCD.a(LCD_1in3.c.obj)
                0x00000000100040e4                LCD_1IN3_Display
 .text.Paint_NewImage
                0x000000001000413c       0x4c lcd/Pico_code/Pico_code/c/lib/GUI/libGUI.a(GUI_Paint.c.obj)
                0x000000001000413c                Paint_NewImage
 .text.Paint_SetRotate
                0x0000000010004188       0x20 lcd/Pico_code/Pico_code/c/lib/GUI/libGUI.a(GUI_Paint.c.obj)
                0x0000000010004188                Paint_SetRotate
 .text.Paint_SetScale
                0x00000000100041a8       0x68 lcd/Pico_code/Pico_code/c/lib/GUI/libGUI.a(GUI_Paint.c.obj)
                0x00000000100041a8                Paint_SetScale
 .text.Paint_SetPixel
                0x0000000010004210      0x180 lcd/Pico_code/Pico_code/c/lib/GUI/libGUI.a(GUI_Paint.c.obj)
                0x0000000010004210                Paint_SetPixel
 .text.Paint_Clear
                0x0000000010004390       0xb0 lcd/Pico_code/Pico_code/c/lib/GUI/libGUI.a(GUI_Paint.c.obj)
                0x0000000010004390                Paint_Clear
 .text.Paint_DrawPoint
                0x0000000010004440       0xe0 lcd/Pico_code/Pico_code/c/lib/GUI/libGUI.a(GUI_Paint.c.obj)
                0x0000000010004440                Paint_DrawPoint
 .text.Paint_DrawLine
                0x0000000010004520      0x12c lcd/Pico_code/Pico_code/c/lib/GUI/libGUI.a(GUI_Paint.c.obj)
                0x0000000010004520                Paint_DrawLine
 .text.Paint_DrawRectangle
                0x000000001000464c       0xd0 lcd/Pico_code/Pico_code/c/lib/GUI/libGUI.a(GUI_Paint.c.obj)
                0x000000001000464c                Paint_DrawRectangle
 .text.Paint_DrawChar
                0x000000001000471c       0xc4 lcd/Pico_code/Pico_code/c/lib/GUI/libGUI.a(GUI_Paint.c.obj)
                0x000000001000471c                Paint_DrawChar
 .text.Paint_DrawString_EN
                0x00000000100047e0       0x88 lcd/Pico_code/Pico_code/c/lib/GUI/libGUI.a(GUI_Paint.c.obj)
                0x00000000100047e0                Paint_DrawString_EN
 .text.Paint_DrawNum
                0x0000000010004868       0x94 lcd/Pico_code/Pico_code/c/lib/GUI/libGUI.a(GUI_Paint.c.obj)
                0x0000000010004868                Paint_DrawNum
 .text.Paint_DrawImage
                0x00000000100048fc       0x78 lcd/Pico_code/Pico_code/c/lib/GUI/libGUI.a(GUI_Paint.c.obj)
                0x00000000100048fc                Paint_DrawImage
 .text.DEV_Digital_Write
                0x0000000010004974       0x18 lcd/Pico_code/Pico_code/c/lib/Config/libConfig.a(DEV_Config.c.obj)
                0x0000000010004974                DEV_Digital_Write
 .text.DEV_Digital_Read
                0x000000001000498c       0x16 lcd/Pico_code/Pico_code/c/lib/Config/libConfig.a(DEV_Config.c.obj)
                0x000000001000498c                DEV_Digital_Read
 *fill*         0x00000000100049a2        0x2 
 .text.DEV_SPI_WriteByte
                0x00000000100049a4       0x1c lcd/Pico_code/Pico_code/c/lib/Config/libConfig.a(DEV_Config.c.obj)
                0x00000000100049a4                DEV_SPI_WriteByte
 .text.DEV_SPI_Write_nByte
                0x00000000100049c0       0x14 lcd/Pico_code/Pico_code/c/lib/Config/libConfig.a(DEV_Config.c.obj)
                0x00000000100049c0                DEV_SPI_Write_nByte
 .text.DEV_GPIO_Mode
                0x00000000100049d4       0x26 lcd/Pico_code/Pico_code/c/lib/Config/libConfig.a(DEV_Config.c.obj)
                0x00000000100049d4                DEV_GPIO_Mode
 .text.DEV_KEY_Config
                0x00000000100049fa       0x1e lcd/Pico_code/Pico_code/c/lib/Config/libConfig.a(DEV_Config.c.obj)
                0x00000000100049fa                DEV_KEY_Config
 .text.DEV_Delay_ms
                0x0000000010004a18       0x4a lcd/Pico_code/Pico_code/c/lib/Config/libConfig.a(DEV_Config.c.obj)
                0x0000000010004a18                DEV_Delay_ms
 .text.DEV_GPIO_Init
                0x0000000010004a62       0x4c lcd/Pico_code/Pico_code/c/lib/Config/libConfig.a(DEV_Config.c.obj)
                0x0000000010004a62                DEV_GPIO_Init
 *fill*         0x0000000010004aae        0x2 
 .text.DEV_Module_Init
                0x0000000010004ab0       0x9c lcd/Pico_code/Pico_code/c/lib/Config/libConfig.a(DEV_Config.c.obj)
                0x0000000010004ab0                DEV_Module_Init
 .text.DEV_SET_PWM
                0x0000000010004b4c       0x40 lcd/Pico_code/Pico_code/c/lib/Config/libConfig.a(DEV_Config.c.obj)
                0x0000000010004b4c                DEV_SET_PWM
 .text          0x0000000010004b8c       0x28 /usr/lib/gcc/arm-none-eabi/10.3.1/../../../arm-none-eabi/lib/thumb/v6-m/nofp/libg.a(lib_a-malloc.o)
                0x0000000010004b8c                malloc
                0x0000000010004ba0                free
 .text          0x0000000010004bb4      0x574 /usr/lib/gcc/arm-none-eabi/10.3.1/../../../arm-none-eabi/lib/thumb/v6-m/nofp/libg.a(lib_a-mallocr.o)
                0x0000000010004bb4                _malloc_r
 .text          0x0000000010005128        0x8 /usr/lib/gcc/arm-none-eabi/10.3.1/../../../arm-none-eabi/lib/thumb/v6-m/nofp/libg.a(lib_a-mlock.o)
                0x0000000010005128                __malloc_lock
                0x000000001000512c                __malloc_unlock
 .text          0x0000000010005130       0x24 /usr/lib/gcc/arm-none-eabi/10.3.1/../../../arm-none-eabi/lib/thumb/v6-m/nofp/libg.a(lib_a-sbrkr.o)
                0x0000000010005130                _sbrk_r
 .text          0x0000000010005154       0x5c /usr/lib/gcc/arm-none-eabi/10.3.1/../../../arm-none-eabi/lib/thumb/v6-m/nofp/libg.a(lib_a-strlen-stub.o)
                0x0000000010005154                strlen
 .text          0x00000000100051b0      0x260 /usr/lib/gcc/arm-none-eabi/10.3.1/../../../arm-none-eabi/lib/thumb/v6-m/nofp/libg.a(lib_a-freer.o)
                0x00000000100051b0                _malloc_trim_r
                0x000000001000524c                _free_r
 *(.fini)
 .fini          0x0000000010005410        0x4 /usr/lib/gcc/arm-none-eabi/10.3.1/thumb/v6-m/nofp/crti.o
                0x0000000010005410                _fini
 *fill*         0x0000000010005414        0x4 
 .fini.__stub   0x0000000010005418       0x70 linker stubs
 *crtbegin.o(.ctors)
 *crtbegin?.o(.ctors)
 *(EXCLUDE_FILE(*crtend.o *crtend?.o) .ctors)
 *(SORT_BY_NAME(.ctors.*))
 *(.ctors)
 *crtbegin.o(.dtors)
 *crtbegin?.o(.dtors)
 *(EXCLUDE_FILE(*crtend.o *crtend?.o) .dtors)
 *(SORT_BY_NAME(.dtors.*))
 *(.dtors)
                0x0000000010005488                . = ALIGN (0x4)
                0x0000000010005488                PROVIDE (__preinit_array_start = .)
 *(SORT_BY_NAME(.preinit_array.*))
 .preinit_array.00100
                0x0000000010005488        0x4 CMakeFiles/pico-invrerter.dir/_deps/pico_sdk-src/src/rp2_common/pico_runtime_init/runtime_init.c.obj
                0x0000000010005488                __pre_init_runtime_init_early_resets
 .preinit_array.00101
                0x000000001000548c        0x4 CMakeFiles/pico-invrerter.dir/_deps/pico_sdk-src/src/rp2_common/pico_runtime_init/runtime_init.c.obj
                0x000000001000548c                __pre_init_runtime_init_usb_power_down
 .preinit_array.00275
                0x0000000010005490        0x4 CMakeFiles/pico-invrerter.dir/_deps/pico_sdk-src/src/rp2_common/pico_bit_ops/bit_ops_aeabi.S.obj
 .preinit_array.00300
                0x0000000010005494        0x4 CMakeFiles/pico-invrerter.dir/_deps/pico_sdk-src/src/rp2_common/pico_mem_ops/mem_ops_aeabi.S.obj
 .preinit_array.00350
                0x0000000010005498        0x4 CMakeFiles/pico-invrerter.dir/_deps/pico_sdk-src/src/rp2_common/pico_double/double_aeabi_rp2040.S.obj
 .preinit_array.00350
                0x000000001000549c        0x4 CMakeFiles/pico-invrerter.dir/_deps/pico_sdk-src/src/rp2_common/pico_float/float_aeabi_rp2040.S.obj
 .preinit_array.00500
                0x00000000100054a0        0x4 CMakeFiles/pico-invrerter.dir/_deps/pico_sdk-src/src/rp2_common/pico_runtime_init/runtime_init.c.obj
                0x00000000100054a0                __pre_init_runtime_init_clocks
 .preinit_array.00600
                0x00000000100054a4        0x4 CMakeFiles/pico-invrerter.dir/_deps/pico_sdk-src/src/rp2_common/pico_runtime_init/runtime_init.c.obj
                0x00000000100054a4                __pre_init_runtime_init_post_clock_resets
 .preinit_array.00700
                0x00000000100054a8        0x4 CMakeFiles/pico-invrerter.dir/_deps/pico_sdk-src/src/rp2_common/pico_runtime_init/runtime_init.c.obj
                0x00000000100054a8                __pre_init_runtime_init_rp2040_gpio_ie_disable
 .preinit_array.01000
                0x00000000100054ac        0x4 CMakeFiles/pico-invrerter.dir/_deps/pico_sdk-src/src/rp2_common/pico_runtime_init/runtime_init.c.obj
                0x00000000100054ac                __pre_init_runtime_init_spin_locks_reset
 .preinit_array.01100
                0x00000000100054b0        0x4 CMakeFiles/pico-invrerter.dir/_deps/pico_sdk-src/src/common/pico_sync/mutex.c.obj
                0x00000000100054b0                __pre_init_runtime_init_mutex
 .preinit_array.10080
                0x00000000100054b4        0x4 CMakeFiles/pico-invrerter.dir/_deps/pico_sdk-src/src/rp2_common/pico_runtime_init/runtime_init.c.obj
                0x00000000100054b4                __pre_init_runtime_init_install_ram_vector_table
 .preinit_array.11000
                0x00000000100054b8        0x4 CMakeFiles/pico-invrerter.dir/_deps/pico_sdk-src/src/common/pico_time/time.c.obj
                0x00000000100054b8                __pre_init_runtime_init_default_alarm_pool
 .preinit_array.YYYYY
                0x00000000100054bc        0x4 CMakeFiles/pico-invrerter.dir/_deps/pico_sdk-src/src/rp2_common/pico_runtime/runtime.c.obj
                0x00000000100054bc                __pre_init_first_per_core_initializer
 .preinit_array.ZZZZZ.01200
                0x00000000100054c0        0x4 CMakeFiles/pico-invrerter.dir/_deps/pico_sdk-src/src/rp2_common/hardware_irq/irq.c.obj
                0x00000000100054c0                __pre_init_runtime_init_per_core_irq_priorities
 *(.preinit_array)
                0x00000000100054c4                PROVIDE (__preinit_array_end = .)
                0x00000000100054c4                . = ALIGN (0x4)
                0x00000000100054c4                PROVIDE (__init_array_start = .)
 *(SORT_BY_NAME(.init_array.*))
 *(.init_array)
 .init_array    0x00000000100054c4        0x4 /usr/lib/gcc/arm-none-eabi/10.3.1/thumb/v6-m/nofp/crtbegin.o
                0x00000000100054c8                PROVIDE (__init_array_end = .)
                0x00000000100054c8                . = ALIGN (0x4)
                0x00000000100054c8                PROVIDE (__fini_array_start = .)
 *(SORT_BY_NAME(.fini_array.*))
 *(.fini_array)
                0x00000000100054c8                PROVIDE (__fini_array_end = .)
 *(.eh_frame*)
 .eh_frame      0x00000000100054c8        0x0 /usr/lib/gcc/arm-none-eabi/10.3.1/thumb/v6-m/nofp/crtbegin.o
                0x00000000100054c8                . = ALIGN (0x4)

.glue_7         0x00000000100054c8        0x0
 .glue_7        0x00000000100054c8        0x0 linker stubs

.glue_7t        0x00000000100054c8        0x0
 .glue_7t       0x00000000100054c8        0x0 linker stubs

.vfp11_veneer   0x00000000100054c8        0x0
 .vfp11_veneer  0x00000000100054c8        0x0 linker stubs

.v4_bx          0x00000000100054c8        0x0
 .v4_bx         0x00000000100054c8        0x0 linker stubs

.iplt           0x00000000100054c8        0x0
 .iplt          0x00000000100054c8        0x0 /usr/lib/gcc/arm-none-eabi/10.3.1/thumb/v6-m/nofp/crtbegin.o

.rodata         0x00000000100054c8     0xc8b8
 *(EXCLUDE_FILE(*libm.a: *libc.a:*lib_a-mem*.o *libgcc.a:) .rodata*)
 .rodata.gImage_mark
                0x00000000100054c8     0xafc8 CMakeFiles/pico-invrerter.dir/main.c.obj
                0x00000000100054c8                gImage_mark
 .rodata.panic.str1.4
                0x0000000010010490       0x12 CMakeFiles/pico-invrerter.dir/_deps/pico_sdk-src/src/rp2_common/pico_platform_panic/panic.c.obj
 *fill*         0x00000000100104a2        0x2 
 .rodata.make_j_16.str1.4
                0x00000000100104a4       0x84 CMakeFiles/pico-invrerter.dir/_deps/pico_sdk-src/src/rp2_common/hardware_irq/irq.c.obj
 .rodata.irq_set_exclusive_handler.str1.4
                0x0000000010010528       0x36 CMakeFiles/pico-invrerter.dir/_deps/pico_sdk-src/src/rp2_common/hardware_irq/irq.c.obj
 *fill*         0x000000001001055e        0x2 
 .rodata.__func__.6
                0x0000000010010560       0x1a CMakeFiles/pico-invrerter.dir/_deps/pico_sdk-src/src/rp2_common/hardware_irq/irq.c.obj
 *fill*         0x000000001001057a        0x2 
 .rodata.runtime_init_mutex.str1.4
                0x000000001001057c       0x6f CMakeFiles/pico-invrerter.dir/_deps/pico_sdk-src/src/common/pico_sync/mutex.c.obj
 *fill*         0x00000000100105eb        0x1 
 .rodata.str1.4
                0x00000000100105ec       0x51 CMakeFiles/pico-invrerter.dir/_deps/pico_sdk-src/src/common/pico_sync/mutex.c.obj
 *fill*         0x000000001001063d        0x3 
 .rodata.__func__.1
                0x0000000010010640        0xb CMakeFiles/pico-invrerter.dir/_deps/pico_sdk-src/src/common/pico_sync/mutex.c.obj
 *fill*         0x000000001001064b        0x1 
 .rodata.__func__.3
                0x000000001001064c       0x18 CMakeFiles/pico-invrerter.dir/_deps/pico_sdk-src/src/common/pico_sync/mutex.c.obj
 .rodata.__func__.6
                0x0000000010010664       0x13 CMakeFiles/pico-invrerter.dir/_deps/pico_sdk-src/src/common/pico_sync/mutex.c.obj
 *fill*         0x0000000010010677        0x1 
 .rodata.alarm_pool_irq_handler.str1.4
                0x0000000010010678       0x7a CMakeFiles/pico-invrerter.dir/_deps/pico_sdk-src/src/common/pico_time/time.c.obj
 *fill*         0x00000000100106f2        0x2 
 .rodata.alarm_pool_get_default.str1.4
                0x00000000100106f4       0x21 CMakeFiles/pico-invrerter.dir/_deps/pico_sdk-src/src/common/pico_time/time.c.obj
 *fill*         0x0000000010010715        0x3 
 .rodata.sleep_until.str1.4
                0x0000000010010718       0x4d CMakeFiles/pico-invrerter.dir/_deps/pico_sdk-src/src/common/pico_time/time.c.obj
 *fill*         0x0000000010010765        0x3 
 .rodata.__func__.1
                0x0000000010010768       0x17 CMakeFiles/pico-invrerter.dir/_deps/pico_sdk-src/src/common/pico_time/time.c.obj
 *fill*         0x000000001001077f        0x1 
 .rodata.__func__.2
                0x0000000010010780       0x17 CMakeFiles/pico-invrerter.dir/_deps/pico_sdk-src/src/common/pico_time/time.c.obj
 *fill*         0x0000000010010797        0x1 
 .rodata.timer_hardware_alarm_claim.str1.4
                0x0000000010010798       0x22 CMakeFiles/pico-invrerter.dir/_deps/pico_sdk-src/src/rp2_common/hardware_timer/timer.c.obj
 *fill*         0x00000000100107ba        0x2 
 .rodata.pll_init.str1.4
                0x00000000100107bc      0x128 CMakeFiles/pico-invrerter.dir/_deps/pico_sdk-src/src/rp2_common/hardware_pll/pll.c.obj
 .rodata.__func__.0
                0x00000000100108e4        0x9 CMakeFiles/pico-invrerter.dir/_deps/pico_sdk-src/src/rp2_common/hardware_pll/pll.c.obj
 *fill*         0x00000000100108ed        0x3 
 .rodata.__aeabi_double_init.str1.4
                0x00000000100108f0       0xaa CMakeFiles/pico-invrerter.dir/_deps/pico_sdk-src/src/rp2_common/pico_double/double_init_rom_rp2040.c.obj
 *fill*         0x000000001001099a        0x2 
 .rodata.__func__.0
                0x000000001001099c       0x14 CMakeFiles/pico-invrerter.dir/_deps/pico_sdk-src/src/rp2_common/pico_double/double_init_rom_rp2040.c.obj
 .rodata.__aeabi_float_init.str1.4
                0x00000000100109b0       0x98 CMakeFiles/pico-invrerter.dir/_deps/pico_sdk-src/src/rp2_common/pico_float/float_init_rom_rp2040.c.obj
                                         0x9c (size before relaxing)
 .rodata.__func__.0
                0x0000000010010a48       0x13 CMakeFiles/pico-invrerter.dir/_deps/pico_sdk-src/src/rp2_common/pico_float/float_init_rom_rp2040.c.obj
 *fill*         0x0000000010010a5b        0x1 
 .rodata.__wrap_malloc.str1.4
                0x0000000010010a5c        0xe CMakeFiles/pico-invrerter.dir/_deps/pico_sdk-src/src/rp2_common/pico_malloc/malloc.c.obj
 *fill*         0x0000000010010a6a        0x2 
 .rodata.str1.4
                0x0000000010010a6c       0x34 CMakeFiles/pico-invrerter.dir/_deps/pico_sdk-src/src/rp2_common/pico_standard_binary_info/standard_binary_info.c.obj
 .rodata.__bi_26
                0x0000000010010aa0        0xc CMakeFiles/pico-invrerter.dir/_deps/pico_sdk-src/src/rp2_common/pico_standard_binary_info/standard_binary_info.c.obj
 .rodata.__bi_34
                0x0000000010010aac        0xc CMakeFiles/pico-invrerter.dir/_deps/pico_sdk-src/src/rp2_common/pico_standard_binary_info/standard_binary_info.c.obj
 .rodata.__bi_42
                0x0000000010010ab8        0xc CMakeFiles/pico-invrerter.dir/_deps/pico_sdk-src/src/rp2_common/pico_standard_binary_info/standard_binary_info.c.obj
 .rodata.__bi_48
                0x0000000010010ac4        0xc CMakeFiles/pico-invrerter.dir/_deps/pico_sdk-src/src/rp2_common/pico_standard_binary_info/standard_binary_info.c.obj
 .rodata.__bi_54
                0x0000000010010ad0        0xc CMakeFiles/pico-invrerter.dir/_deps/pico_sdk-src/src/rp2_common/pico_standard_binary_info/standard_binary_info.c.obj
 .rodata.__bi_84
                0x0000000010010adc        0xc CMakeFiles/pico-invrerter.dir/_deps/pico_sdk-src/src/rp2_common/pico_standard_binary_info/standard_binary_info.c.obj
 .rodata._ftoa.str1.4
                0x0000000010010ae8       0x15 CMakeFiles/pico-invrerter.dir/_deps/pico_sdk-src/src/rp2_common/pico_printf/printf.c.obj
 *fill*         0x0000000010010afd        0x3 
 .rodata._vsnprintf
                0x0000000010010b00      0x1e0 CMakeFiles/pico-invrerter.dir/_deps/pico_sdk-src/src/rp2_common/pico_printf/printf.c.obj
 .rodata.pow10.0
                0x0000000010010ce0       0x50 CMakeFiles/pico-invrerter.dir/_deps/pico_sdk-src/src/rp2_common/pico_printf/printf.c.obj
 .rodata.__assert_func.str1.4
                0x0000000010010d30       0x3f CMakeFiles/pico-invrerter.dir/_deps/pico_sdk-src/src/rp2_common/pico_clib_interface/newlib_interface.c.obj
                                         0x43 (size before relaxing)
 *fill*         0x0000000010010d6f        0x1 
 .rodata.crlf_str.0
                0x0000000010010d70        0x2 CMakeFiles/pico-invrerter.dir/_deps/pico_sdk-src/src/rp2_common/pico_stdio/stdio.c.obj
 *fill*         0x0000000010010d72        0x2 
 .rodata.multicore_lockout_start_block_until.str1.4
                0x0000000010010d74       0x74 CMakeFiles/pico-invrerter.dir/_deps/pico_sdk-src/src/rp2_common/pico_multicore/multicore.c.obj
 .rodata.multicore_launch_core1_with_stack.str1.4
                0x0000000010010de8       0x19 CMakeFiles/pico-invrerter.dir/_deps/pico_sdk-src/src/rp2_common/pico_multicore/multicore.c.obj
 *fill*         0x0000000010010e01        0x3 
 .rodata.__func__.2
                0x0000000010010e04       0x22 CMakeFiles/pico-invrerter.dir/_deps/pico_sdk-src/src/rp2_common/pico_multicore/multicore.c.obj
 *fill*         0x0000000010010e26        0x2 
 .rodata.Paint_DrawPoint.str1.4
                0x0000000010010e28       0x49 lcd/Pico_code/Pico_code/c/lib/GUI/libGUI.a(GUI_Paint.c.obj)
 *fill*         0x0000000010010e71        0x3 
 .rodata.Paint_DrawNum.str1.4
                0x0000000010010e74        0x6 lcd/Pico_code/Pico_code/c/lib/GUI/libGUI.a(GUI_Paint.c.obj)
 *fill*         0x0000000010010e7a        0x2 
 .rodata        0x0000000010010e7c      0xed8 lcd/Pico_code/Pico_code/c/lib/Fonts/libFonts.a(font20.c.obj)
                0x0000000010010e7c                Font20_Table
 .rodata.DEV_Module_Init.str1.4
                0x0000000010011d54       0x15 lcd/Pico_code/Pico_code/c/lib/Config/libConfig.a(DEV_Config.c.obj)
 *fill*         0x0000000010011d69        0x3 
 .rodata.DEV_SET_PWM.str1.4
                0x0000000010011d6c       0x14 lcd/Pico_code/Pico_code/c/lib/Config/libConfig.a(DEV_Config.c.obj)
                0x0000000010011d80                . = ALIGN (0x4)
 *(SORT_BY_ALIGNMENT(SORT_BY_NAME(.flashdata*)))
                0x0000000010011d80                . = ALIGN (0x4)

.ARM.extab
 *(.ARM.extab* .gnu.linkonce.armextab.*)
                0x0000000010011d80                __exidx_start = .

.ARM.exidx
 *(.ARM.exidx* .gnu.linkonce.armexidx.*)
                0x0000000010011d80                __exidx_end = .
                0x0000000010011d80                . = ALIGN (0x4)
                0x0000000010011d80                __binary_info_start = .

.binary_info    0x0000000010011d80       0x18
 *(.binary_info.keep.*)
 .binary_info.keep.__bi_ptr26
                0x0000000010011d80        0x4 CMakeFiles/pico-invrerter.dir/_deps/pico_sdk-src/src/rp2_common/pico_standard_binary_info/standard_binary_info.c.obj
 .binary_info.keep.__bi_ptr34
                0x0000000010011d84        0x4 CMakeFiles/pico-invrerter.dir/_deps/pico_sdk-src/src/rp2_common/pico_standard_binary_info/standard_binary_info.c.obj
 .binary_info.keep.__bi_ptr42
                0x0000000010011d88        0x4 CMakeFiles/pico-invrerter.dir/_deps/pico_sdk-src/src/rp2_common/pico_standard_binary_info/standard_binary_info.c.obj
 .binary_info.keep.__bi_ptr48
                0x0000000010011d8c        0x4 CMakeFiles/pico-invrerter.dir/_deps/pico_sdk-src/src/rp2_common/pico_standard_binary_info/standard_binary_info.c.obj
 .binary_info.keep.__bi_ptr54
                0x0000000010011d90        0x4 CMakeFiles/pico-invrerter.dir/_deps/pico_sdk-src/src/rp2_common/pico_standard_binary_info/standard_binary_info.c.obj
 .binary_info.keep.__bi_ptr84
                0x0000000010011d94        0x4 CMakeFiles/pico-invrerter.dir/_deps/pico_sdk-src/src/rp2_common/pico_standard_binary_info/standard_binary_info.c.obj
 *(.binary_info.*)
                0x0000000010011d98                __binary_info_end = .

.rel.dyn        0x0000000010011d98        0x0
 .rel.iplt      0x0000000010011d98        0x0 /usr/lib/gcc/arm-none-eabi/10.3.1/thumb/v6-m/nofp/crtbegin.o
                0x0000000010011d98                . = ALIGN (0x4)

.ram_vector_table
                0x0000000020000000       0xc0
 *(.ram_vector_table)
 .ram_vector_table
                0x0000000020000000       0xc0 CMakeFiles/pico-invrerter.dir/_deps/pico_sdk-src/src/rp2_common/pico_runtime_init/runtime_init.c.obj
                0x0000000020000000                ram_vector_table

.uninitialized_data
                0x00000000200000c0        0x0
                0x00000000200000c0                . = ALIGN (0x4)
 *(.uninitialized_data*)

.data           0x00000000200000c0      0xad8 load address 0x0000000010011d98
                0x00000000200000c0                __data_start__ = .
 *(vtable)
 *(.time_critical*)
 .time_critical.mutex_enter_blocking
                0x00000000200000c0       0x48 CMakeFiles/pico-invrerter.dir/_deps/pico_sdk-src/src/common/pico_sync/mutex.c.obj
                0x00000000200000c0                mutex_enter_blocking
 .time_critical.mutex_try_enter
                0x0000000020000108       0x46 CMakeFiles/pico-invrerter.dir/_deps/pico_sdk-src/src/common/pico_sync/mutex.c.obj
                0x0000000020000108                mutex_try_enter
 *fill*         0x000000002000014e        0x2 
 .time_critical.mutex_enter_block_until
                0x0000000020000150       0x8c CMakeFiles/pico-invrerter.dir/_deps/pico_sdk-src/src/common/pico_sync/mutex.c.obj
                0x0000000020000150                mutex_enter_block_until
 .time_critical.mutex_try_enter_block_until
                0x00000000200001dc       0x34 CMakeFiles/pico-invrerter.dir/_deps/pico_sdk-src/src/common/pico_sync/mutex.c.obj
                0x00000000200001dc                mutex_try_enter_block_until
 .time_critical.mutex_exit
                0x0000000020000210       0x4c CMakeFiles/pico-invrerter.dir/_deps/pico_sdk-src/src/common/pico_sync/mutex.c.obj
                0x0000000020000210                mutex_exit
 .time_critical.spi_write_blocking
                0x000000002000025c       0x3a CMakeFiles/pico-invrerter.dir/_deps/pico_sdk-src/src/rp2_common/hardware_spi/spi.c.obj
                0x000000002000025c                spi_write_blocking
 .time_critical.spi_write16_blocking
                0x0000000020000296       0x3c CMakeFiles/pico-invrerter.dir/_deps/pico_sdk-src/src/rp2_common/hardware_spi/spi.c.obj
                0x0000000020000296                spi_write16_blocking
 *(.text*)
 *fill*         0x00000000200002d2        0x2 
 .text          0x00000000200002d4        0x4 /usr/lib/gcc/arm-none-eabi/10.3.1/thumb/v6-m/nofp/libgcc.a(_dvmd_tls.o)
                0x00000000200002d4                __aeabi_ldiv0
                0x00000000200002d4                __aeabi_idiv0
 .text.__stub   0x00000000200002d8       0x20 linker stubs
                0x00000000200002f8                . = ALIGN (0x4)
 *(.rodata*)
                0x00000000200002f8                . = ALIGN (0x4)
 *(.data*)
 .data.sinfeq   0x00000000200002f8        0x4 CMakeFiles/pico-invrerter.dir/main.c.obj
                0x00000000200002f8                sinfeq
 .data.step     0x00000000200002fc        0x4 CMakeFiles/pico-invrerter.dir/main.c.obj
                0x00000000200002fc                step
 .data.striped_spin_lock_num
                0x0000000020000300        0x1 CMakeFiles/pico-invrerter.dir/_deps/pico_sdk-src/src/rp2_common/hardware_sync/sync.c.obj
 *fill*         0x0000000020000301        0x3 
 .data.default_alarm_pool
                0x0000000020000304       0x18 CMakeFiles/pico-invrerter.dir/_deps/pico_sdk-src/src/common/pico_time/time.c.obj
 *fill*         0x000000002000031c        0x4 
 .data.aeabi_bits_funcs
                0x0000000020000320       0x10 CMakeFiles/pico-invrerter.dir/_deps/pico_sdk-src/src/rp2_common/pico_bit_ops/bit_ops_aeabi.S.obj
                0x0000000020000320                aeabi_bits_funcs
                0x0000000020000330                aeabi_bits_funcs_end
 .data.aeabi_mem_funcs
                0x0000000020000330       0x10 CMakeFiles/pico-invrerter.dir/_deps/pico_sdk-src/src/rp2_common/pico_mem_ops/mem_ops_aeabi.S.obj
                0x0000000020000330                aeabi_mem_funcs
                0x0000000020000340                aeabi_mem_funcs_end
 .data          0x0000000020000340        0x8 lcd/Pico_code/Pico_code/c/lib/Fonts/libFonts.a(font20.c.obj)
                0x0000000020000340                Font20
 .data          0x0000000020000348      0x430 /usr/lib/gcc/arm-none-eabi/10.3.1/../../../arm-none-eabi/lib/thumb/v6-m/nofp/libg.a(lib_a-impure.o)
                0x0000000020000348                _impure_ptr
 .data          0x0000000020000778      0x410 /usr/lib/gcc/arm-none-eabi/10.3.1/../../../arm-none-eabi/lib/thumb/v6-m/nofp/libg.a(lib_a-mallocr.o)
                0x0000000020000778                __malloc_sbrk_base
                0x000000002000077c                __malloc_trim_threshold
                0x0000000020000780                __malloc_av_
                0x0000000020000b88                . = ALIGN (0x4)
 *(.after_data.*)
                0x0000000020000b88                . = ALIGN (0x4)
                0x0000000020000b88                PROVIDE (__mutex_array_start = .)
 *(SORT_BY_NAME(.mutex_array.*))
 *(.mutex_array)
 .mutex_array   0x0000000020000b88        0x8 CMakeFiles/pico-invrerter.dir/_deps/pico_sdk-src/src/rp2_common/pico_malloc/malloc.c.obj
 .mutex_array   0x0000000020000b90        0x8 CMakeFiles/pico-invrerter.dir/_deps/pico_sdk-src/src/rp2_common/pico_stdio/stdio.c.obj
                0x0000000020000b98                PROVIDE (__mutex_array_end = .)
                0x0000000020000b98                . = ALIGN (0x4)
 *(.jcr)
                0x0000000020000b98                . = ALIGN (0x4)

.tm_clone_table
                0x0000000020000b98        0x0 load address 0x0000000010012870
 .tm_clone_table
                0x0000000020000b98        0x0 /usr/lib/gcc/arm-none-eabi/10.3.1/thumb/v6-m/nofp/crtbegin.o
 .tm_clone_table
                0x0000000020000b98        0x0 /usr/lib/gcc/arm-none-eabi/10.3.1/thumb/v6-m/nofp/crtend.o

.igot.plt       0x0000000020000b98        0x0 load address 0x0000000010012870
 .igot.plt      0x0000000020000b98        0x0 /usr/lib/gcc/arm-none-eabi/10.3.1/thumb/v6-m/nofp/crtbegin.o

.tdata          0x0000000020000b98        0x0 load address 0x0000000010012870
                0x0000000020000b98                . = ALIGN (0x4)
 *(.tdata .tdata.* .gnu.linkonce.td.*)
                0x0000000020000b98                __tdata_end = .
                0x0000000020000b98                PROVIDE (__data_end__ = .)
                0x0000000010011d98                __etext = LOADADDR (.data)

.tbss           0x0000000020000b98        0x0 load address 0x0000000010012870
                0x0000000020000b98                . = ALIGN (0x4)
                0x0000000020000b98                __bss_start__ = .
                0x0000000020000b98                __tls_base = .
 *(.tbss .tbss.* .gnu.linkonce.tb.*)
 *(.tcommon)
                0x0000000020000b98                __tls_end = .

.bss            0x0000000020000b98      0x45c load address 0x0000000010012870
                0x0000000020000b98                . = ALIGN (0x4)
                0x0000000020000b98                __tbss_end = .
 *(SORT_BY_ALIGNMENT(SORT_BY_NAME(.bss*)))
 .bss.default_alarm_pool_entries
                0x0000000020000b98      0x180 CMakeFiles/pico-invrerter.dir/_deps/pico_sdk-src/src/common/pico_time/time.c.obj
 .bss           0x0000000020000d18       0x1c /usr/lib/gcc/arm-none-eabi/10.3.1/thumb/v6-m/nofp/crtbegin.o
 .bss           0x0000000020000d34       0x34 /usr/lib/gcc/arm-none-eabi/10.3.1/../../../arm-none-eabi/lib/thumb/v6-m/nofp/libg.a(lib_a-mallocr.o)
                0x0000000020000d34                __malloc_top_pad
                0x0000000020000d38                __malloc_current_mallinfo
                0x0000000020000d60                __malloc_max_sbrked_mem
                0x0000000020000d64                __malloc_max_total_mem
 .bss           0x0000000020000d68        0x4 /usr/lib/gcc/arm-none-eabi/10.3.1/../../../arm-none-eabi/lib/thumb/v6-m/nofp/libg.a(lib_a-reent.o)
                0x0000000020000d68                errno
 .bss.LCD_1IN3  0x0000000020000d6c        0x6 lcd/Pico_code/Pico_code/c/lib/LCD/libLCD.a(LCD_1in3.c.obj)
                0x0000000020000d6c                LCD_1IN3
 *fill*         0x0000000020000d72        0x2 
 .bss.Paint     0x0000000020000d74       0x18 lcd/Pico_code/Pico_code/c/lib/GUI/libGUI.a(GUI_Paint.c.obj)
                0x0000000020000d74                Paint
 .bss.buff      0x0000000020000d8c        0xa CMakeFiles/pico-invrerter.dir/main.c.obj
                0x0000000020000d8c                buff
 *fill*         0x0000000020000d96        0x2 
 .bss.claimed   0x0000000020000d98        0x1 CMakeFiles/pico-invrerter.dir/_deps/pico_sdk-src/src/rp2_common/hardware_timer/timer.c.obj
 *fill*         0x0000000020000d99        0x3 
 .bss.configured_freq
                0x0000000020000d9c       0x28 CMakeFiles/pico-invrerter.dir/_deps/pico_sdk-src/src/rp2_common/hardware_clocks/clocks.c.obj
 .bss.drivers   0x0000000020000dc4        0x4 CMakeFiles/pico-invrerter.dir/_deps/pico_sdk-src/src/rp2_common/pico_stdio/stdio.c.obj
 .bss.filter    0x0000000020000dc8        0x4 CMakeFiles/pico-invrerter.dir/_deps/pico_sdk-src/src/rp2_common/pico_stdio/stdio.c.obj
 .bss.heap_end.0
                0x0000000020000dcc        0x4 CMakeFiles/pico-invrerter.dir/_deps/pico_sdk-src/src/rp2_common/pico_clib_interface/newlib_interface.c.obj
 .bss.pools     0x0000000020000dd0       0x10 CMakeFiles/pico-invrerter.dir/_deps/pico_sdk-src/src/common/pico_time/time.c.obj
 .bss.sd_table  0x0000000020000de0      0x100 CMakeFiles/pico-invrerter.dir/_deps/pico_sdk-src/src/rp2_common/pico_double/double_init_rom_rp2040.c.obj
                0x0000000020000de0                sd_table
 .bss.sf_clz_func
                0x0000000020000ee0        0x4 CMakeFiles/pico-invrerter.dir/_deps/pico_sdk-src/src/rp2_common/pico_double/double_init_rom_rp2040.c.obj
                0x0000000020000ee0                sf_clz_func
 .bss.sf_table  0x0000000020000ee4      0x100 CMakeFiles/pico-invrerter.dir/_deps/pico_sdk-src/src/rp2_common/pico_float/float_init_rom_rp2040.c.obj
                0x0000000020000ee4                sf_table
 .bss.sleep_notifier
                0x0000000020000fe4        0x4 CMakeFiles/pico-invrerter.dir/_deps/pico_sdk-src/src/common/pico_time/time.c.obj
 .bss.slice_num
                0x0000000020000fe8        0x4 lcd/Pico_code/Pico_code/c/lib/Config/libConfig.a(DEV_Config.c.obj)
                0x0000000020000fe8                slice_num
 .bss.bouncec   0x0000000020000fec        0x1 CMakeFiles/pico-invrerter.dir/main.c.obj
                0x0000000020000fec                bouncec
 .bss.bouncel   0x0000000020000fed        0x1 CMakeFiles/pico-invrerter.dir/main.c.obj
                0x0000000020000fed                bouncel
 .bss.bouncer   0x0000000020000fee        0x1 CMakeFiles/pico-invrerter.dir/main.c.obj
                0x0000000020000fee                bouncer
 .bss.enable    0x0000000020000fef        0x1 CMakeFiles/pico-invrerter.dir/main.c.obj
                0x0000000020000fef                enable
 .bss.stup      0x0000000020000ff0        0x1 CMakeFiles/pico-invrerter.dir/main.c.obj
                0x0000000020000ff0                stup
 *(COMMON)
                0x0000000020000ff4                . = ALIGN (0x4)
 *fill*         0x0000000020000ff1        0x3 
                0x0000000020000ff4                __bss_end__ = .

.heap           0x0000000020000ff4    0x3f00c load address 0x0000000010012870
                0x0000000020000ff4                __end__ = .
                0x0000000020000ff4                end = __end__
 *(.heap*)
 .heap          0x0000000020000ff4      0x800 CMakeFiles/pico-invrerter.dir/_deps/pico_sdk-src/src/rp2_common/pico_crt0/crt0.S.obj
                0x0000000020040000                . = (ORIGIN (RAM) + LENGTH (RAM))
 *fill*         0x00000000200017f4    0x3e80c 
                0x0000000020040000                __HeapLimit = .

.scratch_x      0x0000000020040000        0x0 load address 0x0000000010012870
                0x0000000020040000                __scratch_x_start__ = .
 *(.scratch_x.*)
                0x0000000020040000                . = ALIGN (0x4)
                0x0000000020040000                __scratch_x_end__ = .
                0x0000000010012870                __scratch_x_source__ = LOADADDR (.scratch_x)

.scratch_y      0x0000000020041000        0x0 load address 0x0000000010012870
                0x0000000020041000                __scratch_y_start__ = .
 *(.scratch_y.*)
                0x0000000020041000                . = ALIGN (0x4)
                0x0000000020041000                __scratch_y_end__ = .
                0x0000000010012870                __scratch_y_source__ = LOADADDR (.scratch_y)

.stack1_dummy   0x0000000020040000      0x800
 *(.stack1*)
 .stack1        0x0000000020040000      0x800 CMakeFiles/pico-invrerter.dir/_deps/pico_sdk-src/src/rp2_common/pico_multicore/multicore.c.obj

.stack_dummy    0x0000000020041000      0x800
 *(.stack*)
 .stack         0x0000000020041000      0x800 CMakeFiles/pico-invrerter.dir/_deps/pico_sdk-src/src/rp2_common/pico_crt0/crt0.S.obj

.flash_end      0x0000000010012870        0x0
 *(.embedded_end_block*)
                0x0000000010012870                PROVIDE (__flash_binary_end = .)
                0x0000000020040000                __StackLimit = (ORIGIN (RAM) + LENGTH (RAM))
                0x0000000020041000                __StackOneTop = (ORIGIN (SCRATCH_X) + LENGTH (SCRATCH_X))
                0x0000000020042000                __StackTop = (ORIGIN (SCRATCH_Y) + LENGTH (SCRATCH_Y))
                0x0000000020040800                __StackOneBottom = (__StackOneTop - SIZEOF (.stack1_dummy))
                0x0000000020041800                __StackBottom = (__StackTop - SIZEOF (.stack_dummy))
                0x0000000020042000                PROVIDE (__stack = __StackTop)
                [!provide]                        PROVIDE (__heap_start = __end__)
                [!provide]                        PROVIDE (__heap_end = __HeapLimit)
                [!provide]                        PROVIDE (__tls_align = MAX (ALIGNOF (.tdata), ALIGNOF (.tbss)))
                [!provide]                        PROVIDE (__tls_size_align = (((__tls_size + __tls_align) - 0x1) & ~ ((__tls_align - 0x1))))
                [!provide]                        PROVIDE (__arm32_tls_tcb_offset = MAX (0x8, __tls_align))
                [!provide]                        PROVIDE (_end = __end__)
                [!provide]                        PROVIDE (__llvm_libc_heap_limit = __HeapLimit)
                0x0000000000000001                ASSERT ((__StackLimit >= __HeapLimit), region RAM overflowed)
                0x0000000000000001                ASSERT (((__binary_info_header_end - __logical_binary_start) <= 0x100), Binary info must be in first 256 bytes of the binary)
LOAD CMakeFiles/pico-invrerter.dir/src/pico_servo.c.obj
LOAD CMakeFiles/pico-invrerter.dir/main.c.obj
LOAD CMakeFiles/pico-invrerter.dir/_deps/pico_sdk-src/src/rp2_common/pico_stdlib/stdlib.c.obj
LOAD CMakeFiles/pico-invrerter.dir/_deps/pico_sdk-src/src/rp2_common/hardware_gpio/gpio.c.obj
LOAD CMakeFiles/pico-invrerter.dir/_deps/pico_sdk-src/src/rp2040/pico_platform/platform.c.obj
LOAD CMakeFiles/pico-invrerter.dir/_deps/pico_sdk-src/src/rp2_common/pico_platform_panic/panic.c.obj
LOAD CMakeFiles/pico-invrerter.dir/_deps/pico_sdk-src/src/common/hardware_claim/claim.c.obj
LOAD CMakeFiles/pico-invrerter.dir/_deps/pico_sdk-src/src/rp2_common/hardware_sync/sync.c.obj
LOAD CMakeFiles/pico-invrerter.dir/_deps/pico_sdk-src/src/rp2_common/hardware_sync_spin_lock/sync_spin_lock.c.obj
LOAD CMakeFiles/pico-invrerter.dir/_deps/pico_sdk-src/src/rp2_common/hardware_irq/irq.c.obj
LOAD CMakeFiles/pico-invrerter.dir/_deps/pico_sdk-src/src/rp2_common/hardware_irq/irq_handler_chain.S.obj
LOAD CMakeFiles/pico-invrerter.dir/_deps/pico_sdk-src/src/common/pico_sync/sem.c.obj
LOAD CMakeFiles/pico-invrerter.dir/_deps/pico_sdk-src/src/common/pico_sync/lock_core.c.obj
LOAD CMakeFiles/pico-invrerter.dir/_deps/pico_sdk-src/src/common/pico_sync/mutex.c.obj
LOAD CMakeFiles/pico-invrerter.dir/_deps/pico_sdk-src/src/common/pico_sync/critical_section.c.obj
LOAD CMakeFiles/pico-invrerter.dir/_deps/pico_sdk-src/src/common/pico_time/time.c.obj
LOAD CMakeFiles/pico-invrerter.dir/_deps/pico_sdk-src/src/common/pico_time/timeout_helper.c.obj
LOAD CMakeFiles/pico-invrerter.dir/_deps/pico_sdk-src/src/rp2_common/hardware_timer/timer.c.obj
LOAD CMakeFiles/pico-invrerter.dir/_deps/pico_sdk-src/src/common/pico_util/datetime.c.obj
LOAD CMakeFiles/pico-invrerter.dir/_deps/pico_sdk-src/src/common/pico_util/pheap.c.obj
LOAD CMakeFiles/pico-invrerter.dir/_deps/pico_sdk-src/src/common/pico_util/queue.c.obj
LOAD CMakeFiles/pico-invrerter.dir/_deps/pico_sdk-src/src/rp2_common/hardware_uart/uart.c.obj
LOAD CMakeFiles/pico-invrerter.dir/_deps/pico_sdk-src/src/rp2_common/hardware_clocks/clocks.c.obj
LOAD CMakeFiles/pico-invrerter.dir/_deps/pico_sdk-src/src/rp2_common/hardware_pll/pll.c.obj
LOAD CMakeFiles/pico-invrerter.dir/_deps/pico_sdk-src/src/rp2_common/hardware_vreg/vreg.c.obj
LOAD CMakeFiles/pico-invrerter.dir/_deps/pico_sdk-src/src/rp2_common/hardware_watchdog/watchdog.c.obj
LOAD CMakeFiles/pico-invrerter.dir/_deps/pico_sdk-src/src/rp2_common/hardware_ticks/ticks.c.obj
LOAD CMakeFiles/pico-invrerter.dir/_deps/pico_sdk-src/src/rp2_common/hardware_xosc/xosc.c.obj
LOAD CMakeFiles/pico-invrerter.dir/_deps/pico_sdk-src/src/rp2_common/hardware_divider/divider.S.obj
LOAD CMakeFiles/pico-invrerter.dir/_deps/pico_sdk-src/src/rp2_common/pico_runtime/runtime.c.obj
LOAD CMakeFiles/pico-invrerter.dir/_deps/pico_sdk-src/src/rp2_common/pico_runtime_init/runtime_init.c.obj
LOAD CMakeFiles/pico-invrerter.dir/_deps/pico_sdk-src/src/rp2_common/pico_runtime_init/runtime_init_clocks.c.obj
LOAD CMakeFiles/pico-invrerter.dir/_deps/pico_sdk-src/src/rp2_common/pico_runtime_init/runtime_init_stack_guard.c.obj
LOAD CMakeFiles/pico-invrerter.dir/_deps/pico_sdk-src/src/rp2_common/pico_bit_ops/bit_ops_aeabi.S.obj
LOAD CMakeFiles/pico-invrerter.dir/_deps/pico_sdk-src/src/rp2_common/pico_bootrom/bootrom.c.obj
LOAD CMakeFiles/pico-invrerter.dir/_deps/pico_sdk-src/src/rp2_common/pico_bootrom/bootrom_lock.c.obj
LOAD CMakeFiles/pico-invrerter.dir/_deps/pico_sdk-src/src/rp2_common/hardware_boot_lock/boot_lock.c.obj
LOAD CMakeFiles/pico-invrerter.dir/_deps/pico_sdk-src/src/rp2_common/pico_divider/divider_hardware.S.obj
LOAD CMakeFiles/pico-invrerter.dir/_deps/pico_sdk-src/src/rp2_common/pico_double/double_aeabi_rp2040.S.obj
LOAD CMakeFiles/pico-invrerter.dir/_deps/pico_sdk-src/src/rp2_common/pico_double/double_init_rom_rp2040.c.obj
LOAD CMakeFiles/pico-invrerter.dir/_deps/pico_sdk-src/src/rp2_common/pico_double/double_math.c.obj
LOAD CMakeFiles/pico-invrerter.dir/_deps/pico_sdk-src/src/rp2_common/pico_double/double_v1_rom_shim_rp2040.S.obj
LOAD CMakeFiles/pico-invrerter.dir/_deps/pico_sdk-src/src/rp2_common/pico_int64_ops/pico_int64_ops_aeabi.S.obj
LOAD CMakeFiles/pico-invrerter.dir/_deps/pico_sdk-src/src/rp2_common/pico_float/float_aeabi_rp2040.S.obj
LOAD CMakeFiles/pico-invrerter.dir/_deps/pico_sdk-src/src/rp2_common/pico_float/float_init_rom_rp2040.c.obj
LOAD CMakeFiles/pico-invrerter.dir/_deps/pico_sdk-src/src/rp2_common/pico_float/float_math.c.obj
LOAD CMakeFiles/pico-invrerter.dir/_deps/pico_sdk-src/src/rp2_common/pico_float/float_v1_rom_shim_rp2040.S.obj
LOAD CMakeFiles/pico-invrerter.dir/_deps/pico_sdk-src/src/rp2_common/pico_malloc/malloc.c.obj
LOAD CMakeFiles/pico-invrerter.dir/_deps/pico_sdk-src/src/rp2_common/pico_mem_ops/mem_ops_aeabi.S.obj
LOAD CMakeFiles/pico-invrerter.dir/_deps/pico_sdk-src/src/rp2_common/pico_atomic/atomic.c.obj
LOAD CMakeFiles/pico-invrerter.dir/_deps/pico_sdk-src/src/rp2_common/pico_cxx_options/new_delete.cpp.obj
LOAD CMakeFiles/pico-invrerter.dir/_deps/pico_sdk-src/src/rp2_common/pico_standard_binary_info/standard_binary_info.c.obj
LOAD CMakeFiles/pico-invrerter.dir/_deps/pico_sdk-src/src/rp2_common/pico_printf/printf.c.obj
LOAD CMakeFiles/pico-invrerter.dir/_deps/pico_sdk-src/src/rp2_common/pico_crt0/crt0.S.obj
LOAD CMakeFiles/pico-invrerter.dir/_deps/pico_sdk-src/src/rp2_common/pico_clib_interface/newlib_interface.c.obj
LOAD CMakeFiles/pico-invrerter.dir/_deps/pico_sdk-src/src/rp2_common/pico_stdio/stdio.c.obj
LOAD CMakeFiles/pico-invrerter.dir/_deps/pico_sdk-src/src/rp2_common/pico_stdio_uart/stdio_uart.c.obj
LOAD CMakeFiles/pico-invrerter.dir/_deps/pico_sdk-src/src/rp2_common/hardware_adc/adc.c.obj
LOAD CMakeFiles/pico-invrerter.dir/_deps/pico_sdk-src/src/rp2_common/hardware_flash/flash.c.obj
LOAD CMakeFiles/pico-invrerter.dir/_deps/pico_sdk-src/src/rp2_common/hardware_dma/dma.c.obj
LOAD CMakeFiles/pico-invrerter.dir/_deps/pico_sdk-src/src/rp2_common/pico_multicore/multicore.c.obj
LOAD CMakeFiles/pico-invrerter.dir/_deps/pico_sdk-src/src/rp2_common/hardware_pio/pio.c.obj
LOAD CMakeFiles/pico-invrerter.dir/_deps/pico_sdk-src/src/rp2_common/hardware_spi/spi.c.obj
LOAD CMakeFiles/pico-invrerter.dir/_deps/pico_sdk-src/src/rp2_common/hardware_i2c/i2c.c.obj
LOAD lcd/Pico_code/Pico_code/c/lib/LCD/libLCD.a
LOAD lcd/Pico_code/Pico_code/c/lib/OLED/libOLED.a
LOAD lcd/Pico_code/Pico_code/c/lib/Infrared/libInfrared.a
LOAD lcd/Pico_code/Pico_code/c/lib/Icm20948/libIcm20948.a
LOAD lcd/Pico_code/Pico_code/c/lib/GUI/libGUI.a
LOAD lcd/Pico_code/Pico_code/c/lib/Fonts/libFonts.a
LOAD lcd/Pico_code/Pico_code/c/lib/Config/libConfig.a
LOAD /tmp/ccY1Q1wx.o
LOAD /usr/lib/gcc/arm-none-eabi/10.3.1/../../../arm-none-eabi/lib/thumb/v6-m/nofp/libstdc++.a
LOAD /usr/lib/gcc/arm-none-eabi/10.3.1/../../../arm-none-eabi/lib/thumb/v6-m/nofp/libm.a
START GROUP
LOAD /usr/lib/gcc/arm-none-eabi/10.3.1/thumb/v6-m/nofp/libgcc.a
LOAD /usr/lib/gcc/arm-none-eabi/10.3.1/../../../arm-none-eabi/lib/thumb/v6-m/nofp/libg.a
LOAD /usr/lib/gcc/arm-none-eabi/10.3.1/../../../arm-none-eabi/lib/thumb/v6-m/nofp/libc.a
END GROUP
START GROUP
LOAD /usr/lib/gcc/arm-none-eabi/10.3.1/thumb/v6-m/nofp/libgcc.a
LOAD /usr/lib/gcc/arm-none-eabi/10.3.1/../../../arm-none-eabi/lib/thumb/v6-m/nofp/libc.a
LOAD /usr/lib/gcc/arm-none-eabi/10.3.1/../../../arm-none-eabi/lib/thumb/v6-m/nofp/libnosys.a
END GROUP
LOAD /usr/lib/gcc/arm-none-eabi/10.3.1/thumb/v6-m/nofp/crtend.o
LOAD /usr/lib/gcc/arm-none-eabi/10.3.1/thumb/v6-m/nofp/crtn.o
OUTPUT(pico-invrerter.elf elf32-littlearm)
LOAD linker stubs

.ARM.attributes
                0x0000000000000000       0x28
 .ARM.attributes
                0x0000000000000000       0x1e /usr/lib/gcc/arm-none-eabi/10.3.1/thumb/v6-m/nofp/crti.o
 .ARM.attributes
                0x000000000000001e       0x2c /usr/lib/gcc/arm-none-eabi/10.3.1/thumb/v6-m/nofp/crtbegin.o
 .ARM.attributes
                0x000000000000004a       0x2c CMakeFiles/pico-invrerter.dir/main.c.obj
 .ARM.attributes
                0x0000000000000076       0x2c CMakeFiles/pico-invrerter.dir/_deps/pico_sdk-src/src/rp2_common/hardware_gpio/gpio.c.obj
 .ARM.attributes
                0x00000000000000a2       0x2c CMakeFiles/pico-invrerter.dir/_deps/pico_sdk-src/src/rp2_common/pico_platform_panic/panic.c.obj
 .ARM.attributes
                0x00000000000000ce       0x2c CMakeFiles/pico-invrerter.dir/_deps/pico_sdk-src/src/common/hardware_claim/claim.c.obj
 .ARM.attributes
                0x00000000000000fa       0x2c CMakeFiles/pico-invrerter.dir/_deps/pico_sdk-src/src/rp2_common/hardware_sync/sync.c.obj
 .ARM.attributes
                0x0000000000000126       0x2c CMakeFiles/pico-invrerter.dir/_deps/pico_sdk-src/src/rp2_common/hardware_sync_spin_lock/sync_spin_lock.c.obj
 .ARM.attributes
                0x0000000000000152       0x2c CMakeFiles/pico-invrerter.dir/_deps/pico_sdk-src/src/rp2_common/hardware_irq/irq.c.obj
 .ARM.attributes
                0x000000000000017e       0x2c CMakeFiles/pico-invrerter.dir/_deps/pico_sdk-src/src/common/pico_sync/lock_core.c.obj
 .ARM.attributes
                0x00000000000001aa       0x2c CMakeFiles/pico-invrerter.dir/_deps/pico_sdk-src/src/common/pico_sync/mutex.c.obj
 .ARM.attributes
                0x00000000000001d6       0x2c CMakeFiles/pico-invrerter.dir/_deps/pico_sdk-src/src/common/pico_time/time.c.obj
 .ARM.attributes
                0x0000000000000202       0x2c CMakeFiles/pico-invrerter.dir/_deps/pico_sdk-src/src/rp2_common/hardware_timer/timer.c.obj
 .ARM.attributes
                0x000000000000022e       0x2c CMakeFiles/pico-invrerter.dir/_deps/pico_sdk-src/src/rp2_common/hardware_clocks/clocks.c.obj
 .ARM.attributes
                0x000000000000025a       0x2c CMakeFiles/pico-invrerter.dir/_deps/pico_sdk-src/src/rp2_common/hardware_pll/pll.c.obj
 .ARM.attributes
                0x0000000000000286       0x2c CMakeFiles/pico-invrerter.dir/_deps/pico_sdk-src/src/rp2_common/hardware_ticks/ticks.c.obj
 .ARM.attributes
                0x00000000000002b2       0x2c CMakeFiles/pico-invrerter.dir/_deps/pico_sdk-src/src/rp2_common/hardware_xosc/xosc.c.obj
 .ARM.attributes
                0x00000000000002de       0x2c CMakeFiles/pico-invrerter.dir/_deps/pico_sdk-src/src/rp2_common/pico_runtime/runtime.c.obj
 .ARM.attributes
                0x000000000000030a       0x2c CMakeFiles/pico-invrerter.dir/_deps/pico_sdk-src/src/rp2_common/pico_runtime_init/runtime_init.c.obj
 .ARM.attributes
                0x0000000000000336       0x2c CMakeFiles/pico-invrerter.dir/_deps/pico_sdk-src/src/rp2_common/pico_runtime_init/runtime_init_clocks.c.obj
 .ARM.attributes
                0x0000000000000362       0x22 CMakeFiles/pico-invrerter.dir/_deps/pico_sdk-src/src/rp2_common/pico_bit_ops/bit_ops_aeabi.S.obj
 .ARM.attributes
                0x0000000000000384       0x2c CMakeFiles/pico-invrerter.dir/_deps/pico_sdk-src/src/rp2_common/pico_bootrom/bootrom.c.obj
 .ARM.attributes
                0x00000000000003b0       0x22 CMakeFiles/pico-invrerter.dir/_deps/pico_sdk-src/src/rp2_common/pico_divider/divider_hardware.S.obj
 .ARM.attributes
                0x00000000000003d2       0x22 CMakeFiles/pico-invrerter.dir/_deps/pico_sdk-src/src/rp2_common/pico_double/double_aeabi_rp2040.S.obj
 .ARM.attributes
                0x00000000000003f4       0x2c CMakeFiles/pico-invrerter.dir/_deps/pico_sdk-src/src/rp2_common/pico_double/double_init_rom_rp2040.c.obj
 .ARM.attributes
                0x0000000000000420       0x2c CMakeFiles/pico-invrerter.dir/_deps/pico_sdk-src/src/rp2_common/pico_double/double_math.c.obj
 .ARM.attributes
                0x000000000000044c       0x22 CMakeFiles/pico-invrerter.dir/_deps/pico_sdk-src/src/rp2_common/pico_double/double_v1_rom_shim_rp2040.S.obj
 .ARM.attributes
                0x000000000000046e       0x22 CMakeFiles/pico-invrerter.dir/_deps/pico_sdk-src/src/rp2_common/pico_int64_ops/pico_int64_ops_aeabi.S.obj
 .ARM.attributes
                0x0000000000000490       0x22 CMakeFiles/pico-invrerter.dir/_deps/pico_sdk-src/src/rp2_common/pico_float/float_aeabi_rp2040.S.obj
 .ARM.attributes
                0x00000000000004b2       0x2c CMakeFiles/pico-invrerter.dir/_deps/pico_sdk-src/src/rp2_common/pico_float/float_init_rom_rp2040.c.obj
 .ARM.attributes
                0x00000000000004de       0x22 CMakeFiles/pico-invrerter.dir/_deps/pico_sdk-src/src/rp2_common/pico_float/float_v1_rom_shim_rp2040.S.obj
 .ARM.attributes
                0x0000000000000500       0x2c CMakeFiles/pico-invrerter.dir/_deps/pico_sdk-src/src/rp2_common/pico_malloc/malloc.c.obj
 .ARM.attributes
                0x000000000000052c       0x22 CMakeFiles/pico-invrerter.dir/_deps/pico_sdk-src/src/rp2_common/pico_mem_ops/mem_ops_aeabi.S.obj
 .ARM.attributes
                0x000000000000054e       0x32 CMakeFiles/pico-invrerter.dir/_deps/pico_sdk-src/src/rp2_common/pico_standard_binary_info/standard_binary_info.c.obj
 .ARM.attributes
                0x0000000000000580       0x2c CMakeFiles/pico-invrerter.dir/_deps/pico_sdk-src/src/rp2_common/pico_printf/printf.c.obj
 .ARM.attributes
                0x00000000000005ac       0x22 CMakeFiles/pico-invrerter.dir/_deps/pico_sdk-src/src/rp2_common/pico_crt0/crt0.S.obj
 .ARM.attributes
                0x00000000000005ce       0x2c CMakeFiles/pico-invrerter.dir/_deps/pico_sdk-src/src/rp2_common/pico_clib_interface/newlib_interface.c.obj
 .ARM.attributes
                0x00000000000005fa       0x2c CMakeFiles/pico-invrerter.dir/_deps/pico_sdk-src/src/rp2_common/pico_stdio/stdio.c.obj
 .ARM.attributes
                0x0000000000000626       0x2c CMakeFiles/pico-invrerter.dir/_deps/pico_sdk-src/src/rp2_common/pico_multicore/multicore.c.obj
 .ARM.attributes
                0x0000000000000652       0x2c CMakeFiles/pico-invrerter.dir/_deps/pico_sdk-src/src/rp2_common/hardware_spi/spi.c.obj
 .ARM.attributes
                0x000000000000067e       0x2c lcd/Pico_code/Pico_code/c/lib/LCD/libLCD.a(LCD_1in3.c.obj)
 .ARM.attributes
                0x00000000000006aa       0x2c lcd/Pico_code/Pico_code/c/lib/GUI/libGUI.a(GUI_Paint.c.obj)
 .ARM.attributes
                0x00000000000006d6       0x32 lcd/Pico_code/Pico_code/c/lib/Fonts/libFonts.a(font20.c.obj)
 .ARM.attributes
                0x0000000000000708       0x2c lcd/Pico_code/Pico_code/c/lib/Config/libConfig.a(DEV_Config.c.obj)
 .ARM.attributes
                0x0000000000000734       0x22 /tmp/ccY1Q1wx.o
 .ARM.attributes
                0x0000000000000756       0x1e /usr/lib/gcc/arm-none-eabi/10.3.1/thumb/v6-m/nofp/libgcc.a(_dvmd_tls.o)
 .ARM.attributes
                0x0000000000000774       0x2c /usr/lib/gcc/arm-none-eabi/10.3.1/../../../arm-none-eabi/lib/thumb/v6-m/nofp/libg.a(lib_a-impure.o)
 .ARM.attributes
                0x00000000000007a0       0x2c /usr/lib/gcc/arm-none-eabi/10.3.1/../../../arm-none-eabi/lib/thumb/v6-m/nofp/libg.a(lib_a-malloc.o)
 .ARM.attributes
                0x00000000000007cc       0x2c /usr/lib/gcc/arm-none-eabi/10.3.1/../../../arm-none-eabi/lib/thumb/v6-m/nofp/libg.a(lib_a-mallocr.o)
 .ARM.attributes
                0x00000000000007f8       0x2c /usr/lib/gcc/arm-none-eabi/10.3.1/../../../arm-none-eabi/lib/thumb/v6-m/nofp/libg.a(lib_a-mlock.o)
 .ARM.attributes
                0x0000000000000824       0x2c /usr/lib/gcc/arm-none-eabi/10.3.1/../../../arm-none-eabi/lib/thumb/v6-m/nofp/libg.a(lib_a-sbrkr.o)
 .ARM.attributes
                0x0000000000000850       0x2c /usr/lib/gcc/arm-none-eabi/10.3.1/../../../arm-none-eabi/lib/thumb/v6-m/nofp/libg.a(lib_a-strlen-stub.o)
 .ARM.attributes
                0x000000000000087c       0x2c /usr/lib/gcc/arm-none-eabi/10.3.1/../../../arm-none-eabi/lib/thumb/v6-m/nofp/libg.a(lib_a-freer.o)
 .ARM.attributes
                0x00000000000008a8       0x2c /usr/lib/gcc/arm-none-eabi/10.3.1/../../../arm-none-eabi/lib/thumb/v6-m/nofp/libg.a(lib_a-reent.o)
 .ARM.attributes
                0x00000000000008d4       0x2c /usr/lib/gcc/arm-none-eabi/10.3.1/thumb/v6-m/nofp/crtend.o

.comment        0x0000000000000000       0x33
 .comment       0x0000000000000000       0x33 /usr/lib/gcc/arm-none-eabi/10.3.1/thumb/v6-m/nofp/crtbegin.o
                                         0x34 (size before relaxing)
 .comment       0x0000000000000033       0x34 CMakeFiles/pico-invrerter.dir/main.c.obj
 .comment       0x0000000000000033       0x34 CMakeFiles/pico-invrerter.dir/_deps/pico_sdk-src/src/rp2_common/hardware_gpio/gpio.c.obj
 .comment       0x0000000000000033       0x34 CMakeFiles/pico-invrerter.dir/_deps/pico_sdk-src/src/rp2_common/pico_platform_panic/panic.c.obj
 .comment       0x0000000000000033       0x34 CMakeFiles/pico-invrerter.dir/_deps/pico_sdk-src/src/common/hardware_claim/claim.c.obj
 .comment       0x0000000000000033       0x34 CMakeFiles/pico-invrerter.dir/_deps/pico_sdk-src/src/rp2_common/hardware_sync/sync.c.obj
 .comment       0x0000000000000033       0x34 CMakeFiles/pico-invrerter.dir/_deps/pico_sdk-src/src/rp2_common/hardware_sync_spin_lock/sync_spin_lock.c.obj
 .comment       0x0000000000000033       0x34 CMakeFiles/pico-invrerter.dir/_deps/pico_sdk-src/src/rp2_common/hardware_irq/irq.c.obj
 .comment       0x0000000000000033       0x34 CMakeFiles/pico-invrerter.dir/_deps/pico_sdk-src/src/common/pico_sync/lock_core.c.obj
 .comment       0x0000000000000033       0x34 CMakeFiles/pico-invrerter.dir/_deps/pico_sdk-src/src/common/pico_sync/mutex.c.obj
 .comment       0x0000000000000033       0x34 CMakeFiles/pico-invrerter.dir/_deps/pico_sdk-src/src/common/pico_time/time.c.obj
 .comment       0x0000000000000033       0x34 CMakeFiles/pico-invrerter.dir/_deps/pico_sdk-src/src/rp2_common/hardware_timer/timer.c.obj
 .comment       0x0000000000000033       0x34 CMakeFiles/pico-invrerter.dir/_deps/pico_sdk-src/src/rp2_common/hardware_clocks/clocks.c.obj
 .comment       0x0000000000000033       0x34 CMakeFiles/pico-invrerter.dir/_deps/pico_sdk-src/src/rp2_common/hardware_pll/pll.c.obj
 .comment       0x0000000000000033       0x34 CMakeFiles/pico-invrerter.dir/_deps/pico_sdk-src/src/rp2_common/hardware_ticks/ticks.c.obj
 .comment       0x0000000000000033       0x34 CMakeFiles/pico-invrerter.dir/_deps/pico_sdk-src/src/rp2_common/hardware_xosc/xosc.c.obj
 .comment       0x0000000000000033       0x34 CMakeFiles/pico-invrerter.dir/_deps/pico_sdk-src/src/rp2_common/pico_runtime/runtime.c.obj
 .comment       0x0000000000000033       0x34 CMakeFiles/pico-invrerter.dir/_deps/pico_sdk-src/src/rp2_common/pico_runtime_init/runtime_init.c.obj
 .comment       0x0000000000000033       0x34 CMakeFiles/pico-invrerter.dir/_deps/pico_sdk-src/src/rp2_common/pico_runtime_init/runtime_init_clocks.c.obj